[START] 2025-10-20 22:03:57 - Target: noop
args[0] = -i
args[1] = -model
args[3] = -test
args[5] = -target
args[7] = -trees
args[9] = -aucJarPath
cmd.getTestDirVal()data/seaquest/noop/test/
test
java.io.FileNotFoundException: test\test_bk.txt (No such file or directory)
	at java.io.FileInputStream.open0(Native Method)
	at java.io.FileInputStream.open(FileInputStream.java:195)
	at java.io.FileInputStream.<init>(FileInputStream.java:138)
	at java.io.FileInputStream.<init>(FileInputStream.java:93)
	at edu.wisc.cs.will.Utils.check_disc.checkflagvalues(check_disc.java:23)
	at edu.wisc.cs.will.Boosting.RDN.RunBoostedRDN.main(RunBoostedRDN.java:515)

% Starting an INFERENCE run of bRDN.
% Running on host: xps-np

% Switching to VarIndicator = uppercase.

% Unset'ing VarIndicator.

Resetting the LazyGroundNthArgumentClauseIndex.

% Calling ILPouterLoop from createRegressionOuterLooper.

% getInputArgWithDefaultValue: args=[data/seaquest/noop/test/test_pos.txt, data/seaquest/noop/test/test_neg.txt, data/seaquest/noop/test/test_bk.txt, data/seaquest/noop/test/test_facts.txt]
%  for N=0: args[N]=data/seaquest/noop/test/test_pos.txt

% getInputArgWithDefaultValue: args=[data/seaquest/noop/test/test_pos.txt, data/seaquest/noop/test/test_neg.txt, data/seaquest/noop/test/test_bk.txt, data/seaquest/noop/test/test_facts.txt]
%  for N=1: args[N]=data/seaquest/noop/test/test_neg.txt

% getInputArgWithDefaultValue: args=[data/seaquest/noop/test/test_pos.txt, data/seaquest/noop/test/test_neg.txt, data/seaquest/noop/test/test_bk.txt, data/seaquest/noop/test/test_facts.txt]
%  for N=2: args[N]=data/seaquest/noop/test/test_bk.txt

% getInputArgWithDefaultValue: args=[data/seaquest/noop/test/test_pos.txt, data/seaquest/noop/test/test_neg.txt, data/seaquest/noop/test/test_bk.txt, data/seaquest/noop/test/test_facts.txt]
%  for N=3: args[N]=data/seaquest/noop/test/test_facts.txt

% Welcome to the WILL ILP/SRL systems.


% Switching to VarIndicator = uppercase.

% Unset'ing VarIndicator.
% Reading background theory from dir: null

% Switching to VarIndicator = uppercase.

***** Warning: % Since this is the first setting of the notation for variables, will keep:
%   variableIndicator = uppercase *****

% [ LazyGroundClauseIndex ]  Building full index for mode/1 with 1 assertions.
% LoadAllModes() called.  Currently loaded modes: []
% [ LazyGroundClauseIndex ]  Building full index for sameAs/2 with 2 assertions.
% [ LazyGroundNthArgumentClauseIndex ]  Argument 1:  Building full index for exp/3.
% [ LazyGroundNthArgumentClauseIndex ]  Argument 0:  Building full index for log/3.
% LoadAllLibraries() called.  Currently loaded libraries: [listsInLogic, differentInLogic, modes_arithmeticInLogic, inlines_comparisonInLogic, modes_listsInLogic, inlines_differentInLogic, modes_differentInLogic, arithmeticInLogic, inlines_listsInLogic, modes_comparisonInLogic, comparisonInLogic, inlines_arithmeticInLogic]

%  Read the facts.
%  Have read 56,966 facts.
% Have read 720 examples from 'data/seaquest/noop/test' [data/seaquest/noop/test/test*].
% Have read 2,265 examples from 'data/seaquest/noop/test' [data/seaquest/noop/test/test*].

%  LearnOneClause initialized.

% The outer looper has been created.
%     totalPosWeight = 720.0  minPosCoverage = 2.0
%     totalPosWeight = 720.0  minPosCoverage = 18.0
%     totalPosWeight = 720.0  minPosCoverage = 0.025
%     maxPossiblePrecision = 0.9998611303985557  minPrecision = 3.0

% Initializing the ILP inner looper.

% NEW target:                 noop(D)
%  targetPred:                noop/1
%  targetArgTypes:            signature = [const], types = [+state]
%  targets:                   [noop(D)]
%  targetPredicates:          [noop/1]
%  targetArgSpecs:            [[D[+state]]]
%  variablesInTargets:        [[D]]

% Started collecting constants

% Collecting the types of constants.

% Looking at the training examples to see if any types of new constants can be inferred.
% Time to collect constants: 358 milliseconds
% Time to collect examples: 0 seconds

% Read 720 pos examples and 2,265 neg examples.
% Time to init learnOneClause: 390 milliseconds
% Old dirrdn_models/seaquest/weighted_1object_negpos_2_trees_1_depth_1/noop/

% Have 720 'raw' positive examples and kept 720.
% Have 2,265 'raw' negative examples and kept 2,265.

% processing backup's for noop
%  POS EX = 720
%  NEG EX = 2,265

% Memory usage by WILLSetup (just counts # targets?):
%  |backupPosExamples| = 1
%  |backupNegExamples| = 1
%  |predicatesAsFacts| = 0
%  |addedToFactBase|   = 0

% Getting bRDN's target predicates.
% Did not learn a model for 'noop' this run.
%   loadModel (#0): rdn_models/seaquest/weighted_1object_negpos_2_trees_1_depth_1/noop/bRDNs/Trees/noopTree0.tree
%  Done loading 1 models.
File: data/seaquest/noop/test/advice.txt doesnt exist.Hence no advice loaded

% for noop |lookupPos| = 720
% for noop |lookupNeg| = 2,265
% getJointExamples: |pos| = 720, |neg| = 2,265

% Starting inference in bRDN.
% Trees = 1

% Starting getMarginalProbabilities.
% [ LazyGroundNthArgumentClauseIndex ]  Argument 0:  Building full index for visibleenemysubmarine/2.
% [ LazyGroundNthArgumentClauseIndex ]  Argument 0:  Building full index for visibleenemy/2.
% [ LazyGroundClauseIndex ]  Building full index for belowofenemy/2 with 2,486 assertions.
% [ LazyGroundClauseIndex ]  Building full index for belowofsubmarine/2 with 1,782 assertions.
% [ LazyGroundClauseIndex ]  Building full index for diversnotfull/1 with 2,132 assertions.
% No Gibbs sampling needed during inference.
Best F1 = 1.0
 (Arithmetic) Mean Probability Assigned to Correct Output Class: 2,091.399/2,985.00 = 0.700636

 The weighted count of positive examples = 720.000 and the weighted count of negative examples = 2,265.000

printExamples: Writing out predictions (for Tuffy?) on 2,985 examples for 'noop' to:
  data/seaquest/noop/test/results_noop.db
 and to:
  data/seaquest/noop/test/query_noop.db
%    No need to compress since small: data/seaquest/noop/test/query_noop.db

% Computing Area Under Curves.
%Pos=720
%Neg=2265
%LL:-1097.9967694980066
%LL:-1458.157264777062

% Running command: java -jar rdnboost/src/edu/wisc/cs/will/DataSetUtils//auc.jar data/seaquest/noop/test/AUC/aucTemp.txt list 0.0
% WAITING FOR command: java -jar rdnboost/src/edu/wisc/cs/will/DataSetUtils//auc.jar data/seaquest/noop/test/AUC/aucTemp.txt list 0.0
% DONE WAITING FOR command: java -jar rdnboost/src/edu/wisc/cs/will/DataSetUtils//auc.jar data/seaquest/noop/test/AUC/aucTemp.txt list 0.0

%   AUC ROC   = 0.891187
%   AUC PR    = 0.607446
%   CLL	      = -0.488495
%   Precision = 0.614426 at threshold = 0.174
%   Recall    = 0.958333
%   F1        = 0.748779

% Total inference time (1 trees): 2.043 seconds.
[END] 2025-10-20 22:03:59 - Target: noop

