[START] 2025-10-21 09:44:30 - Target: down
args[0] = -i
args[1] = -model
args[3] = -test
args[5] = -target
args[7] = -trees
args[9] = -aucJarPath
cmd.getTestDirVal()data/seaquest/down/test/
test
java.io.FileNotFoundException: test\test_bk.txt (No such file or directory)
	at java.io.FileInputStream.open0(Native Method)
	at java.io.FileInputStream.open(FileInputStream.java:195)
	at java.io.FileInputStream.<init>(FileInputStream.java:138)
	at java.io.FileInputStream.<init>(FileInputStream.java:93)
	at edu.wisc.cs.will.Utils.check_disc.checkflagvalues(check_disc.java:23)
	at edu.wisc.cs.will.Boosting.RDN.RunBoostedRDN.main(RunBoostedRDN.java:515)

% Starting an INFERENCE run of bRDN.
% Running on host: xps-np

% Switching to VarIndicator = uppercase.

% Unset'ing VarIndicator.

Resetting the LazyGroundNthArgumentClauseIndex.

% Calling ILPouterLoop from createRegressionOuterLooper.

% getInputArgWithDefaultValue: args=[data/seaquest/down/test/test_pos.txt, data/seaquest/down/test/test_neg.txt, data/seaquest/down/test/test_bk.txt, data/seaquest/down/test/test_facts.txt]
%  for N=0: args[N]=data/seaquest/down/test/test_pos.txt

% getInputArgWithDefaultValue: args=[data/seaquest/down/test/test_pos.txt, data/seaquest/down/test/test_neg.txt, data/seaquest/down/test/test_bk.txt, data/seaquest/down/test/test_facts.txt]
%  for N=1: args[N]=data/seaquest/down/test/test_neg.txt

% getInputArgWithDefaultValue: args=[data/seaquest/down/test/test_pos.txt, data/seaquest/down/test/test_neg.txt, data/seaquest/down/test/test_bk.txt, data/seaquest/down/test/test_facts.txt]
%  for N=2: args[N]=data/seaquest/down/test/test_bk.txt

% getInputArgWithDefaultValue: args=[data/seaquest/down/test/test_pos.txt, data/seaquest/down/test/test_neg.txt, data/seaquest/down/test/test_bk.txt, data/seaquest/down/test/test_facts.txt]
%  for N=3: args[N]=data/seaquest/down/test/test_facts.txt

% Welcome to the WILL ILP/SRL systems.


% Switching to VarIndicator = uppercase.

% Unset'ing VarIndicator.
% Reading background theory from dir: null

% Switching to VarIndicator = uppercase.

***** Warning: % Since this is the first setting of the notation for variables, will keep:
%   variableIndicator = uppercase *****

% [ LazyGroundClauseIndex ]  Building full index for mode/1 with 1 assertions.
% LoadAllModes() called.  Currently loaded modes: []
% [ LazyGroundClauseIndex ]  Building full index for sameAs/2 with 2 assertions.
% [ LazyGroundNthArgumentClauseIndex ]  Argument 1:  Building full index for exp/3.
% [ LazyGroundNthArgumentClauseIndex ]  Argument 0:  Building full index for log/3.
% LoadAllLibraries() called.  Currently loaded libraries: [listsInLogic, differentInLogic, modes_arithmeticInLogic, inlines_comparisonInLogic, modes_listsInLogic, inlines_differentInLogic, modes_differentInLogic, arithmeticInLogic, inlines_listsInLogic, modes_comparisonInLogic, comparisonInLogic, inlines_arithmeticInLogic]

%  Read the facts.
%  Have read 56,966 facts.
% Have read 518 examples from 'data/seaquest/down/test' [data/seaquest/down/test/test*].
% Have read 2,467 examples from 'data/seaquest/down/test' [data/seaquest/down/test/test*].

%  LearnOneClause initialized.

% The outer looper has been created.
%     totalPosWeight = 518.0  minPosCoverage = 2.0
%     totalPosWeight = 518.0  minPosCoverage = 12.950000000000001
%     totalPosWeight = 518.0  minPosCoverage = 0.025
%     maxPossiblePrecision = 0.9998069870681335  minPrecision = 3.0

% Initializing the ILP inner looper.

% NEW target:                 down(D)
%  targetPred:                down/1
%  targetArgTypes:            signature = [const], types = [+state]
%  targets:                   [down(D)]
%  targetPredicates:          [down/1]
%  targetArgSpecs:            [[D[+state]]]
%  variablesInTargets:        [[D]]

% Started collecting constants

% Collecting the types of constants.

% Looking at the training examples to see if any types of new constants can be inferred.
% Time to collect constants: 336 milliseconds
% Time to collect examples: 0 seconds

% Read 518 pos examples and 2,467 neg examples.
% Time to init learnOneClause: 372 milliseconds
% Old dirrdn_models/seaquest/weighted_1object_negpos_2_trees_1_depth_5/down/

% Have 518 'raw' positive examples and kept 518.
% Have 2,467 'raw' negative examples and kept 2,467.

% processing backup's for down
%  POS EX = 518
%  NEG EX = 2,467

% Memory usage by WILLSetup (just counts # targets?):
%  |backupPosExamples| = 1
%  |backupNegExamples| = 1
%  |predicatesAsFacts| = 0
%  |addedToFactBase|   = 0

% Getting bRDN's target predicates.
% Did not learn a model for 'down' this run.
%   loadModel (#0): rdn_models/seaquest/weighted_1object_negpos_2_trees_1_depth_5/down/bRDNs/Trees/downTree0.tree
%  Done loading 1 models.
File: data/seaquest/down/test/advice.txt doesnt exist.Hence no advice loaded

% for down |lookupPos| = 518
% for down |lookupNeg| = 2,467
% getJointExamples: |pos| = 518, |neg| = 2,467

% Starting inference in bRDN.
% Trees = 1

% Starting getMarginalProbabilities.
% [ LazyGroundClauseIndex ]  Building full index for diversnotfull/1 with 2,132 assertions.
% [ LazyGroundNthArgumentClauseIndex ]  Argument 0:  Building full index for visiblediver/2.
% [ LazyGroundNthArgumentClauseIndex ]  Argument 0:  Building full index for visibleenemy/2.
% [ LazyGroundClauseIndex ]  Building full index for belowofenemy/2 with 2,486 assertions.
% [ LazyGroundClauseIndex ]  Building full index for leftofenemy/2 with 3,467 assertions.
% [ LazyGroundClauseIndex ]  Building full index for facingright/1 with 1,382 assertions.
% [ LazyGroundClauseIndex ]  Building full index for rightofenemy/2 with 3,532 assertions.
% [ LazyGroundClauseIndex ]  Building full index for facingleft/1 with 1,575 assertions.
% [ LazyGroundClauseIndex ]  Building full index for diversempty/1 with 575 assertions.
% [ LazyGroundNthArgumentClauseIndex ]  Argument 0:  Building full index for visibleenemysubmarine/2.
% [ LazyGroundClauseIndex ]  Building full index for samelevelasdiver/2 with 544 assertions.
% [ LazyGroundClauseIndex ]  Building full index for aboveofdiver/2 with 1,057 assertions.
% [ LazyGroundClauseIndex ]  Building full index for aboveofsubmarine/2 with 1,327 assertions.
% [ LazyGroundClauseIndex ]  Building full index for nearbysubmarine/2 with 182 assertions.
% [ LazyGroundClauseIndex ]  Building full index for samelevelassubmarine/2 with 368 assertions.
% [ LazyGroundClauseIndex ]  Building full index for rightofsubmarine/2 with 1,899 assertions.
% [ LazyGroundClauseIndex ]  Building full index for samelevelasenemy/2 with 651 assertions.
% [ LazyGroundClauseIndex ]  Building full index for rightofdiver/2 with 779 assertions.
% [ LazyGroundClauseIndex ]  Building full index for aboveofenemy/2 with 4,740 assertions.
% [ LazyGroundClauseIndex ]  Building full index for enemyfacingleft/2 with 2,382 assertions.
% [ LazyGroundClauseIndex ]  Building full index for enemyfacingright/2 with 1,095 assertions.
% [ LazyGroundClauseIndex ]  Building full index for leftofdiver/2 with 926 assertions.
% [ LazyGroundNthArgumentClauseIndex ]  Argument 0:  Building full index for visiblemissile/2.
% [ LazyGroundClauseIndex ]  Building full index for nearbydiver/2 with 339 assertions.
% [ LazyGroundClauseIndex ]  Building full index for leftofsubmarine/2 with 1,179 assertions.
% [ LazyGroundClauseIndex ]  Building full index for nearbyenemy/2 with 475 assertions.
% No Gibbs sampling needed during inference.
Best F1 = 1.0
 (Arithmetic) Mean Probability Assigned to Correct Output Class: 2,181.264/2,985.00 = 0.730742

 The weighted count of positive examples = 518.000 and the weighted count of negative examples = 2,467.000

printExamples: Writing out predictions (for Tuffy?) on 2,985 examples for 'down' to:
  data/seaquest/down/test/results_down.db
 and to:
  data/seaquest/down/test/query_down.db
%    No need to compress since small: data/seaquest/down/test/query_down.db

% Computing Area Under Curves.
%Pos=518
%Neg=2467
%LL:-847.6637928771327
%LL:-1271.9783634067294

% Running command: java -jar rdnboost/src/edu/wisc/cs/will/DataSetUtils//auc.jar data/seaquest/down/test/AUC/aucTemp.txt list 0.0
% WAITING FOR command: java -jar rdnboost/src/edu/wisc/cs/will/DataSetUtils//auc.jar data/seaquest/down/test/AUC/aucTemp.txt list 0.0
% DONE WAITING FOR command: java -jar rdnboost/src/edu/wisc/cs/will/DataSetUtils//auc.jar data/seaquest/down/test/AUC/aucTemp.txt list 0.0

%   AUC ROC   = 0.804158
%   AUC PR    = 0.464783
%   CLL	      = -0.426123
%   Precision = 0.421512 at threshold = 0.181
%   Recall    = 0.559846
%   F1        = 0.480929

% Total inference time (1 trees): 3.788 seconds.
[END] 2025-10-21 09:44:34 - Target: down

