[START] 2025-10-31 13:05:40 - Target: fire (Train Inference)
args[0] = -i
args[1] = -model
args[3] = -test
args[5] = -target
args[7] = -trees
args[9] = -aucJarPath
cmd.getTestDirVal()data/seaquest/all/fire/train/train_infer/
train_infer
java.io.FileNotFoundException: train_infer\train_infer_bk.txt (No such file or directory)
	at java.base/java.io.FileInputStream.open0(Native Method)
	at java.base/java.io.FileInputStream.open(FileInputStream.java:185)
	at java.base/java.io.FileInputStream.<init>(FileInputStream.java:139)
	at java.base/java.io.FileInputStream.<init>(FileInputStream.java:109)
	at edu.wisc.cs.will.Utils.check_disc.checkflagvalues(check_disc.java:23)
	at edu.wisc.cs.will.Boosting.RDN.RunBoostedRDN.main(RunBoostedRDN.java:508)

% Starting an INFERENCE run of bRDN.
% Running on host: Varuns-MacBook-Air

% Switching to VarIndicator = uppercase.

% Unset'ing VarIndicator.

Resetting the LazyGroundNthArgumentClauseIndex.

% Calling ILPouterLoop from createRegressionOuterLooper.

% getInputArgWithDefaultValue: args=[data/seaquest/all/fire/train/train_infer/train_infer_pos.txt, data/seaquest/all/fire/train/train_infer/train_infer_neg.txt, data/seaquest/all/fire/train/train_infer/train_infer_bk.txt, data/seaquest/all/fire/train/train_infer/train_infer_facts.txt]
%  for N=0: args[N]=data/seaquest/all/fire/train/train_infer/train_infer_pos.txt

% getInputArgWithDefaultValue: args=[data/seaquest/all/fire/train/train_infer/train_infer_pos.txt, data/seaquest/all/fire/train/train_infer/train_infer_neg.txt, data/seaquest/all/fire/train/train_infer/train_infer_bk.txt, data/seaquest/all/fire/train/train_infer/train_infer_facts.txt]
%  for N=1: args[N]=data/seaquest/all/fire/train/train_infer/train_infer_neg.txt

% getInputArgWithDefaultValue: args=[data/seaquest/all/fire/train/train_infer/train_infer_pos.txt, data/seaquest/all/fire/train/train_infer/train_infer_neg.txt, data/seaquest/all/fire/train/train_infer/train_infer_bk.txt, data/seaquest/all/fire/train/train_infer/train_infer_facts.txt]
%  for N=2: args[N]=data/seaquest/all/fire/train/train_infer/train_infer_bk.txt

% getInputArgWithDefaultValue: args=[data/seaquest/all/fire/train/train_infer/train_infer_pos.txt, data/seaquest/all/fire/train/train_infer/train_infer_neg.txt, data/seaquest/all/fire/train/train_infer/train_infer_bk.txt, data/seaquest/all/fire/train/train_infer/train_infer_facts.txt]
%  for N=3: args[N]=data/seaquest/all/fire/train/train_infer/train_infer_facts.txt

% Welcome to the WILL ILP/SRL systems.


% Switching to VarIndicator = uppercase.

% Unset'ing VarIndicator.
% Reading background theory from dir: null

% Switching to VarIndicator = uppercase.

***** Warning: % Since this is the first setting of the notation for variables, will keep:
%   variableIndicator = uppercase *****

% [ LazyGroundClauseIndex ]  Building full index for mode/1 with 1 assertions.
% LoadAllModes() called.  Currently loaded modes: []
% [ LazyGroundClauseIndex ]  Building full index for sameAs/2 with 2 assertions.
% [ LazyGroundNthArgumentClauseIndex ]  Argument 1:  Building full index for exp/3.
% [ LazyGroundNthArgumentClauseIndex ]  Argument 0:  Building full index for log/3.
% LoadAllLibraries() called.  Currently loaded libraries: [listsInLogic, differentInLogic, modes_arithmeticInLogic, inlines_comparisonInLogic, modes_listsInLogic, inlines_differentInLogic, modes_differentInLogic, arithmeticInLogic, inlines_listsInLogic, modes_comparisonInLogic, comparisonInLogic, inlines_arithmeticInLogic]

%  Read the facts.
%  Have read 1,820,826 facts.
% Have read 5,370 examples from 'data/seaquest/all/fire/train/train_infer' [data/seaquest/all/fire/train/train_infer/train_infer*].
% Have read 76,429 examples from 'data/seaquest/all/fire/train/train_infer' [data/seaquest/all/fire/train/train_infer/train_infer*].

%  LearnOneClause initialized.

% The outer looper has been created.

% Initializing the ILP inner looper.

% NEW target:                 fire(D)
%  targetPred:                fire/1
%  targetArgTypes:            signature = [const], types = [+state]
%  targets:                   [fire(D)]
%  targetPredicates:          [fire/1]
%  targetArgSpecs:            [[D[+state]]]
%  variablesInTargets:        [[D]]

% Started collecting constants

% Collecting the types of constants.

% Looking at the training examples to see if any types of new constants can be inferred.
% Time to collect constants: 2 seconds
% Time to collect examples: 0 seconds

% Read 5,370 pos examples and 76,429 neg examples.
% Time to init learnOneClause: 2 seconds
% Old dirrdn_models/seaquest/negpos_2_trees_1_depth_8_all/fire/

% Have 5,370 'raw' positive examples and kept 5,370.
% Have 76,429 'raw' negative examples and kept 76,429.

% processing backup's for fire
%  POS EX = 5,370
%  NEG EX = 76,429

% Memory usage by WILLSetup (just counts # targets?):
%  |backupPosExamples| = 1
%  |backupNegExamples| = 1
%  |predicatesAsFacts| = 0
%  |addedToFactBase|   = 0

% Getting bRDN's target predicates.
% Did not learn a model for 'fire' this run.
%   loadModel (#0): rdn_models/seaquest/negpos_2_trees_1_depth_8_all/fire/bRDNs/Trees/fireTree0.tree
%  Done loading 1 models.
File: data/seaquest/all/fire/train/train_infer/advice.txt doesnt exist.Hence no advice loaded
% Trying to load weights from: data/seaquest/all/fire/train/train_infer/train_infer_pos_weights.txt

% for fire |lookupPos| = 5,370
% for fire |lookupNeg| = 76,429
% getJointExamples: |pos| = 5,370, |neg| = 76,429

% Starting inference in bRDN.
% Trees = 1

% Starting getMarginalProbabilities.
% [ LazyGroundNthArgumentClauseIndex ]  Argument 0:  Building full index for visibleenemy/2.
% [ LazyGroundClauseIndex ]  Building full index for samelevelasenemy/2 with 18,267 assertions.
% [ LazyGroundClauseIndex ]  Building full index for facingright/1 with 40,821 assertions.
% [ LazyGroundClauseIndex ]  Building full index for diversnotfull/1 with 55,369 assertions.
% [ LazyGroundNthArgumentClauseIndex ]  Argument 0:  Building full index for visibleenemysubmarine/2.
% [ LazyGroundClauseIndex ]  Building full index for enemyfacingright/2 with 49,529 assertions.
% [ LazyGroundNthArgumentClauseIndex ]  Argument 0:  Building full index for visiblediver/2.
% [ LazyGroundNthArgumentClauseIndex ]  Argument 0:  Building full index for visiblemissile/2.
% [ LazyGroundClauseIndex ]  Building full index for nearbydiver/2 with 9,610 assertions.
% [ LazyGroundClauseIndex ]  Building full index for rightofenemy/2 with 79,211 assertions.
% [ LazyGroundClauseIndex ]  Building full index for belowofsubmarine/2 with 71,823 assertions.
% [ LazyGroundClauseIndex ]  Building full index for leftofdiver/2 with 32,351 assertions.
% [ LazyGroundClauseIndex ]  Building full index for leftofsubmarine/2 with 61,464 assertions.
% [ LazyGroundClauseIndex ]  Building full index for belowofenemy/2 with 62,775 assertions.
% [ LazyGroundClauseIndex ]  Building full index for facingleft/1 with 38,753 assertions.
% [ LazyGroundClauseIndex ]  Building full index for rightofsubmarine/2 with 68,023 assertions.
% [ LazyGroundClauseIndex ]  Building full index for leftofenemy/2 with 85,341 assertions.
% [ LazyGroundClauseIndex ]  Building full index for rightofmissile/2 with 15,443 assertions.
% No Gibbs sampling needed during inference.
Best F1 = 1.0
 (Arithmetic) Mean Probability Assigned to Correct Output Class: 65,714.748/81,799.00 = 0.803369

 The weighted count of positive examples = 5,370.000 and the weighted count of negative examples = 76,429.000

printExamples: Writing out predictions (for Tuffy?) on 81,799 examples for 'fire' to:
  data/seaquest/all/fire/train/train_infer/results_fire.db
 and to:
  data/seaquest/all/fire/train/train_infer/query_fire.db

***** Warning: Both regular and gzip'ed versions of this file exist; will use NEWER one:
 data/seaquest/all/fire/train/train_infer/query_fire.db *****


***** Warning: Both regular and gzip'ed versions of this file exist; will read NEWER one:
 data/seaquest/all/fire/train/train_infer/query_fire.db *****


% Computing Area Under Curves.
%Pos=5370
%Neg=76429
%LL:-8689.17976817958
%LL:-21554.165543433042

% Running command: java -jar rdnboost/src/edu/wisc/cs/will/DataSetUtils//auc.jar data/seaquest/all/fire/train/train_infer/AUC/aucTemp.txt list 0.0
% WAITING FOR command: java -jar rdnboost/src/edu/wisc/cs/will/DataSetUtils//auc.jar data/seaquest/all/fire/train/train_infer/AUC/aucTemp.txt list 0.0
% DONE WAITING FOR command: java -jar rdnboost/src/edu/wisc/cs/will/DataSetUtils//auc.jar data/seaquest/all/fire/train/train_infer/AUC/aucTemp.txt list 0.0

%   AUC ROC   = 0.837545
%   AUC PR    = 0.259474
%   CLL	      = -0.263502
%   Precision = 0.208434 at threshold = 0.180
%   Recall    = 0.705028
%   F1        = 0.321747

% Total inference time (1 trees): 7.148 seconds.
[END] 2025-10-31 13:05:48 - Target: fire (Train Inference)
