[START] 2025-10-23 10:55:33 - Target: right (Train Inference)
args[0] = -i
args[1] = -model
args[3] = -test
args[5] = -target
args[7] = -trees
args[9] = -aucJarPath
cmd.getTestDirVal()data/seaquest/all/right/train/train_infer/
train_infer
java.io.FileNotFoundException: train_infer\train_infer_bk.txt (No such file or directory)
	at java.io.FileInputStream.open0(Native Method)
	at java.io.FileInputStream.open(FileInputStream.java:195)
	at java.io.FileInputStream.<init>(FileInputStream.java:138)
	at java.io.FileInputStream.<init>(FileInputStream.java:93)
	at edu.wisc.cs.will.Utils.check_disc.checkflagvalues(check_disc.java:23)
	at edu.wisc.cs.will.Boosting.RDN.RunBoostedRDN.main(RunBoostedRDN.java:508)

% Starting an INFERENCE run of bRDN.
% Running on host: xps-np

% Switching to VarIndicator = uppercase.

% Unset'ing VarIndicator.

Resetting the LazyGroundNthArgumentClauseIndex.

% Calling ILPouterLoop from createRegressionOuterLooper.

% getInputArgWithDefaultValue: args=[data/seaquest/all/right/train/train_infer/train_infer_pos.txt, data/seaquest/all/right/train/train_infer/train_infer_neg.txt, data/seaquest/all/right/train/train_infer/train_infer_bk.txt, data/seaquest/all/right/train/train_infer/train_infer_facts.txt]
%  for N=0: args[N]=data/seaquest/all/right/train/train_infer/train_infer_pos.txt

% getInputArgWithDefaultValue: args=[data/seaquest/all/right/train/train_infer/train_infer_pos.txt, data/seaquest/all/right/train/train_infer/train_infer_neg.txt, data/seaquest/all/right/train/train_infer/train_infer_bk.txt, data/seaquest/all/right/train/train_infer/train_infer_facts.txt]
%  for N=1: args[N]=data/seaquest/all/right/train/train_infer/train_infer_neg.txt

% getInputArgWithDefaultValue: args=[data/seaquest/all/right/train/train_infer/train_infer_pos.txt, data/seaquest/all/right/train/train_infer/train_infer_neg.txt, data/seaquest/all/right/train/train_infer/train_infer_bk.txt, data/seaquest/all/right/train/train_infer/train_infer_facts.txt]
%  for N=2: args[N]=data/seaquest/all/right/train/train_infer/train_infer_bk.txt

% getInputArgWithDefaultValue: args=[data/seaquest/all/right/train/train_infer/train_infer_pos.txt, data/seaquest/all/right/train/train_infer/train_infer_neg.txt, data/seaquest/all/right/train/train_infer/train_infer_bk.txt, data/seaquest/all/right/train/train_infer/train_infer_facts.txt]
%  for N=3: args[N]=data/seaquest/all/right/train/train_infer/train_infer_facts.txt

% Welcome to the WILL ILP/SRL systems.


% Switching to VarIndicator = uppercase.

% Unset'ing VarIndicator.
% Reading background theory from dir: null

% Switching to VarIndicator = uppercase.

***** Warning: % Since this is the first setting of the notation for variables, will keep:
%   variableIndicator = uppercase *****

% [ LazyGroundClauseIndex ]  Building full index for mode/1 with 1 assertions.
% LoadAllModes() called.  Currently loaded modes: []
% [ LazyGroundClauseIndex ]  Building full index for sameAs/2 with 2 assertions.
% [ LazyGroundNthArgumentClauseIndex ]  Argument 1:  Building full index for exp/3.
% [ LazyGroundNthArgumentClauseIndex ]  Argument 0:  Building full index for log/3.
% LoadAllLibraries() called.  Currently loaded libraries: [listsInLogic, differentInLogic, modes_arithmeticInLogic, inlines_comparisonInLogic, modes_listsInLogic, inlines_differentInLogic, modes_differentInLogic, arithmeticInLogic, inlines_listsInLogic, modes_comparisonInLogic, comparisonInLogic, inlines_arithmeticInLogic]

%  Read the facts.
%  Have read 227,712 facts.
% Have read 2,098 examples from 'data/seaquest/all/right/train/train_infer' [data/seaquest/all/right/train/train_infer/train_infer*].
% Have read 9,841 examples from 'data/seaquest/all/right/train/train_infer' [data/seaquest/all/right/train/train_infer/train_infer*].

%  LearnOneClause initialized.

% The outer looper has been created.

% Initializing the ILP inner looper.

% NEW target:                 right(D)
%  targetPred:                right/1
%  targetArgTypes:            signature = [const], types = [+state]
%  targets:                   [right(D)]
%  targetPredicates:          [right/1]
%  targetArgSpecs:            [[D[+state]]]
%  variablesInTargets:        [[D]]

% Started collecting constants

% Collecting the types of constants.

% Looking at the training examples to see if any types of new constants can be inferred.
% Time to collect constants: 699 milliseconds
% Time to collect examples: 0 seconds

% Read 2,098 pos examples and 9,841 neg examples.
% Time to init learnOneClause: 745 milliseconds
% Old dirrdn_models/seaquest/negpos_2_trees_1_depth_3/right/

% Have 2,098 'raw' positive examples and kept 2,098.
% Have 9,841 'raw' negative examples and kept 9,841.

% processing backup's for right
%  POS EX = 2,098
%  NEG EX = 9,841

% Memory usage by WILLSetup (just counts # targets?):
%  |backupPosExamples| = 1
%  |backupNegExamples| = 1
%  |predicatesAsFacts| = 0
%  |addedToFactBase|   = 0

% Getting bRDN's target predicates.
% Did not learn a model for 'right' this run.
%   loadModel (#0): rdn_models/seaquest/negpos_2_trees_1_depth_3/right/bRDNs/Trees/rightTree0.tree
%  Done loading 1 models.
File: data/seaquest/all/right/train/train_infer/advice.txt doesnt exist.Hence no advice loaded
% Trying to load weights from: data/seaquest/all/right/train/train_infer/train_infer_pos_weights.txt

% for right |lookupPos| = 2,098
% for right |lookupNeg| = 9,841
% getJointExamples: |pos| = 2,098, |neg| = 9,841

% Starting inference in bRDN.
% Trees = 1

% Starting getMarginalProbabilities.
% [ LazyGroundClauseIndex ]  Building full index for facingright/1 with 5,458 assertions.
% [ LazyGroundClauseIndex ]  Building full index for diversnotfull/1 with 8,330 assertions.
% [ LazyGroundNthArgumentClauseIndex ]  Argument 0:  Building full index for visiblediver/2.
% [ LazyGroundClauseIndex ]  Building full index for samelevelasdiver/2 with 2,149 assertions.
% [ LazyGroundClauseIndex ]  Building full index for leftofdiver/2 with 3,619 assertions.
% [ LazyGroundNthArgumentClauseIndex ]  Argument 0:  Building full index for visibleenemy/2.
% [ LazyGroundClauseIndex ]  Building full index for leftofenemy/2 with 13,484 assertions.
% [ LazyGroundClauseIndex ]  Building full index for samelevelasenemy/2 with 2,708 assertions.
% [ LazyGroundNthArgumentClauseIndex ]  Argument 0:  Building full index for visibleenemysubmarine/2.
% [ LazyGroundClauseIndex ]  Building full index for belowofsubmarine/2 with 6,872 assertions.
% [ LazyGroundNthArgumentClauseIndex ]  Argument 0:  Building full index for visiblemissile/2.
% [ LazyGroundClauseIndex ]  Building full index for aboveofdiver/2 with 4,120 assertions.
% [ LazyGroundClauseIndex ]  Building full index for belowofenemy/2 with 9,919 assertions.
% [ LazyGroundClauseIndex ]  Building full index for rightofdiver/2 with 3,161 assertions.
% [ LazyGroundClauseIndex ]  Building full index for samelevelasmissile/2 with 216 assertions.
% [ LazyGroundClauseIndex ]  Building full index for leftofmissile/2 with 1,026 assertions.
% No Gibbs sampling needed during inference.
Best F1 = 1.0
 (Arithmetic) Mean Probability Assigned to Correct Output Class: 8,905.112/11,939.00 = 0.745884

 The weighted count of positive examples = 2,098.000 and the weighted count of negative examples = 9,841.000

printExamples: Writing out predictions (for Tuffy?) on 11,939 examples for 'right' to:
  data/seaquest/all/right/train/train_infer/results_right.db
 and to:
  data/seaquest/all/right/train/train_infer/query_right.db
%    No need to compress since small: data/seaquest/all/right/train/train_infer/query_right.db

% Computing Area Under Curves.
%Pos=2098
%Neg=9841
%LL:-3117.791057126732
%LL:-4657.278319337372

% Running command: java -jar rdnboost/src/edu/wisc/cs/will/DataSetUtils//auc.jar data/seaquest/all/right/train/train_infer/AUC/aucTemp.txt list 0.0
% WAITING FOR command: java -jar rdnboost/src/edu/wisc/cs/will/DataSetUtils//auc.jar data/seaquest/all/right/train/train_infer/AUC/aucTemp.txt list 0.0
% DONE WAITING FOR command: java -jar rdnboost/src/edu/wisc/cs/will/DataSetUtils//auc.jar data/seaquest/all/right/train/train_infer/AUC/aucTemp.txt list 0.0

%   AUC ROC   = 0.932164
%   AUC PR    = 0.762521
%   CLL	      = -0.390089
%   Precision = 0.553012 at threshold = 0.175
%   Recall    = 0.875119
%   F1        = 0.677741

% Total inference time (1 trees): 3.939 seconds.
[END] 2025-10-23 10:55:37 - Target: right (Train Inference)
