[START] 2025-10-22 20:17:31 - Target: left
args[0] = -i
args[1] = -model
args[3] = -test
args[5] = -target
args[7] = -trees
args[9] = -aucJarPath
cmd.getTestDirVal()data/seaquest/all/left/test/
test
java.io.FileNotFoundException: test\test_bk.txt (No such file or directory)
	at java.io.FileInputStream.open0(Native Method)
	at java.io.FileInputStream.open(FileInputStream.java:195)
	at java.io.FileInputStream.<init>(FileInputStream.java:138)
	at java.io.FileInputStream.<init>(FileInputStream.java:93)
	at edu.wisc.cs.will.Utils.check_disc.checkflagvalues(check_disc.java:23)
	at edu.wisc.cs.will.Boosting.RDN.RunBoostedRDN.main(RunBoostedRDN.java:508)

% Starting an INFERENCE run of bRDN.
% Running on host: xps-np

% Switching to VarIndicator = uppercase.

% Unset'ing VarIndicator.

Resetting the LazyGroundNthArgumentClauseIndex.

% Calling ILPouterLoop from createRegressionOuterLooper.

% getInputArgWithDefaultValue: args=[data/seaquest/all/left/test/test_pos.txt, data/seaquest/all/left/test/test_neg.txt, data/seaquest/all/left/test/test_bk.txt, data/seaquest/all/left/test/test_facts.txt]
%  for N=0: args[N]=data/seaquest/all/left/test/test_pos.txt

% getInputArgWithDefaultValue: args=[data/seaquest/all/left/test/test_pos.txt, data/seaquest/all/left/test/test_neg.txt, data/seaquest/all/left/test/test_bk.txt, data/seaquest/all/left/test/test_facts.txt]
%  for N=1: args[N]=data/seaquest/all/left/test/test_neg.txt

% getInputArgWithDefaultValue: args=[data/seaquest/all/left/test/test_pos.txt, data/seaquest/all/left/test/test_neg.txt, data/seaquest/all/left/test/test_bk.txt, data/seaquest/all/left/test/test_facts.txt]
%  for N=2: args[N]=data/seaquest/all/left/test/test_bk.txt

% getInputArgWithDefaultValue: args=[data/seaquest/all/left/test/test_pos.txt, data/seaquest/all/left/test/test_neg.txt, data/seaquest/all/left/test/test_bk.txt, data/seaquest/all/left/test/test_facts.txt]
%  for N=3: args[N]=data/seaquest/all/left/test/test_facts.txt

% Welcome to the WILL ILP/SRL systems.


% Switching to VarIndicator = uppercase.

% Unset'ing VarIndicator.
% Reading background theory from dir: null

% Switching to VarIndicator = uppercase.

***** Warning: % Since this is the first setting of the notation for variables, will keep:
%   variableIndicator = uppercase *****

% [ LazyGroundClauseIndex ]  Building full index for mode/1 with 1 assertions.
% LoadAllModes() called.  Currently loaded modes: []
% [ LazyGroundClauseIndex ]  Building full index for sameAs/2 with 2 assertions.
% [ LazyGroundNthArgumentClauseIndex ]  Argument 1:  Building full index for exp/3.
% [ LazyGroundNthArgumentClauseIndex ]  Argument 0:  Building full index for log/3.
% LoadAllLibraries() called.  Currently loaded libraries: [listsInLogic, differentInLogic, modes_arithmeticInLogic, inlines_comparisonInLogic, modes_listsInLogic, inlines_differentInLogic, modes_differentInLogic, arithmeticInLogic, inlines_listsInLogic, modes_comparisonInLogic, comparisonInLogic, inlines_arithmeticInLogic]

%  Read the facts.
%  Have read 56,966 facts.
% Have read 593 examples from 'data/seaquest/all/left/test' [data/seaquest/all/left/test/test*].
% Have read 2,392 examples from 'data/seaquest/all/left/test' [data/seaquest/all/left/test/test*].

%  LearnOneClause initialized.

% The outer looper has been created.

% Initializing the ILP inner looper.

% NEW target:                 left(D)
%  targetPred:                left/1
%  targetArgTypes:            signature = [const], types = [+state]
%  targets:                   [left(D)]
%  targetPredicates:          [left/1]
%  targetArgSpecs:            [[D[+state]]]
%  variablesInTargets:        [[D]]

% Started collecting constants

% Collecting the types of constants.

% Looking at the training examples to see if any types of new constants can be inferred.
% Time to collect constants: 275 milliseconds
% Time to collect examples: 0 seconds

% Read 593 pos examples and 2,392 neg examples.
% Time to init learnOneClause: 298 milliseconds
% Old dirrdn_models/seaquest/weighted_negpos_2_trees_1_depth_4_example_w/left/

% Have 593 'raw' positive examples and kept 593.
% Have 2,392 'raw' negative examples and kept 2,392.

% processing backup's for left
%  POS EX = 593
%  NEG EX = 2,392

% Memory usage by WILLSetup (just counts # targets?):
%  |backupPosExamples| = 1
%  |backupNegExamples| = 1
%  |predicatesAsFacts| = 0
%  |addedToFactBase|   = 0

% Getting bRDN's target predicates.
% Did not learn a model for 'left' this run.
%   loadModel (#0): rdn_models/seaquest/weighted_negpos_2_trees_1_depth_4_example_w/left/bRDNs/Trees/leftTree0.tree
%  Done loading 1 models.
File: data/seaquest/all/left/test/advice.txt doesnt exist.Hence no advice loaded
% Trying to load weights from: data/seaquest/all/left/test/test_pos_weights.txt

% for left |lookupPos| = 593
% for left |lookupNeg| = 2,392
% getJointExamples: |pos| = 593, |neg| = 2,392

% Starting inference in bRDN.
% Trees = 1

% Starting getMarginalProbabilities.
% [ LazyGroundClauseIndex ]  Building full index for facingleft/1 with 1,575 assertions.
% [ LazyGroundNthArgumentClauseIndex ]  Argument 0:  Building full index for visiblediver/2.
% [ LazyGroundClauseIndex ]  Building full index for samelevelasdiver/2 with 544 assertions.
% [ LazyGroundClauseIndex ]  Building full index for rightofdiver/2 with 779 assertions.
% [ LazyGroundNthArgumentClauseIndex ]  Argument 0:  Building full index for visibleenemy/2.
% [ LazyGroundClauseIndex ]  Building full index for rightofenemy/2 with 3,532 assertions.
% [ LazyGroundClauseIndex ]  Building full index for diversnotfull/1 with 2,132 assertions.
% [ LazyGroundClauseIndex ]  Building full index for aboveofdiver/2 with 1,057 assertions.
% [ LazyGroundNthArgumentClauseIndex ]  Argument 0:  Building full index for visibleenemysubmarine/2.
% [ LazyGroundClauseIndex ]  Building full index for enemyfacingleft/2 with 2,382 assertions.
% [ LazyGroundClauseIndex ]  Building full index for nearbydiver/2 with 339 assertions.
% [ LazyGroundClauseIndex ]  Building full index for aboveofsubmarine/2 with 1,327 assertions.
% [ LazyGroundNthArgumentClauseIndex ]  Argument 0:  Building full index for visiblemissile/2.
% [ LazyGroundClauseIndex ]  Building full index for samelevelasmissile/2 with 63 assertions.
% [ LazyGroundClauseIndex ]  Building full index for samelevelasenemy/2 with 651 assertions.
% [ LazyGroundClauseIndex ]  Building full index for leftofdiver/2 with 926 assertions.
% No Gibbs sampling needed during inference.
Best F1 = 1.0
 (Arithmetic) Mean Probability Assigned to Correct Output Class: 2,162.428/2,985.00 = 0.724431

 The weighted count of positive examples = 593.000 and the weighted count of negative examples = 2,392.000

printExamples: Writing out predictions (for Tuffy?) on 2,985 examples for 'left' to:
  data/seaquest/all/left/test/results_left.db
 and to:
  data/seaquest/all/left/test/query_left.db
%    No need to compress since small: data/seaquest/all/left/test/query_left.db

% Computing Area Under Curves.
%Pos=593
%Neg=2392
%LL:-924.8020370465399
%LL:-1312.593577779612

% Running command: java -jar rdnboost/src/edu/wisc/cs/will/DataSetUtils//auc.jar data/seaquest/all/left/test/AUC/aucTemp.txt list 0.0
% WAITING FOR command: java -jar rdnboost/src/edu/wisc/cs/will/DataSetUtils//auc.jar data/seaquest/all/left/test/AUC/aucTemp.txt list 0.0
% DONE WAITING FOR command: java -jar rdnboost/src/edu/wisc/cs/will/DataSetUtils//auc.jar data/seaquest/all/left/test/AUC/aucTemp.txt list 0.0

%   AUC ROC   = 0.890373
%   AUC PR    = 0.696453
%   CLL	      = -0.439730
%   Precision = 0.412675 at threshold = 0.152
%   Recall    = 0.944351
%   F1        = 0.574359

% Total inference time (1 trees): 1.920 seconds.
[END] 2025-10-22 20:17:33 - Target: left

