[START] 2025-11-08 21:29:24 - Target: action (Train Inference)
args[0] = -i
args[1] = -model
args[3] = -test
args[5] = -target
args[7] = -trees
args[9] = -testNegPosRatio
args[11] = -aucJarPath
cmd.getTestDirVal()data/seaquest/all/noop/train/train_infer/
train_infer
java.io.FileNotFoundException: train_infer\train_infer_bk.txt (No such file or directory)
	at java.base/java.io.FileInputStream.open0(Native Method)
	at java.base/java.io.FileInputStream.open(FileInputStream.java:185)
	at java.base/java.io.FileInputStream.<init>(FileInputStream.java:139)
	at java.base/java.io.FileInputStream.<init>(FileInputStream.java:109)
	at edu.wisc.cs.will.Utils.check_disc.checkflagvalues(check_disc.java:23)
	at edu.wisc.cs.will.Boosting.RDN.RunBoostedRDN.main(RunBoostedRDN.java:508)

% Starting an INFERENCE run of bRDN.
% Running on host: Varuns-Air

% Switching to VarIndicator = uppercase.

% Unset'ing VarIndicator.

Resetting the LazyGroundNthArgumentClauseIndex.

% Calling ILPouterLoop from createRegressionOuterLooper.

% getInputArgWithDefaultValue: args=[data/seaquest/all/noop/train/train_infer/train_infer_pos.txt, data/seaquest/all/noop/train/train_infer/train_infer_neg.txt, data/seaquest/all/noop/train/train_infer/train_infer_bk.txt, data/seaquest/all/noop/train/train_infer/train_infer_facts.txt]
%  for N=0: args[N]=data/seaquest/all/noop/train/train_infer/train_infer_pos.txt

% getInputArgWithDefaultValue: args=[data/seaquest/all/noop/train/train_infer/train_infer_pos.txt, data/seaquest/all/noop/train/train_infer/train_infer_neg.txt, data/seaquest/all/noop/train/train_infer/train_infer_bk.txt, data/seaquest/all/noop/train/train_infer/train_infer_facts.txt]
%  for N=1: args[N]=data/seaquest/all/noop/train/train_infer/train_infer_neg.txt

% getInputArgWithDefaultValue: args=[data/seaquest/all/noop/train/train_infer/train_infer_pos.txt, data/seaquest/all/noop/train/train_infer/train_infer_neg.txt, data/seaquest/all/noop/train/train_infer/train_infer_bk.txt, data/seaquest/all/noop/train/train_infer/train_infer_facts.txt]
%  for N=2: args[N]=data/seaquest/all/noop/train/train_infer/train_infer_bk.txt

% getInputArgWithDefaultValue: args=[data/seaquest/all/noop/train/train_infer/train_infer_pos.txt, data/seaquest/all/noop/train/train_infer/train_infer_neg.txt, data/seaquest/all/noop/train/train_infer/train_infer_bk.txt, data/seaquest/all/noop/train/train_infer/train_infer_facts.txt]
%  for N=3: args[N]=data/seaquest/all/noop/train/train_infer/train_infer_facts.txt

% Welcome to the WILL ILP/SRL systems.


% Switching to VarIndicator = uppercase.

% Unset'ing VarIndicator.
% Reading background theory from dir: null

% Switching to VarIndicator = uppercase.

***** Warning: % Since this is the first setting of the notation for variables, will keep:
%   variableIndicator = uppercase *****

% [ LazyGroundClauseIndex ]  Building full index for mode/1 with 1 assertions.
% LoadAllModes() called.  Currently loaded modes: []
% [ LazyGroundClauseIndex ]  Building full index for sameAs/2 with 2 assertions.
% [ LazyGroundNthArgumentClauseIndex ]  Argument 1:  Building full index for exp/3.
% [ LazyGroundNthArgumentClauseIndex ]  Argument 0:  Building full index for log/3.
% LoadAllLibraries() called.  Currently loaded libraries: [listsInLogic, differentInLogic, modes_arithmeticInLogic, inlines_comparisonInLogic, modes_listsInLogic, inlines_differentInLogic, modes_differentInLogic, arithmeticInLogic, inlines_listsInLogic, modes_comparisonInLogic, comparisonInLogic, inlines_arithmeticInLogic]

%  Read the facts.
%  Have read 1,820,826 facts.
% Have read 32,722 examples from 'data/seaquest/all/noop/train/train_infer' [data/seaquest/all/noop/train/train_infer/train_infer*].
% Have read 245,385 examples from 'data/seaquest/all/noop/train/train_infer' [data/seaquest/all/noop/train/train_infer/train_infer*].

%  LearnOneClause initialized.

% The outer looper has been created.

% Initializing the ILP inner looper.

% NEW target:                 action(D, E)
%  targetPred:                action/2
%  targetArgTypes:            signature = [const, const], types = [+state, #name]
%  targets:                   [action(D, E)]
%  targetPredicates:          [action/2]
%  targetArgSpecs:            [[D[+state], E[#name]]]
%  variablesInTargets:        [[D, E]]

% Started collecting constants

% Collecting the types of constants.

% Looking at the training examples to see if any types of new constants can be inferred.
% Time to collect constants: 2 seconds
% Time to collect examples: 0 seconds

% Read 32,722 pos examples and 245,385 neg examples.
% Time to init learnOneClause: 2 seconds
% Old dirrdn_models/seaquest/negpos_2_trees_1_depth_2_new_all/noop/

% Have 32,722 'raw' positive examples and kept 32,722.
% Have 245,385 'raw' negative examples and kept 245,385.

% processing backup's for action
%  POS EX = 32,722
%  NEG EX = 245,385

% Memory usage by WILLSetup (just counts # targets?):
%  |backupPosExamples| = 1
%  |backupNegExamples| = 1
%  |predicatesAsFacts| = 0
%  |addedToFactBase|   = 0

% Getting bRDN's target predicates.
% Did not learn a model for 'action' this run.
%   loadModel (#0): rdn_models/seaquest/negpos_2_trees_1_depth_2_new_all/noop/bRDNs/Trees/actionTree0.tree
%  Done loading 1 models.
File: data/seaquest/all/noop/train/train_infer/advice.txt doesnt exist.Hence no advice loaded
% Trying to load weights from: data/seaquest/all/noop/train/train_infer/train_infer_pos_weights.txt

% for action |lookupPos| = 32,722
% for action |lookupNeg| = 245,385
% getJointExamples: |pos| = 32,722, |neg| = 245,385

% Starting inference in bRDN.
% Initial size of testset negs: 245,385 for action
% Final size of negs: 65,323 for action
% Trees = 1

% Starting getMarginalProbabilities.
% [ LazyGroundNthArgumentClauseIndex ]  Argument 0:  Building full index for visibleenemysubmarine/2.
% [ LazyGroundNthArgumentClauseIndex ]  Argument 0:  Building full index for visibleenemy/2.
% [ LazyGroundClauseIndex ]  Building full index for diversempty/1 with 17,279 assertions.
% [ LazyGroundNthArgumentClauseIndex ]  Argument 0:  Building full index for visiblediver/2.
% [ LazyGroundClauseIndex ]  Building full index for diversnotfull/1 with 55,369 assertions.
% [ LazyGroundClauseIndex ]  Building full index for belowofsubmarine/2 with 71,823 assertions.
% [ LazyGroundNthArgumentClauseIndex ]  Argument 0:  Building full index for visiblemissile/2.
% [ LazyGroundClauseIndex ]  Building full index for aboveofmissile/2 with 21,903 assertions.
% [ LazyGroundClauseIndex ]  Building full index for nearbymissile/2 with 3,294 assertions.
% [ LazyGroundClauseIndex ]  Building full index for enemyfacingleft/2 with 105,101 assertions.
% [ LazyGroundClauseIndex ]  Building full index for nearbyenemy/2 with 14,075 assertions.
% [ LazyGroundClauseIndex ]  Building full index for aboveofenemy/2 with 110,095 assertions.
% [ LazyGroundClauseIndex ]  Building full index for samelevelassubmarine/2 with 15,101 assertions.
% [ LazyGroundClauseIndex ]  Building full index for belowofenemy/2 with 62,775 assertions.
% [ LazyGroundClauseIndex ]  Building full index for samelevelasdiver/2 with 11,480 assertions.
% [ LazyGroundClauseIndex ]  Building full index for aboveofdiver/2 with 47,497 assertions.
% [ LazyGroundClauseIndex ]  Building full index for nearbysubmarine/2 with 12,661 assertions.
% [ LazyGroundClauseIndex ]  Building full index for leftofmissile/2 with 12,421 assertions.
% No Gibbs sampling needed during inference.
Best F1 = 1.0
 (Arithmetic) Mean Probability Assigned to Correct Output Class: 62,434.598/98,045.00 = 0.636795

 The weighted count of positive examples = 32,722.000 and the weighted count of negative examples = 65,323.000

printExamples: Writing out predictions (for Tuffy?) on 98,045 examples for 'action' to:
  data/seaquest/all/noop/train/train_infer/results_action.db
 and to:
  data/seaquest/all/noop/train/train_infer/query_action.db

***** Warning: Both regular and gzip'ed versions of this file exist; will use NEWER one:
 data/seaquest/all/noop/train/train_infer/query_action.db *****


***** Warning: Both regular and gzip'ed versions of this file exist; will read NEWER one:
 data/seaquest/all/noop/train/train_infer/query_action.db *****


% Computing Area Under Curves.
%Pos=32722
%Neg=65323
%LL:-51786.19376631099
%LL:-62459.18793686943

% Running command: java -jar rdnboost/src/edu/wisc/cs/will/DataSetUtils//auc.jar data/seaquest/all/noop/train/train_infer/AUC/aucTemp.txt list 0.0
% WAITING FOR command: java -jar rdnboost/src/edu/wisc/cs/will/DataSetUtils//auc.jar data/seaquest/all/noop/train/train_infer/AUC/aucTemp.txt list 0.0
% DONE WAITING FOR command: java -jar rdnboost/src/edu/wisc/cs/will/DataSetUtils//auc.jar data/seaquest/all/noop/train/train_infer/AUC/aucTemp.txt list 0.0

%   AUC ROC   = 0.835354
%   AUC PR    = 0.751576
%   CLL	      = -0.637046
%   Precision = 0.842996 at threshold = 0.195
%   Recall    = 0.616802
%   F1        = 0.712375

% Total inference time (1 trees): 7.989 seconds.
[END] 2025-11-08 21:29:32 - Target: action (Train Inference)
