==========================================
Running Training Inference for Calibration
Max tree depth: 3
Number of trees: 10
Weighted: false
==========================================

🚀 Step 1: Running inference on training data for all targets...

Preparing train_infer directory for fire...
Creating query_fire.db for training data...
✅ Created query file with 11937 queries

Preparing train_infer directory for up...
Creating query_up.db for training data...
✅ Created query file with 11937 queries

Preparing train_infer directory for down...
Creating query_down.db for training data...
✅ Created query file with 11937 queries

Preparing train_infer directory for left...
Creating query_left.db for training data...
✅ Created query file with 11937 queries

Preparing train_infer directory for right...
Creating query_right.db for training data...
✅ Created query file with 11937 queries

Preparing train_infer directory for noop...
Creating query_noop.db for training data...
✅ Created query file with 11937 queries

🔮 Step 2: Running inference on training data...

./run_train_inference_and_calibrate.sh: line 87: rdn_models/seaquest/unweighted_negpos_2_trees_10_depth_3/fire/train_infer.log: No such file or directory
