[START] 2025-10-20 18:13:27 - Target: fire
args[0] = -i
args[1] = -model
args[3] = -test
args[5] = -target
args[7] = -trees
args[9] = -aucJarPath
cmd.getTestDirVal()data/seaquest/fire/test/
test
java.io.FileNotFoundException: test\test_bk.txt (No such file or directory)
	at java.io.FileInputStream.open0(Native Method)
	at java.io.FileInputStream.open(FileInputStream.java:195)
	at java.io.FileInputStream.<init>(FileInputStream.java:138)
	at java.io.FileInputStream.<init>(FileInputStream.java:93)
	at edu.wisc.cs.will.Utils.check_disc.checkflagvalues(check_disc.java:23)
	at edu.wisc.cs.will.Boosting.RDN.RunBoostedRDN.main(RunBoostedRDN.java:515)

% Starting an INFERENCE run of bRDN.
% Running on host: xps-np

% Switching to VarIndicator = uppercase.

% Unset'ing VarIndicator.

Resetting the LazyGroundNthArgumentClauseIndex.

% Calling ILPouterLoop from createRegressionOuterLooper.

% getInputArgWithDefaultValue: args=[data/seaquest/fire/test/test_pos.txt, data/seaquest/fire/test/test_neg.txt, data/seaquest/fire/test/test_bk.txt, data/seaquest/fire/test/test_facts.txt]
%  for N=0: args[N]=data/seaquest/fire/test/test_pos.txt
java.io.FileNotFoundException: data/seaquest/fire/test/test_pos.txt (No such file or directory)
	at java.io.FileInputStream.open0(Native Method)
	at java.io.FileInputStream.open(FileInputStream.java:195)
	at java.io.FileInputStream.<init>(FileInputStream.java:138)
	at java.io.FileInputStream.<init>(FileInputStream.java:93)
	at edu.wisc.cs.will.Utils.condor.CondorFileInputStream.<init>(CondorFileInputStream.java:50)
	at edu.wisc.cs.will.Utils.condor.CondorFileReader.<init>(CondorFileReader.java:32)
	at edu.wisc.cs.will.ILP.ILPouterLoop.getBufferedReaderFromString(ILPouterLoop.java:312)
	at edu.wisc.cs.will.ILP.ILPouterLoop.<init>(ILPouterLoop.java:223)
	at edu.wisc.cs.will.Boosting.RDN.WILLSetup.createRegressionOuterLooper(WILLSetup.java:1627)
	at edu.wisc.cs.will.Boosting.RDN.WILLSetup.setup(WILLSetup.java:174)
	at edu.wisc.cs.will.Boosting.Common.RunBoostedModels.setupWILLForTest(RunBoostedModels.java:191)
	at edu.wisc.cs.will.Boosting.Common.RunBoostedModels.inferModel(RunBoostedModels.java:162)
	at edu.wisc.cs.will.Boosting.RDN.RunBoostedRDN.runJob(RunBoostedRDN.java:49)
	at edu.wisc.cs.will.Boosting.RDN.RunBoostedRDN.main(RunBoostedRDN.java:582)
Exception in thread "main" edu.wisc.cs.will.Utils.WILLthrownError: 
 Encountered a problem: java.io.FileNotFoundException: data/seaquest/fire/test/test_pos.txt (No such file or directory)
	at edu.wisc.cs.will.Utils.Utils.error(Utils.java:482)
	at edu.wisc.cs.will.Boosting.RDN.WILLSetup.createRegressionOuterLooper(WILLSetup.java:1631)
	at edu.wisc.cs.will.Boosting.RDN.WILLSetup.setup(WILLSetup.java:174)
	at edu.wisc.cs.will.Boosting.Common.RunBoostedModels.setupWILLForTest(RunBoostedModels.java:191)
	at edu.wisc.cs.will.Boosting.Common.RunBoostedModels.inferModel(RunBoostedModels.java:162)
	at edu.wisc.cs.will.Boosting.RDN.RunBoostedRDN.runJob(RunBoostedRDN.java:49)
	at edu.wisc.cs.will.Boosting.RDN.RunBoostedRDN.main(RunBoostedRDN.java:582)
