#
# A fatal error has been detected by the Java Runtime Environment:
#
#  SIGSEGV (0xb) at pc=0x00007a6141ac1a1b, pid=12375, tid=0x00007a61419ff6c0
#
# JRE version: OpenJDK Runtime Environment (Zulu 8.78.0.19-CA-linux64) (8.0_412-b08) (build 1.8.0_412-b08)
# Java VM: OpenJDK 64-Bit Server VM (25.412-b08 mixed mode linux-amd64 compressed oops)
# Problematic frame:
# C  [libc.so.6+0xc1a1b]
#
# Failed to write core dump. Core dumps have been disabled. To enable core dumping, try "ulimit -c unlimited" before starting Java again
#
# If you would like to submit a bug report, please visit:
#   http://www.azul.com/support/
# The crash happened outside the Java Virtual Machine in native code.
# See problematic frame for where to report the bug.
#

---------------  T H R E A D  ---------------

Current thread (0x00007a613c00a000):  JavaThread "main" [_thread_in_native, id=12376, stack(0x00007a6141900000,0x00007a6141a00000)]

siginfo: si_signo: 11 (SIGSEGV), si_code: 2 (SEGV_ACCERR), si_addr: 0x00007a614003a000

Registers:
RAX=0x00007a613c25b800, RBX=0x00007a613c286190, RCX=0x00007a613c25b800, RDX=0x00007a613c261cc0
RSP=0x00007a61419fbe38, RBP=0x00007a61419fbeb0, RSI=0x00007a6140039fc3, RDI=0x00007a613c25f910
R8 =0x0000000000000000, R9 =0x00007a613c25b800, R10=0x0000000000000003, R11=0x0000000000000002
R12=0x00000000b4000000, R13=0x0000000000006500, R14=0x00007a613c469990, R15=0x00007a6140035e85
RIP=0x00007a6141ac1a1b, EFLAGS=0x0000000000010202, CSGSFS=0x002b000000000033, ERR=0x0000000000000004
  TRAPNO=0x000000000000000e

Top of Stack: (sp=0x00007a61419fbe38)
0x00007a61419fbe38:   00007a61418e9c5a 00007a61419fbea0
0x00007a61419fbe48:   00007a6129b6b260 0000000000000000
0x00007a61419fbe58:   6c1d8ee000007564 000000002f6c6c69
0x00007a61419fbe68:   0000000015ea9381 0000000000006500
0x00007a61419fbe78:   000000007564772f 0000000000000029
0x00007a61419fbe88:   00007a613c288330 0000000000000029
0x00007a61419fbe98:   000000006c051a0d 00007a613c286190
0x00007a61419fbea8:   00007a613c27b3c0 00007a61419fbf00
0x00007a61419fbeb8:   00007a61418ea89e 01007a6100000029
0x00007a61419fbec8:   00007a61419fbf20 00007a61419fbf00
0x00007a61419fbed8:   0000000000000029 00007a613c00a268
0x00007a61419fbee8:   00007a61419fc400 00007a61419fbf20
0x00007a61419fbef8:   00007a613c286190 00007a61419fc360
0x00007a61419fbf08:   00007a61418dad85 00007a6129b6d150
0x00007a61419fbf18:   00007a6100000001 637369772f756465
0x00007a61419fbf28:   6c6c69772f73632f 72502f43504f462f
0x00007a61419fbf38:   6e69725079747465 73616c632e726574
0x00007a61419fbf48:   00007a6129950073 00007a613c00a000
0x00007a61419fbf58:   00007a612994f028 00007a613c009910
0x00007a61419fbf68:   00007a6129f7b208 00007a61419fc640
0x00007a61419fbf78:   00007a614143185c 0000000000000000
0x00007a61419fbf88:   0000000000000000 00007a6129ee9790
0x00007a61419fbf98:   00007a610000002e 00007a61419fc050
0x00007a61419fbfa8:   00007a6129f21028 0000000029fb92e8
0x00007a61419fbfb8:   00007a613c00a640 00007a6129f7b1e8
0x00007a61419fbfc8:   00007a613c00a000 00007a6129951a1a
0x00007a61419fbfd8:   00000000000000b7 00007a6129951a48
0x00007a61419fbfe8:   00007a613c00a000 00007a61419fe0e0
0x00007a61419fbff8:   00007a612d00509a 00007a612d004fd0
0x00007a61419fc008:   0000000000000000 0000000000000000
0x00007a61419fc018:   00007a61419fe0e0 00007a6129b70520
0x00007a61419fc028:   00007a6129f7b1c8 00007a6129efc2b0 

Instructions: (pc=0x00007a6141ac1a1b)
0x00007a6141ac19fb:   44 16 c0 48 29 ce 48 ff c7 48 01 fe 48 8d 54 11
0x00007a6141ac1a0b:   c0 0f 1f 40 00 0f 10 0e 0f 10 56 10 0f 10 5e 20
0x00007a6141ac1a1b:   0f 10 66 30 48 83 ee c0 0f 29 0f 0f 29 57 10 0f
0x00007a6141ac1a2b:   29 5f 20 0f 29 67 30 48 83 ef c0 48 39 fa 77 d5 

Register to memory mapping:

RAX=0x00007a613c25b800 is an unknown value
RBX=0x00007a613c286190 is an unknown value
RCX=0x00007a613c25b800 is an unknown value
RDX=0x00007a613c261cc0 is an unknown value
RSP=0x00007a61419fbe38 is pointing into the stack for thread: 0x00007a613c00a000
RBP=0x00007a61419fbeb0 is pointing into the stack for thread: 0x00007a613c00a000
RSI=0x00007a6140039fc3 is an unknown value
RDI=0x00007a613c25f910 is an unknown value
R8 =0x0000000000000000 is an unknown value
R9 =0x00007a613c25b800 is an unknown value
R10=0x0000000000000003 is an unknown value
R11=0x0000000000000002 is an unknown value
R12=0x00000000b4000000 is an unknown value
R13=0x0000000000006500 is an unknown value
R14=0x00007a613c469990 is an unknown value
R15=0x00007a6140035e85 is an unknown value


Stack: [0x00007a6141900000,0x00007a6141a00000],  sp=0x00007a61419fbe38,  free space=1007k
Native frames: (J=compiled Java code, j=interpreted, Vv=VM code, C=native code)
C  [libc.so.6+0xc1a1b]
C  [libzip.so+0x1389e]
C  [libzip.so+0x3d85]  Java_java_util_zip_ZipFile_getEntry+0x85
j  java.util.zip.ZipFile.getEntry(J[BZ)J+0
j  java.util.zip.ZipFile.getEntry(Ljava/lang/String;)Ljava/util/zip/ZipEntry;+38
j  java.util.jar.JarFile.getEntry(Ljava/lang/String;)Ljava/util/zip/ZipEntry;+2
J 319 C1 sun.misc.URLClassPath$JarLoader.getResource(Ljava/lang/String;Z)Lsun/misc/Resource; (85 bytes) @ 0x00007a612d1c065c [0x00007a612d1c0380+0x2dc]
J 697 C1 sun.misc.URLClassPath.getResource(Ljava/lang/String;Z)Lsun/misc/Resource; (83 bytes) @ 0x00007a612d4b5a6c [0x00007a612d4b5900+0x16c]
J 873 C1 java.net.URLClassLoader$1.run()Ljava/lang/Class; (81 bytes) @ 0x00007a612d5f62fc [0x00007a612d5f60e0+0x21c]
J 872 C1 java.net.URLClassLoader$1.run()Ljava/lang/Object; (5 bytes) @ 0x00007a612d5f6e4c [0x00007a612d5f6dc0+0x8c]
v  ~StubRoutines::call_stub
V  [libjvm.so+0x6abe26]
V  [libjvm.so+0x759bd3]  JVM_DoPrivileged+0x553
J 145  java.security.AccessController.doPrivileged(Ljava/security/PrivilegedExceptionAction;Ljava/security/AccessControlContext;)Ljava/lang/Object; (0 bytes) @ 0x00007a612d15b955 [0x00007a612d15b880+0xd5]
J 870 C1 java.net.URLClassLoader.findClass(Ljava/lang/String;)Ljava/lang/Class; (47 bytes) @ 0x00007a612d6f7754 [0x00007a612d6f75c0+0x194]
J 99 C1 java.lang.ClassLoader.loadClass(Ljava/lang/String;Z)Ljava/lang/Class; (122 bytes) @ 0x00007a612d140b64 [0x00007a612d140200+0x964]
J 177 C1 sun.misc.Launcher$AppClassLoader.loadClass(Ljava/lang/String;Z)Ljava/lang/Class; (85 bytes) @ 0x00007a612d16c9a4 [0x00007a612d16c000+0x9a4]
J 176 C1 java.lang.ClassLoader.loadClass(Ljava/lang/String;)Ljava/lang/Class; (7 bytes) @ 0x00007a612d16bc44 [0x00007a612d16bb40+0x104]
v  ~StubRoutines::call_stub
V  [libjvm.so+0x6abe26]
V  [libjvm.so+0x6a93c3]
V  [libjvm.so+0x6a9a44]
V  [libjvm.so+0xaba044]
V  [libjvm.so+0xabaa7e]
V  [libjvm.so+0xabb242]
V  [libjvm.so+0x4e5a36]
V  [libjvm.so+0x4e6a8b]
V  [libjvm.so+0x835a16]
V  [libjvm.so+0x838850]
V  [libjvm.so+0x69e49e]
j  edu.wisc.cs.will.FOPC.Theory.printClause(Ledu/wisc/cs/will/FOPC/Clause;Ljava/lang/String;Ledu/wisc/cs/will/FOPC/BindingList;)Ljava/lang/String;+10
j  edu.wisc.cs.will.FOPC.Theory.toPrettyString(Ljava/lang/String;ILedu/wisc/cs/will/FOPC/BindingList;)Ljava/lang/String;+159
j  edu.wisc.cs.will.FOPC.TreeStructuredTheory.printRelationalTree(Ljava/lang/String;ILedu/wisc/cs/will/FOPC/BindingList;)Ljava/lang/String;+166
j  edu.wisc.cs.will.FOPC.TreeStructuredTheory.toPrettyString(Ljava/lang/String;ILedu/wisc/cs/will/FOPC/BindingList;)Ljava/lang/String;+4
j  edu.wisc.cs.will.FOPC.Theory.toPrettyString()Ljava/lang/String;+24
j  edu.wisc.cs.will.Boosting.RDN.LearnBoostedRDN.dumpTheoryToFiles(Ledu/wisc/cs/will/FOPC/Theory;II)V+160
j  edu.wisc.cs.will.Boosting.RDN.LearnBoostedRDN.getWILLTree(Ljava/util/List;II)Ledu/wisc/cs/will/Boosting/Trees/RegressionTree;+164
j  edu.wisc.cs.will.Boosting.RDN.LearnBoostedRDN.learnRDN(Ljava/lang/String;Ledu/wisc/cs/will/Boosting/RDN/ConditionalModelPerPredicate;Ledu/wisc/cs/will/Boosting/Common/SRLInference;Ljava/lang/String;Ledu/wisc/cs/will/Boosting/Common/RunBoostedModels;I)V+894
j  edu.wisc.cs.will.Boosting.RDN.LearnBoostedRDN.learnNextModel(Ledu/wisc/cs/will/Boosting/Common/RunBoostedModels;Ledu/wisc/cs/will/Boosting/Common/SRLInference;Ledu/wisc/cs/will/Boosting/RDN/ConditionalModelPerPredicate;I)V+79
j  edu.wisc.cs.will.Boosting.RDN.RunBoostedRDN.learn()V+989
j  edu.wisc.cs.will.Boosting.Common.RunBoostedModels.learnModel()V+9
j  edu.wisc.cs.will.Boosting.RDN.RunBoostedRDN.runJob()V+20
j  edu.wisc.cs.will.Boosting.RDN.RunBoostedRDN.main([Ljava/lang/String;)V+340
v  ~StubRoutines::call_stub
V  [libjvm.so+0x6abe26]
V  [libjvm.so+0x72baa1]
V  [libjvm.so+0x72e431]
C  [libjli.so+0x8a90]
C  [libc.so.6+0xa27f1]
C  [libc.so.6+0x133b5c]

Java frames: (J=compiled Java code, j=interpreted, Vv=VM code)
j  java.util.zip.ZipFile.getEntry(J[BZ)J+0
j  java.util.zip.ZipFile.getEntry(Ljava/lang/String;)Ljava/util/zip/ZipEntry;+38
j  java.util.jar.JarFile.getEntry(Ljava/lang/String;)Ljava/util/zip/ZipEntry;+2
J 319 C1 sun.misc.URLClassPath$JarLoader.getResource(Ljava/lang/String;Z)Lsun/misc/Resource; (85 bytes) @ 0x00007a612d1c065c [0x00007a612d1c0380+0x2dc]
J 697 C1 sun.misc.URLClassPath.getResource(Ljava/lang/String;Z)Lsun/misc/Resource; (83 bytes) @ 0x00007a612d4b5a6c [0x00007a612d4b5900+0x16c]
J 873 C1 java.net.URLClassLoader$1.run()Ljava/lang/Class; (81 bytes) @ 0x00007a612d5f62fc [0x00007a612d5f60e0+0x21c]
J 872 C1 java.net.URLClassLoader$1.run()Ljava/lang/Object; (5 bytes) @ 0x00007a612d5f6e4c [0x00007a612d5f6dc0+0x8c]
v  ~StubRoutines::call_stub
J 145  java.security.AccessController.doPrivileged(Ljava/security/PrivilegedExceptionAction;Ljava/security/AccessControlContext;)Ljava/lang/Object; (0 bytes) @ 0x00007a612d15b8e3 [0x00007a612d15b880+0x63]
J 870 C1 java.net.URLClassLoader.findClass(Ljava/lang/String;)Ljava/lang/Class; (47 bytes) @ 0x00007a612d6f7754 [0x00007a612d6f75c0+0x194]
J 99 C1 java.lang.ClassLoader.loadClass(Ljava/lang/String;Z)Ljava/lang/Class; (122 bytes) @ 0x00007a612d140b64 [0x00007a612d140200+0x964]
J 177 C1 sun.misc.Launcher$AppClassLoader.loadClass(Ljava/lang/String;Z)Ljava/lang/Class; (85 bytes) @ 0x00007a612d16c9a4 [0x00007a612d16c000+0x9a4]
J 176 C1 java.lang.ClassLoader.loadClass(Ljava/lang/String;)Ljava/lang/Class; (7 bytes) @ 0x00007a612d16bc44 [0x00007a612d16bb40+0x104]
v  ~StubRoutines::call_stub
j  edu.wisc.cs.will.FOPC.Theory.printClause(Ledu/wisc/cs/will/FOPC/Clause;Ljava/lang/String;Ledu/wisc/cs/will/FOPC/BindingList;)Ljava/lang/String;+10
j  edu.wisc.cs.will.FOPC.Theory.toPrettyString(Ljava/lang/String;ILedu/wisc/cs/will/FOPC/BindingList;)Ljava/lang/String;+159
j  edu.wisc.cs.will.FOPC.TreeStructuredTheory.printRelationalTree(Ljava/lang/String;ILedu/wisc/cs/will/FOPC/BindingList;)Ljava/lang/String;+166
j  edu.wisc.cs.will.FOPC.TreeStructuredTheory.toPrettyString(Ljava/lang/String;ILedu/wisc/cs/will/FOPC/BindingList;)Ljava/lang/String;+4
j  edu.wisc.cs.will.FOPC.Theory.toPrettyString()Ljava/lang/String;+24
j  edu.wisc.cs.will.Boosting.RDN.LearnBoostedRDN.dumpTheoryToFiles(Ledu/wisc/cs/will/FOPC/Theory;II)V+160
j  edu.wisc.cs.will.Boosting.RDN.LearnBoostedRDN.getWILLTree(Ljava/util/List;II)Ledu/wisc/cs/will/Boosting/Trees/RegressionTree;+164
j  edu.wisc.cs.will.Boosting.RDN.LearnBoostedRDN.learnRDN(Ljava/lang/String;Ledu/wisc/cs/will/Boosting/RDN/ConditionalModelPerPredicate;Ledu/wisc/cs/will/Boosting/Common/SRLInference;Ljava/lang/String;Ledu/wisc/cs/will/Boosting/Common/RunBoostedModels;I)V+894
j  edu.wisc.cs.will.Boosting.RDN.LearnBoostedRDN.learnNextModel(Ledu/wisc/cs/will/Boosting/Common/RunBoostedModels;Ledu/wisc/cs/will/Boosting/Common/SRLInference;Ledu/wisc/cs/will/Boosting/RDN/ConditionalModelPerPredicate;I)V+79
j  edu.wisc.cs.will.Boosting.RDN.RunBoostedRDN.learn()V+989
j  edu.wisc.cs.will.Boosting.Common.RunBoostedModels.learnModel()V+9
j  edu.wisc.cs.will.Boosting.RDN.RunBoostedRDN.runJob()V+20
j  edu.wisc.cs.will.Boosting.RDN.RunBoostedRDN.main([Ljava/lang/String;)V+340
v  ~StubRoutines::call_stub

---------------  P R O C E S S  ---------------

Java Threads: ( => current thread )
  0x00007a613c27e800 JavaThread "Service Thread" daemon [_thread_blocked, id=12395, stack(0x00007a610a4fc000,0x00007a610a5fc000)]
  0x00007a613c259000 JavaThread "C1 CompilerThread3" daemon [_thread_blocked, id=12394, stack(0x00007a610a5fd000,0x00007a610a6fd000)]
  0x00007a613c257000 JavaThread "C2 CompilerThread2" daemon [_thread_blocked, id=12393, stack(0x00007a610a6fe000,0x00007a610a7fe000)]
  0x00007a613c255000 JavaThread "C2 CompilerThread1" daemon [_thread_blocked, id=12392, stack(0x00007a610a7ff000,0x00007a610a8ff000)]
  0x00007a613c252800 JavaThread "C2 CompilerThread0" daemon [_thread_in_native, id=12391, stack(0x00007a610a900000,0x00007a610aa00000)]
  0x00007a613c24f800 JavaThread "Signal Dispatcher" daemon [_thread_blocked, id=12390, stack(0x00007a610aff3000,0x00007a610b0f3000)]
  0x00007a613c21c000 JavaThread "Finalizer" daemon [_thread_blocked, id=12389, stack(0x00007a610b0f3000,0x00007a610b1f3000)]
  0x00007a613c217800 JavaThread "Reference Handler" daemon [_thread_blocked, id=12388, stack(0x00007a610b1f3000,0x00007a610b2f3000)]
=>0x00007a613c00a000 JavaThread "main" [_thread_in_native, id=12376, stack(0x00007a6141900000,0x00007a6141a00000)]

Other Threads:
  0x00007a613c20d800 VMThread [stack: 0x00007a610b2f4000,0x00007a610b3f4000] [id=12387]
  0x00007a613c281000 WatcherThread [stack: 0x00007a610a3fc000,0x00007a610a4fc000] [id=12396]

VM state:not at safepoint (normal execution)

VM Mutex/Monitor currently owned by a thread:  ([mutex/lock_event])
[0x00007a613c0079d0] CodeCache_lock - owner thread: 0x0000000000000000

heap address: 0x00000005c0000000, size: 8192 MB, Compressed Oops mode: Zero based, Oop shift amount: 3
Narrow klass base: 0x0000000000000000, Narrow klass shift: 3
Compressed class space size: 1073741824 Address: 0x00000007c0000000

Heap:
 PSYoungGen      total 2415616K, used 41597K [0x0000000715580000, 0x00000007bcf80000, 0x00000007c0000000)
  eden space 2094080K, 1% used [0x0000000715580000,0x0000000717e1f4e0,0x0000000795280000)
  from space 321536K, 0% used [0x0000000795280000,0x0000000795280000,0x00000007a8c80000)
  to   space 323072K, 0% used [0x00000007a9400000,0x00000007a9400000,0x00000007bcf80000)
 ParOldGen       total 1504768K, used 953909K [0x00000005c0000000, 0x000000061bd80000, 0x0000000715580000)
  object space 1504768K, 63% used [0x00000005c0000000,0x00000005fa38d6d8,0x000000061bd80000)
 Metaspace       used 8790K, capacity 8864K, committed 8960K, reserved 1056768K
  class space    used 681K, capacity 720K, committed 768K, reserved 1048576K

Card table byte_map: [0x00007a612bfff000,0x00007a612d000000] byte_map_base: 0x00007a61291ff000

Marking Bits: (ParMarkBitMap*) 0x00007a614184be80
 Begin Bits: [0x00007a610c000000, 0x00007a6114000000)
 End Bits:   [0x00007a6114000000, 0x00007a611c000000)

Polling page: 0x00007a6141d7b000

CodeCache: size=245760Kb used=11526Kb max_used=11542Kb free=234234Kb
 bounds [0x00007a612d000000, 0x00007a612dc20000, 0x00007a613c000000]
 total_blobs=1797 nmethods=1460 adapters=249
 compilation: enabled

Compilation events (10 events):
Event: 170.632 Thread 0x00007a613c257000 nmethod 2186 0x00007a612d5a3f10 code [0x00007a612d5a40e0, 0x00007a612d5a49f8]
Event: 170.632 Thread 0x00007a613c257000 2202  s    4       java.io.BufferedInputStream::read (49 bytes)
Event: 170.632 Thread 0x00007a613c259000 2207       3       java.lang.ref.ReferenceQueue::remove (6 bytes)
Event: 170.633 Thread 0x00007a613c255000 nmethod 2183 0x00007a612d5a1b50 code [0x00007a612d5a1da0, 0x00007a612d5a2e78]
Event: 170.633 Thread 0x00007a613c255000 2206       4       java.lang.String::indexOf (7 bytes)
Event: 170.633 Thread 0x00007a613c259000 nmethod 2207 0x00007a612d5eaed0 code [0x00007a612d5eb040, 0x00007a612d5eb248]
Event: 170.633 Thread 0x00007a613c259000 2208   !   3       java.lang.ref.ReferenceQueue::remove (125 bytes)
Event: 170.633 Thread 0x00007a613c252800 nmethod 2173 0x00007a612d59f5d0 code [0x00007a612d59f7e0, 0x00007a612d5a0988]
Event: 170.633 Thread 0x00007a613c252800 2179       4       edu.wisc.cs.will.FOPC.HandleFOPCstrings::getGeneratedVariable (39 bytes)
Event: 170.634 Thread 0x00007a613c259000 nmethod 2208 0x00007a612d1a2e10 code [0x00007a612d1a3000, 0x00007a612d1a38b8]

GC Heap History (10 events):
Event: 142.401 GC heap before
{Heap before GC invocations=36 (full 3):
 PSYoungGen      total 2370048K, used 2134307K [0x0000000715580000, 0x00000007b9180000, 0x00000007c0000000)
  eden space 2064384K, 100% used [0x0000000715580000,0x0000000793580000,0x0000000793580000)
  from space 305664K, 22% used [0x00000007a6700000,0x00000007aab48c00,0x00000007b9180000)
  to   space 309248K, 0% used [0x0000000793580000,0x0000000793580000,0x00000007a6380000)
 ParOldGen       total 1047040K, used 921348K [0x00000005c0000000, 0x00000005ffe80000, 0x0000000715580000)
  object space 1047040K, 87% used [0x00000005c0000000,0x00000005f83c1060,0x00000005ffe80000)
 Metaspace       used 8003K, capacity 8276K, committed 8448K, reserved 1056768K
  class space    used 605K, capacity 656K, committed 768K, reserved 1048576K
Event: 142.500 GC heap after
Heap after GC invocations=36 (full 3):
 PSYoungGen      total 2373632K, used 23764K [0x0000000715580000, 0x00000007bc080000, 0x00000007c0000000)
  eden space 2064384K, 0% used [0x0000000715580000,0x0000000715580000,0x0000000793580000)
  from space 309248K, 7% used [0x0000000793580000,0x0000000794cb51b8,0x00000007a6380000)
  to   space 315392K, 0% used [0x00000007a8c80000,0x00000007a8c80000,0x00000007bc080000)
 ParOldGen       total 1047040K, used 965940K [0x00000005c0000000, 0x00000005ffe80000, 0x0000000715580000)
  object space 1047040K, 92% used [0x00000005c0000000,0x00000005faf4d0e0,0x00000005ffe80000)
 Metaspace       used 8003K, capacity 8276K, committed 8448K, reserved 1056768K
  class space    used 605K, capacity 656K, committed 768K, reserved 1048576K
}
Event: 142.500 GC heap before
{Heap before GC invocations=37 (full 4):
 PSYoungGen      total 2373632K, used 23764K [0x0000000715580000, 0x00000007bc080000, 0x00000007c0000000)
  eden space 2064384K, 0% used [0x0000000715580000,0x0000000715580000,0x0000000793580000)
  from space 309248K, 7% used [0x0000000793580000,0x0000000794cb51b8,0x00000007a6380000)
  to   space 315392K, 0% used [0x00000007a8c80000,0x00000007a8c80000,0x00000007bc080000)
 ParOldGen       total 1047040K, used 965940K [0x00000005c0000000, 0x00000005ffe80000, 0x0000000715580000)
  object space 1047040K, 92% used [0x00000005c0000000,0x00000005faf4d0e0,0x00000005ffe80000)
 Metaspace       used 8003K, capacity 8276K, committed 8448K, reserved 1056768K
  class space    used 605K, capacity 656K, committed 768K, reserved 1048576K
Event: 144.910 GC heap after
Heap after GC invocations=37 (full 4):
 PSYoungGen      total 2373632K, used 0K [0x0000000715580000, 0x00000007bc080000, 0x00000007c0000000)
  eden space 2064384K, 0% used [0x0000000715580000,0x0000000715580000,0x0000000793580000)
  from space 309248K, 0% used [0x0000000793580000,0x0000000793580000,0x00000007a6380000)
  to   space 315392K, 0% used [0x00000007a8c80000,0x00000007a8c80000,0x00000007bc080000)
 ParOldGen       total 1504768K, used 950787K [0x00000005c0000000, 0x000000061bd80000, 0x0000000715580000)
  object space 1504768K, 63% used [0x00000005c0000000,0x00000005fa080ed8,0x000000061bd80000)
 Metaspace       used 8003K, capacity 8276K, committed 8448K, reserved 1056768K
  class space    used 605K, capacity 656K, committed 768K, reserved 1048576K
}
Event: 152.856 GC heap before
{Heap before GC invocations=38 (full 4):
 PSYoungGen      total 2373632K, used 2064384K [0x0000000715580000, 0x00000007bc080000, 0x00000007c0000000)
  eden space 2064384K, 100% used [0x0000000715580000,0x0000000793580000,0x0000000793580000)
  from space 309248K, 0% used [0x0000000793580000,0x0000000793580000,0x00000007a6380000)
  to   space 315392K, 0% used [0x00000007a8c80000,0x00000007a8c80000,0x00000007bc080000)
 ParOldGen       total 1504768K, used 950787K [0x00000005c0000000, 0x000000061bd80000, 0x0000000715580000)
  object space 1504768K, 63% used [0x00000005c0000000,0x00000005fa080ed8,0x000000061bd80000)
 Metaspace       used 8070K, capacity 8340K, committed 8704K, reserved 1056768K
  class space    used 605K, capacity 656K, committed 768K, reserved 1048576K
Event: 152.864 GC heap after
Heap after GC invocations=38 (full 4):
 PSYoungGen      total 2409472K, used 2368K [0x0000000715580000, 0x00000007bcc80000, 0x00000007c0000000)
  eden space 2094080K, 0% used [0x0000000715580000,0x0000000715580000,0x0000000795280000)
  from space 315392K, 0% used [0x00000007a8c80000,0x00000007a8ed0070,0x00000007bc080000)
  to   space 321536K, 0% used [0x0000000795280000,0x0000000795280000,0x00000007a8c80000)
 ParOldGen       total 1504768K, used 950787K [0x00000005c0000000, 0x000000061bd80000, 0x0000000715580000)
  object space 1504768K, 63% used [0x00000005c0000000,0x00000005fa080ed8,0x000000061bd80000)
 Metaspace       used 8070K, capacity 8340K, committed 8704K, reserved 1056768K
  class space    used 605K, capacity 656K, committed 768K, reserved 1048576K
}
Event: 162.748 GC heap before
{Heap before GC invocations=39 (full 4):
 PSYoungGen      total 2409472K, used 2011889K [0x0000000715580000, 0x00000007bcc80000, 0x00000007c0000000)
  eden space 2094080K, 95% used [0x0000000715580000,0x000000078ffec760,0x0000000795280000)
  from space 315392K, 0% used [0x00000007a8c80000,0x00000007a8ed0070,0x00000007bc080000)
  to   space 321536K, 0% used [0x0000000795280000,0x0000000795280000,0x00000007a8c80000)
 ParOldGen       total 1504768K, used 950787K [0x00000005c0000000, 0x000000061bd80000, 0x0000000715580000)
  object space 1504768K, 63% used [0x00000005c0000000,0x00000005fa080ed8,0x000000061bd80000)
 Metaspace       used 8788K, capacity 8864K, committed 8960K, reserved 1056768K
  class space    used 681K, capacity 720K, committed 768K, reserved 1048576K
Event: 162.759 GC heap after
Heap after GC invocations=39 (full 4):
 PSYoungGen      total 2415616K, used 4036K [0x0000000715580000, 0x00000007bcf80000, 0x00000007c0000000)
  eden space 2094080K, 0% used [0x0000000715580000,0x0000000715580000,0x0000000795280000)
  from space 321536K, 1% used [0x0000000795280000,0x0000000795671168,0x00000007a8c80000)
  to   space 323072K, 0% used [0x00000007a9400000,0x00000007a9400000,0x00000007bcf80000)
 ParOldGen       total 1504768K, used 950795K [0x00000005c0000000, 0x000000061bd80000, 0x0000000715580000)
  object space 1504768K, 63% used [0x00000005c0000000,0x00000005fa082ed8,0x000000061bd80000)
 Metaspace       used 8788K, capacity 8864K, committed 8960K, reserved 1056768K
  class space    used 681K, capacity 720K, committed 768K, reserved 1048576K
}
Event: 162.759 GC heap before
{Heap before GC invocations=40 (full 5):
 PSYoungGen      total 2415616K, used 4036K [0x0000000715580000, 0x00000007bcf80000, 0x00000007c0000000)
  eden space 2094080K, 0% used [0x0000000715580000,0x0000000715580000,0x0000000795280000)
  from space 321536K, 1% used [0x0000000795280000,0x0000000795671168,0x00000007a8c80000)
  to   space 323072K, 0% used [0x00000007a9400000,0x00000007a9400000,0x00000007bcf80000)
 ParOldGen       total 1504768K, used 950795K [0x00000005c0000000, 0x000000061bd80000, 0x0000000715580000)
  object space 1504768K, 63% used [0x00000005c0000000,0x00000005fa082ed8,0x000000061bd80000)
 Metaspace       used 8788K, capacity 8864K, committed 8960K, reserved 1056768K
  class space    used 681K, capacity 720K, committed 768K, reserved 1048576K
Event: 170.630 GC heap after
Heap after GC invocations=40 (full 5):
 PSYoungGen      total 2415616K, used 0K [0x0000000715580000, 0x00000007bcf80000, 0x00000007c0000000)
  eden space 2094080K, 0% used [0x0000000715580000,0x0000000715580000,0x0000000795280000)
  from space 321536K, 0% used [0x0000000795280000,0x0000000795280000,0x00000007a8c80000)
  to   space 323072K, 0% used [0x00000007a9400000,0x00000007a9400000,0x00000007bcf80000)
 ParOldGen       total 1504768K, used 953909K [0x00000005c0000000, 0x000000061bd80000, 0x0000000715580000)
  object space 1504768K, 63% used [0x00000005c0000000,0x00000005fa38d6d8,0x000000061bd80000)
 Metaspace       used 8788K, capacity 8864K, committed 8960K, reserved 1056768K
  class space    used 681K, capacity 720K, committed 768K, reserved 1048576K
}

Deoptimization events (10 events):
Event: 162.739 Thread 0x00007a613c00a000 Uncommon trap: reason=unstable_if action=reinterpret pc=0x00007a612d74a8f0 method=java.util.Arrays.copyOf([Ljava/lang/Object;ILjava/lang/Class;)[Ljava/lang/Object; @ 3
Event: 162.742 Thread 0x00007a613c00a000 Uncommon trap: reason=unstable_if action=reinterpret pc=0x00007a612d442bcc method=java.lang.CharacterDataLatin1.toUpperCaseEx(I)I @ 12
Event: 162.743 Thread 0x00007a613c00a000 Uncommon trap: reason=bimorphic action=maybe_recompile pc=0x00007a612d46ab94 method=java.util.AbstractCollection.isEmpty()Z @ 1
Event: 162.743 Thread 0x00007a613c00a000 Uncommon trap: reason=bimorphic action=maybe_recompile pc=0x00007a612d3d7338 method=java.util.ArrayList.<init>(Ljava/util/Collection;)V @ 5
Event: 170.630 Thread 0x00007a613c00a000 Uncommon trap: reason=unstable_if action=reinterpret pc=0x00007a612d301928 method=java.lang.Long.getChars(JI[C)V @ 94
Event: 170.634 Thread 0x00007a613c00a000 Uncommon trap: reason=unstable_if action=reinterpret pc=0x00007a612d444f94 method=edu.wisc.cs.will.FOPC.Variable.toString(ILedu/wisc/cs/will/FOPC/BindingList;)Ljava/lang/String; @ 18
Event: 170.634 Thread 0x00007a613c00a000 Uncommon trap: reason=unstable_if action=reinterpret pc=0x00007a612d7aed74 method=edu.wisc.cs.will.FOPC.HandleFOPCstrings.getStringConstant(Ledu/wisc/cs/will/FOPC/TypeSpec;Ljava/lang/String;Z)Ledu/wisc/cs/will/FOPC/StringConstant; @ 10
Event: 170.634 Thread 0x00007a613c00a000 Uncommon trap: reason=unstable_if action=reinterpret pc=0x00007a612d147f74 method=edu.wisc.cs.will.FOPC.Variable.toString(ILedu/wisc/cs/will/FOPC/BindingList;)Ljava/lang/String; @ 18
Event: 170.634 Thread 0x00007a613c00a000 Uncommon trap: reason=unstable_if action=reinterpret pc=0x00007a612d3eda64 method=edu.wisc.cs.will.FOPC.BindingList.lookup(Ledu/wisc/cs/will/FOPC/Variable;)Ledu/wisc/cs/will/FOPC/Term; @ 13
Event: 170.635 Thread 0x00007a613c00a000 Uncommon trap: reason=unstable_if action=reinterpret pc=0x00007a612d749c64 method=java.lang.Math.max(DD)D @ 11

Classes redefined (0 events):
No events

Internal exceptions (10 events):
Event: 25.466 Thread 0x00007a613c00a000 Implicit null exception at 0x00007a612d427a9d to 0x00007a612d42840d
Event: 34.271 Thread 0x00007a613c00a000 Implicit null exception at 0x00007a612d464f37 to 0x00007a612d4659d5
Event: 38.758 Thread 0x00007a613c00a000 Implicit null exception at 0x00007a612d4c94d9 to 0x00007a612d4c96c9
Event: 38.883 Thread 0x00007a613c00a000 Implicit null exception at 0x00007a612d5dfc49 to 0x00007a612d5e0d15
Event: 53.109 Thread 0x00007a613c00a000 Implicit null exception at 0x00007a612d8456c7 to 0x00007a612d84659d
Event: 53.109 Thread 0x00007a613c00a000 Implicit null exception at 0x00007a612d2e6c30 to 0x00007a612d2e7326
Event: 53.882 Thread 0x00007a613c00a000 Implicit null exception at 0x00007a612d2f4298 to 0x00007a612d2f5b09
Event: 54.261 Thread 0x00007a613c00a000 Implicit null exception at 0x00007a612d467fcf to 0x00007a612d46850b
Event: 162.698 Thread 0x00007a613c00a000 Implicit null exception at 0x00007a612d610c3a to 0x00007a612d613159
Event: 162.698 Thread 0x00007a613c00a000 Implicit null exception at 0x00007a612d1ec1d7 to 0x00007a612d1ec609

Events (10 events):
Event: 170.634 Thread 0x00007a613c00a000 DEOPT PACKING pc=0x00007a612d147f74 sp=0x00007a61419fe150
Event: 170.634 Thread 0x00007a613c00a000 DEOPT UNPACKING pc=0x00007a612d04557a sp=0x00007a61419fe100 mode 2
Event: 170.634 Thread 0x00007a613c00a000 Uncommon trap: trap_request=0xffffff65 fr.pc=0x00007a612d3eda64
Event: 170.634 Thread 0x00007a613c00a000 DEOPT PACKING pc=0x00007a612d3eda64 sp=0x00007a61419fdf20
Event: 170.634 Thread 0x00007a613c00a000 DEOPT UNPACKING pc=0x00007a612d04557a sp=0x00007a61419fdef8 mode 2
Event: 170.635 Thread 0x00007a613c00a000 Uncommon trap: trap_request=0xffffff65 fr.pc=0x00007a612d749c64
Event: 170.635 Thread 0x00007a613c00a000 DEOPT PACKING pc=0x00007a612d749c64 sp=0x00007a61419fe030
Event: 170.635 Thread 0x00007a613c00a000 DEOPT UNPACKING pc=0x00007a612d04557a sp=0x00007a61419fdff8 mode 2
Event: 170.635 loading class edu/wisc/cs/will/FOPC/PrettyPrinter
Event: 170.635 loading class edu/wisc/cs/will/FOPC/PrettyPrinter done


Dynamic libraries:
5c0000000-61bd80000 rw-p 00000000 00:00 0 
61bd80000-715580000 ---p 00000000 00:00 0 
715580000-7bcf80000 rw-p 00000000 00:00 0 
7bcf80000-7c0000000 ---p 00000000 00:00 0 
7c0000000-7c00c0000 rw-p 00000000 00:00 0 
7c00c0000-800000000 ---p 00000000 00:00 0 
5d46957a9000-5d46957aa000 r-xp 00000000 103:02 11280191                  /home/nikhilesh/software/miniconda3/envs/nesy-il/bin/java
5d46957aa000-5d46957ab000 r--p 00000000 103:02 11280191                  /home/nikhilesh/software/miniconda3/envs/nesy-il/bin/java
5d46957ab000-5d46957ac000 rw-p 00001000 103:02 11280191                  /home/nikhilesh/software/miniconda3/envs/nesy-il/bin/java
5d46957ac000-5d46957ad000 rw-p 00003000 103:02 11280191                  /home/nikhilesh/software/miniconda3/envs/nesy-il/bin/java
5d46b8aa4000-5d46b8ac5000 rw-p 00000000 00:00 0                          [heap]
7a60b4000000-7a60b4021000 rw-p 00000000 00:00 0 
7a60b4021000-7a60b8000000 ---p 00000000 00:00 0 
7a60b8000000-7a60ba5d5000 rw-p 00000000 00:00 0 
7a60ba5d5000-7a60bc000000 ---p 00000000 00:00 0 
7a60bc000000-7a60bd4cd000 rw-p 00000000 00:00 0 
7a60bd4cd000-7a60c0000000 ---p 00000000 00:00 0 
7a60c0000000-7a60c0021000 rw-p 00000000 00:00 0 
7a60c0021000-7a60c4000000 ---p 00000000 00:00 0 
7a60c4000000-7a60c7ff9000 rw-p 00000000 00:00 0 
7a60c7ff9000-7a60c8000000 ---p 00000000 00:00 0 
7a60c8000000-7a60cb405000 rw-p 00000000 00:00 0 
7a60cb405000-7a60cc000000 ---p 00000000 00:00 0 
7a60cc000000-7a60cc021000 rw-p 00000000 00:00 0 
7a60cc021000-7a60d0000000 ---p 00000000 00:00 0 
7a60d0000000-7a60d101a000 rw-p 00000000 00:00 0 
7a60d101a000-7a60d4000000 ---p 00000000 00:00 0 
7a60d4000000-7a60d4021000 rw-p 00000000 00:00 0 
7a60d4021000-7a60d8000000 ---p 00000000 00:00 0 
7a60d8000000-7a60d8021000 rw-p 00000000 00:00 0 
7a60d8021000-7a60dc000000 ---p 00000000 00:00 0 
7a60dc000000-7a60dc021000 rw-p 00000000 00:00 0 
7a60dc021000-7a60e0000000 ---p 00000000 00:00 0 
7a60e0000000-7a60e0021000 rw-p 00000000 00:00 0 
7a60e0021000-7a60e4000000 ---p 00000000 00:00 0 
7a60e4000000-7a60e4021000 rw-p 00000000 00:00 0 
7a60e4021000-7a60e8000000 ---p 00000000 00:00 0 
7a60ec000000-7a60ec021000 rw-p 00000000 00:00 0 
7a60ec021000-7a60f0000000 ---p 00000000 00:00 0 
7a60f4000000-7a60f4021000 rw-p 00000000 00:00 0 
7a60f4021000-7a60f8000000 ---p 00000000 00:00 0 
7a60f8000000-7a60f8021000 rw-p 00000000 00:00 0 
7a60f8021000-7a60fc000000 ---p 00000000 00:00 0 
7a60fc000000-7a60fc021000 rw-p 00000000 00:00 0 
7a60fc021000-7a6100000000 ---p 00000000 00:00 0 
7a6104000000-7a6104021000 rw-p 00000000 00:00 0 
7a6104021000-7a6108000000 ---p 00000000 00:00 0 
7a610a3fb000-7a610a3fc000 ---p 00000000 00:00 0 
7a610a3fc000-7a610a4fc000 rw-p 00000000 00:00 0 
7a610a4fc000-7a610a500000 ---p 00000000 00:00 0 
7a610a500000-7a610a5fc000 rw-p 00000000 00:00 0 
7a610a5fc000-7a610a5fd000 ---p 00000000 00:00 0 
7a610a5fd000-7a610a601000 ---p 00000000 00:00 0 
7a610a601000-7a610a6fd000 rw-p 00000000 00:00 0 
7a610a6fd000-7a610a6fe000 ---p 00000000 00:00 0 
7a610a6fe000-7a610a702000 ---p 00000000 00:00 0 
7a610a702000-7a610a7fe000 rw-p 00000000 00:00 0 
7a610a7fe000-7a610a7ff000 ---p 00000000 00:00 0 
7a610a7ff000-7a610a803000 ---p 00000000 00:00 0 
7a610a803000-7a610a8ff000 rw-p 00000000 00:00 0 
7a610a8ff000-7a610a900000 ---p 00000000 00:00 0 
7a610a900000-7a610a904000 ---p 00000000 00:00 0 
7a610a904000-7a610aa00000 rw-p 00000000 00:00 0 
7a610aa00000-7a610af76000 r--p 00000000 103:02 15598559                  /usr/lib/locale/locale-archive
7a610aff3000-7a610aff7000 ---p 00000000 00:00 0 
7a610aff7000-7a610b0f3000 rw-p 00000000 00:00 0 
7a610b0f3000-7a610b0f7000 ---p 00000000 00:00 0 
7a610b0f7000-7a610b1f3000 rw-p 00000000 00:00 0 
7a610b1f3000-7a610b1f7000 ---p 00000000 00:00 0 
7a610b1f7000-7a610b2f3000 rw-p 00000000 00:00 0 
7a610b2f3000-7a610b2f4000 ---p 00000000 00:00 0 
7a610b2f4000-7a610b3f4000 rw-p 00000000 00:00 0 
7a610b3f4000-7a611c129000 rw-p 00000000 00:00 0 
7a611c129000-7a6120000000 ---p 00000000 00:00 0 
7a6120000000-7a6120401000 rw-p 00000000 00:00 0 
7a6120401000-7a6124000000 ---p 00000000 00:00 0 
7a6124000000-7a6124021000 rw-p 00000000 00:00 0 
7a6124021000-7a6128000000 ---p 00000000 00:00 0 
7a61280c7000-7a612962b000 rw-p 00000000 00:00 0 
7a612962b000-7a6129800000 r--s 03d15000 103:02 11280290                  /home/nikhilesh/software/miniconda3/envs/nesy-il/jre/lib/rt.jar
7a6129800000-7a612a000000 rw-p 00000000 00:00 0 
7a612a000000-7a612b000000 rw-p 00000000 00:00 0 
7a612b01d000-7a612b035000 r-xp 00000000 103:02 11280391                  /home/nikhilesh/software/miniconda3/envs/nesy-il/jre/lib/amd64/libnet.so
7a612b035000-7a612b036000 r--p 00017000 103:02 11280391                  /home/nikhilesh/software/miniconda3/envs/nesy-il/jre/lib/amd64/libnet.so
7a612b036000-7a612b037000 rw-p 00018000 103:02 11280391                  /home/nikhilesh/software/miniconda3/envs/nesy-il/jre/lib/amd64/libnet.so
7a612b037000-7a612b03a000 rw-p 0001e000 103:02 11280391                  /home/nikhilesh/software/miniconda3/envs/nesy-il/jre/lib/amd64/libnet.so
7a612b03a000-7a612b150000 rw-p 00000000 00:00 0 
7a612b150000-7a612b151000 ---p 00000000 00:00 0 
7a612b151000-7a612b251000 rw-p 00000000 00:00 0 
7a612b251000-7a612b252000 ---p 00000000 00:00 0 
7a612b252000-7a612b352000 rw-p 00000000 00:00 0 
7a612b352000-7a612b353000 ---p 00000000 00:00 0 
7a612b353000-7a612b453000 rw-p 00000000 00:00 0 
7a612b453000-7a612b454000 ---p 00000000 00:00 0 
7a612b454000-7a612b554000 rw-p 00000000 00:00 0 
7a612b554000-7a612b833000 rw-p 00000000 00:00 0 
7a612b833000-7a612bfff000 ---p 00000000 00:00 0 
7a612bfff000-7a612c2de000 rw-p 00000000 00:00 0 
7a612c2de000-7a612caa9000 ---p 00000000 00:00 0 
7a612caa9000-7a612cfe7000 rw-p 00000000 00:00 0 
7a612cfe7000-7a612cfff000 ---p 00000000 00:00 0 
7a612cfff000-7a612d000000 rw-p 00000000 00:00 0 
7a612d000000-7a612dc20000 rwxp 00000000 00:00 0 
7a612dc20000-7a613c000000 ---p 00000000 00:00 0 
7a613c000000-7a613c756000 rw-p 00000000 00:00 0 
7a613c756000-7a6140000000 ---p 00000000 00:00 0 
7a6140011000-7a6140022000 r-xp 00000000 103:02 11280246                  /home/nikhilesh/software/miniconda3/envs/nesy-il/jre/lib/amd64/libnio.so
7a6140022000-7a6140023000 r--p 00010000 103:02 11280246                  /home/nikhilesh/software/miniconda3/envs/nesy-il/jre/lib/amd64/libnio.so
7a6140023000-7a6140024000 rw-p 00011000 103:02 11280246                  /home/nikhilesh/software/miniconda3/envs/nesy-il/jre/lib/amd64/libnio.so
7a6140024000-7a6140029000 rw-p 00017000 103:02 11280246                  /home/nikhilesh/software/miniconda3/envs/nesy-il/jre/lib/amd64/libnio.so
7a6140029000-7a614003a000 r--s 001aa000 103:02 14441068                  /home/nikhilesh/Projects/NeSY-Imitation-Learning/rdnboost-pi/target/boostsrl-weights-2.0.0.jar
7a614003a000-7a614003b000 ---p 00000000 00:00 0 
7a614003b000-7a614013b000 rw-p 00000000 00:00 0 
7a614013b000-7a614013c000 ---p 00000000 00:00 0 
7a614013c000-7a614023c000 rw-p 00000000 00:00 0 
7a614023c000-7a614023d000 ---p 00000000 00:00 0 
7a614023d000-7a614033d000 rw-p 00000000 00:00 0 
7a614033d000-7a614033e000 ---p 00000000 00:00 0 
7a614033e000-7a614043e000 rw-p 00000000 00:00 0 
7a614043e000-7a614043f000 ---p 00000000 00:00 0 
7a614043f000-7a614053f000 rw-p 00000000 00:00 0 
7a614053f000-7a6140540000 ---p 00000000 00:00 0 
7a6140540000-7a6140640000 rw-p 00000000 00:00 0 
7a6140640000-7a6140671000 rw-p 00000000 00:00 0 
7a6140671000-7a6140a00000 ---p 00000000 00:00 0 
7a6140a00000-7a6141774000 r-xp 00000000 103:02 11280188                  /home/nikhilesh/software/miniconda3/envs/nesy-il/jre/lib/amd64/server/libjvm.so
7a6141774000-7a6141775000 ---p 00d74000 103:02 11280188                  /home/nikhilesh/software/miniconda3/envs/nesy-il/jre/lib/amd64/server/libjvm.so
7a6141775000-7a614180c000 r--p 00d74000 103:02 11280188                  /home/nikhilesh/software/miniconda3/envs/nesy-il/jre/lib/amd64/server/libjvm.so
7a614180c000-7a6141835000 rw-p 00e0b000 103:02 11280188                  /home/nikhilesh/software/miniconda3/envs/nesy-il/jre/lib/amd64/server/libjvm.so
7a6141835000-7a6141869000 rw-p 00000000 00:00 0 
7a6141869000-7a614186e000 rw-p 010db000 103:02 11280188                  /home/nikhilesh/software/miniconda3/envs/nesy-il/jre/lib/amd64/server/libjvm.so
7a6141876000-7a614187c000 r--s 000d4000 103:02 11280160                  /home/nikhilesh/software/miniconda3/envs/nesy-il/jre/lib/jfr.jar
7a614187c000-7a61418d7000 rw-p 00000000 00:00 0 
7a61418d7000-7a61418f3000 r-xp 00000000 103:02 11280230                  /home/nikhilesh/software/miniconda3/envs/nesy-il/jre/lib/amd64/libzip.so
7a61418f3000-7a61418f4000 r--p 0001b000 103:02 11280230                  /home/nikhilesh/software/miniconda3/envs/nesy-il/jre/lib/amd64/libzip.so
7a61418f4000-7a61418f5000 rw-p 0001c000 103:02 11280230                  /home/nikhilesh/software/miniconda3/envs/nesy-il/jre/lib/amd64/libzip.so
7a61418f5000-7a61418f7000 rw-p 00021000 103:02 11280230                  /home/nikhilesh/software/miniconda3/envs/nesy-il/jre/lib/amd64/libzip.so
7a61418f7000-7a61418ff000 rw-s 00000000 00:32 339                        /tmp/hsperfdata_nikhilesh/12375
7a61418ff000-7a6141900000 ---p 00000000 00:00 0 
7a6141900000-7a6141904000 ---p 00000000 00:00 0 
7a6141904000-7a6141a00000 rw-p 00000000 00:00 0 
7a6141a00000-7a6141a28000 r--p 00000000 103:02 15600152                  /usr/lib/x86_64-linux-gnu/libc.so.6
7a6141a28000-7a6141bbd000 r-xp 00028000 103:02 15600152                  /usr/lib/x86_64-linux-gnu/libc.so.6
7a6141bbd000-7a6141c0c000 r--p 001bd000 103:02 15600152                  /usr/lib/x86_64-linux-gnu/libc.so.6
7a6141c0c000-7a6141c10000 r--p 0020b000 103:02 15600152                  /usr/lib/x86_64-linux-gnu/libc.so.6
7a6141c10000-7a6141c12000 rw-p 0020f000 103:02 15600152                  /usr/lib/x86_64-linux-gnu/libc.so.6
7a6141c12000-7a6141c1f000 rw-p 00000000 00:00 0 
7a6141c22000-7a6141c23000 r--s 00003000 103:02 11280306                  /home/nikhilesh/software/miniconda3/envs/nesy-il/jre/lib/cat.jar
7a6141c23000-7a6141c4c000 r-xp 00000000 103:02 11280150                  /home/nikhilesh/software/miniconda3/envs/nesy-il/jre/lib/amd64/libjava.so
7a6141c4c000-7a6141c4d000 ---p 00029000 103:02 11280150                  /home/nikhilesh/software/miniconda3/envs/nesy-il/jre/lib/amd64/libjava.so
7a6141c4d000-7a6141c4e000 r--p 00029000 103:02 11280150                  /home/nikhilesh/software/miniconda3/envs/nesy-il/jre/lib/amd64/libjava.so
7a6141c4e000-7a6141c50000 rw-p 0002a000 103:02 11280150                  /home/nikhilesh/software/miniconda3/envs/nesy-il/jre/lib/amd64/libjava.so
7a6141c50000-7a6141c57000 rw-p 00034000 103:02 11280150                  /home/nikhilesh/software/miniconda3/envs/nesy-il/jre/lib/amd64/libjava.so
7a6141c57000-7a6141c58000 r--p 00000000 103:02 15600166                  /usr/lib/x86_64-linux-gnu/librt.so.1
7a6141c58000-7a6141c59000 r-xp 00001000 103:02 15600166                  /usr/lib/x86_64-linux-gnu/librt.so.1
7a6141c59000-7a6141c5a000 r--p 00002000 103:02 15600166                  /usr/lib/x86_64-linux-gnu/librt.so.1
7a6141c5a000-7a6141c5b000 r--p 00002000 103:02 15600166                  /usr/lib/x86_64-linux-gnu/librt.so.1
7a6141c5b000-7a6141c5c000 rw-p 00003000 103:02 15600166                  /usr/lib/x86_64-linux-gnu/librt.so.1
7a6141c5c000-7a6141c6d000 r--p 00000000 103:02 15600155                  /usr/lib/x86_64-linux-gnu/libm.so.6
7a6141c6d000-7a6141cf3000 r-xp 00011000 103:02 15600155                  /usr/lib/x86_64-linux-gnu/libm.so.6
7a6141cf3000-7a6141d51000 r--p 00097000 103:02 15600155                  /usr/lib/x86_64-linux-gnu/libm.so.6
7a6141d51000-7a6141d52000 r--p 000f5000 103:02 15600155                  /usr/lib/x86_64-linux-gnu/libm.so.6
7a6141d52000-7a6141d53000 rw-p 000f6000 103:02 15600155                  /usr/lib/x86_64-linux-gnu/libm.so.6
7a6141d53000-7a6141d55000 rw-p 00000000 00:00 0 
7a6141d55000-7a6141d56000 r--p 00000000 103:02 15600154                  /usr/lib/x86_64-linux-gnu/libdl.so.2
7a6141d56000-7a6141d57000 r-xp 00001000 103:02 15600154                  /usr/lib/x86_64-linux-gnu/libdl.so.2
7a6141d57000-7a6141d58000 r--p 00002000 103:02 15600154                  /usr/lib/x86_64-linux-gnu/libdl.so.2
7a6141d58000-7a6141d59000 r--p 00002000 103:02 15600154                  /usr/lib/x86_64-linux-gnu/libdl.so.2
7a6141d59000-7a6141d5a000 rw-p 00003000 103:02 15600154                  /usr/lib/x86_64-linux-gnu/libdl.so.2
7a6141d5a000-7a6141d72000 r-xp 00000000 103:02 11280395                  /home/nikhilesh/software/miniconda3/envs/nesy-il/lib/libjli.so
7a6141d72000-7a6141d73000 r--p 00017000 103:02 11280395                  /home/nikhilesh/software/miniconda3/envs/nesy-il/lib/libjli.so
7a6141d73000-7a6141d74000 rw-p 00018000 103:02 11280395                  /home/nikhilesh/software/miniconda3/envs/nesy-il/lib/libjli.so
7a6141d74000-7a6141d75000 rw-p 00072000 103:02 11280395                  /home/nikhilesh/software/miniconda3/envs/nesy-il/lib/libjli.so
7a6141d75000-7a6141d76000 r--p 00000000 103:02 15600164                  /usr/lib/x86_64-linux-gnu/libpthread.so.0
7a6141d76000-7a6141d77000 r-xp 00001000 103:02 15600164                  /usr/lib/x86_64-linux-gnu/libpthread.so.0
7a6141d77000-7a6141d78000 r--p 00002000 103:02 15600164                  /usr/lib/x86_64-linux-gnu/libpthread.so.0
7a6141d78000-7a6141d79000 r--p 00002000 103:02 15600164                  /usr/lib/x86_64-linux-gnu/libpthread.so.0
7a6141d79000-7a6141d7a000 rw-p 00003000 103:02 15600164                  /usr/lib/x86_64-linux-gnu/libpthread.so.0
7a6141d7a000-7a6141d7b000 rw-p 00000000 00:00 0 
7a6141d7b000-7a6141d7c000 r--p 00000000 00:00 0 
7a6141d7c000-7a6141d89000 r-xp 00000000 103:02 11280142                  /home/nikhilesh/software/miniconda3/envs/nesy-il/jre/lib/amd64/libverify.so
7a6141d89000-7a6141d8b000 r--p 0000c000 103:02 11280142                  /home/nikhilesh/software/miniconda3/envs/nesy-il/jre/lib/amd64/libverify.so
7a6141d8b000-7a6141d8c000 rw-p 0000e000 103:02 11280142                  /home/nikhilesh/software/miniconda3/envs/nesy-il/jre/lib/amd64/libverify.so
7a6141d8c000-7a6141d8d000 rw-p 00011000 103:02 11280142                  /home/nikhilesh/software/miniconda3/envs/nesy-il/jre/lib/amd64/libverify.so
7a6141d8d000-7a6141d8f000 rw-p 00000000 00:00 0 
7a6141d8f000-7a6141d91000 r--p 00000000 00:00 0                          [vvar]
7a6141d91000-7a6141d93000 r--p 00000000 00:00 0                          [vvar_vclock]
7a6141d93000-7a6141d95000 r-xp 00000000 00:00 0                          [vdso]
7a6141d95000-7a6141d96000 r--p 00000000 103:02 15600149                  /usr/lib/x86_64-linux-gnu/ld-linux-x86-64.so.2
7a6141d96000-7a6141dc4000 r-xp 00001000 103:02 15600149                  /usr/lib/x86_64-linux-gnu/ld-linux-x86-64.so.2
7a6141dc4000-7a6141dcf000 r--p 0002f000 103:02 15600149                  /usr/lib/x86_64-linux-gnu/ld-linux-x86-64.so.2
7a6141dcf000-7a6141dd1000 r--p 0003a000 103:02 15600149                  /usr/lib/x86_64-linux-gnu/ld-linux-x86-64.so.2
7a6141dd1000-7a6141dd2000 rw-p 0003c000 103:02 15600149                  /usr/lib/x86_64-linux-gnu/ld-linux-x86-64.so.2
7a6141dd2000-7a6141dd3000 rw-p 00000000 00:00 0 
7ffdf514c000-7ffdf516e000 rw-p 00000000 00:00 0                          [stack]
ffffffffff600000-ffffffffff601000 --xp 00000000 00:00 0                  [vsyscall]

VM Arguments:
jvm_args: -Xmx8G 
java_command: rdnboost-pi/target/boostsrl-weights-2.0.0.jar -l -train data/seaquest/all/up/train -target action -trees 1 -aucJarPath rdnboost-pi/src/edu/wisc/cs/will/DataSetUtils/ -negPosRatio 2 -model rdn_models/seaquest/all_pi/negpos_2_trees_1_depth_2/up/seed_42 -pi
java_class_path (initial): rdnboost-pi/target/boostsrl-weights-2.0.0.jar
Launcher Type: SUN_STANDARD

Environment Variables:
JAVA_HOME=/home/nikhilesh/software/miniconda3/envs/nesy-il
PATH=/home/nikhilesh/software/apache-maven-3.9.11/bin:/home/nikhilesh/software/apache-maven-3.9.11/bin:/home/nikhilesh/software/miniconda3/envs/nesy-il/bin:/home/nikhilesh/software/miniconda3/condabin:/usr/local/sbin:/usr/local/bin:/usr/sbin:/usr/bin:/sbin:/bin:/usr/games:/usr/local/games:/snap/bin:/snap/bin:/home/nikhilesh/.antigravity/extensions/ms-python.debugpy-2025.18.0-linux-x64/bundled/scripts/noConfigScripts
USERNAME=nikhilesh
SHELL=/bin/bash
DISPLAY=:0

Signal Handlers:
SIGSEGV: [libjvm.so+0xb4cc90], sa_mask[0]=11111111011111111101111111111110, sa_flags=SA_RESTART|SA_SIGINFO
SIGBUS: [libjvm.so+0xb4cc90], sa_mask[0]=11111111011111111101111111111110, sa_flags=SA_RESTART|SA_SIGINFO
SIGFPE: [libjvm.so+0x9708b0], sa_mask[0]=11111111011111111101111111111110, sa_flags=SA_RESTART|SA_SIGINFO
SIGPIPE: [libjvm.so+0x9708b0], sa_mask[0]=11111111011111111101111111111110, sa_flags=SA_RESTART|SA_SIGINFO
SIGXFSZ: [libjvm.so+0x9708b0], sa_mask[0]=11111111011111111101111111111110, sa_flags=SA_RESTART|SA_SIGINFO
SIGILL: [libjvm.so+0x9708b0], sa_mask[0]=11111111011111111101111111111110, sa_flags=SA_RESTART|SA_SIGINFO
SIGUSR1: SIG_DFL, sa_mask[0]=00000000000000000000000000000000, sa_flags=none
SIGUSR2: [libjvm.so+0x970e60], sa_mask[0]=00000000000000000000000000000000, sa_flags=SA_RESTART|SA_SIGINFO
SIGHUP: [libjvm.so+0x970da0], sa_mask[0]=11111111011111111101111111111110, sa_flags=SA_RESTART|SA_SIGINFO
SIGINT: [libjvm.so+0x970da0], sa_mask[0]=11111111011111111101111111111110, sa_flags=SA_RESTART|SA_SIGINFO
SIGTERM: [libjvm.so+0x970da0], sa_mask[0]=11111111011111111101111111111110, sa_flags=SA_RESTART|SA_SIGINFO
SIGQUIT: [libjvm.so+0x970da0], sa_mask[0]=11111111011111111101111111111110, sa_flags=SA_RESTART|SA_SIGINFO


---------------  S Y S T E M  ---------------

OS:DISTRIB_ID=Ubuntu
DISTRIB_RELEASE=25.04
DISTRIB_CODENAME=plucky
DISTRIB_DESCRIPTION="Ubuntu 25.04"

uname:Linux 6.14.0-37-generic #37-Ubuntu SMP PREEMPT_DYNAMIC Fri Nov 14 22:10:32 UTC 2025 x86_64
libc:glibc 2.41 NPTL 2.41 
rlimit: STACK 8192k, CORE 0k, NPROC 59643, NOFILE 1073741816, AS infinity
load average:8.26 5.67 3.87

/proc/meminfo:
MemTotal:       15465400 kB
MemFree:          217332 kB
MemAvailable:    4016820 kB
Buffers:          347052 kB
Cached:          2921916 kB
SwapCached:        53476 kB
Active:         10050928 kB
Inactive:        2767872 kB
Active(anon):    7624484 kB
Inactive(anon):  2509732 kB
Active(file):    2426444 kB
Inactive(file):   258140 kB
Unevictable:      155960 kB
Mlocked:              32 kB
SwapTotal:       4194300 kB
SwapFree:        2991556 kB
Zswap:                 0 kB
Zswapped:              0 kB
Dirty:                60 kB
Writeback:             0 kB
AnonPages:       9698496 kB
Mapped:           648480 kB
Shmem:            584656 kB
KReclaimable:    1457752 kB
Slab:            1966648 kB
SReclaimable:    1457752 kB
SUnreclaim:       508896 kB
KernelStack:       19408 kB
PageTables:        67684 kB
SecPageTables:      5316 kB
NFS_Unstable:          0 kB
Bounce:                0 kB
WritebackTmp:          0 kB
CommitLimit:    11927000 kB
Committed_AS:   28883388 kB
VmallocTotal:   34359738367 kB
VmallocUsed:       68812 kB
VmallocChunk:          0 kB
Percpu:            13008 kB
HardwareCorrupted:     0 kB
AnonHugePages:      2048 kB
ShmemHugePages:   407552 kB
ShmemPmdMapped:        0 kB
FileHugePages:         0 kB
FilePmdMapped:         0 kB
Unaccepted:            0 kB
HugePages_Total:       0
HugePages_Free:        0
HugePages_Rsvd:        0
HugePages_Surp:        0
Hugepagesize:       2048 kB
Hugetlb:               0 kB
DirectMap4k:      429140 kB
DirectMap2M:     4425728 kB
DirectMap1G:    12582912 kB


CPU:total 12 (initial active 12) (12 cores per cpu, 1 threads per core) family 6 model 154 stepping 4, cmov, cx8, fxsr, mmx, sse, sse2, sse3, ssse3, sse4.1, sse4.2, popcnt, avx, avx2, aes, clmul, erms, 3dnowpref, lzcnt, tsc, tscinvbit, bmi1, bmi2, adx

/proc/cpuinfo:
processor	: 0
vendor_id	: GenuineIntel
cpu family	: 6
model		: 154
model name	: 12th Gen Intel(R) Core(TM) i7-1250U
stepping	: 4
microcode	: 0x437
cpu MHz		: 1000.000
cache size	: 12288 KB
physical id	: 0
siblings	: 12
core id		: 0
cpu cores	: 10
apicid		: 0
initial apicid	: 0
fpu		: yes
fpu_exception	: yes
cpuid level	: 32
wp		: yes
flags		: fpu vme de pse tsc msr pae mce cx8 apic sep mtrr pge mca cmov pat pse36 clflush dts acpi mmx fxsr sse sse2 ss ht tm pbe syscall nx pdpe1gb rdtscp lm constant_tsc art arch_perfmon pebs bts rep_good nopl xtopology nonstop_tsc cpuid aperfmperf tsc_known_freq pni pclmulqdq dtes64 monitor ds_cpl vmx smx est tm2 ssse3 sdbg fma cx16 xtpr pdcm pcid sse4_1 sse4_2 x2apic movbe popcnt tsc_deadline_timer aes xsave avx f16c rdrand lahf_lm abm 3dnowprefetch cpuid_fault epb ssbd ibrs ibpb stibp ibrs_enhanced tpr_shadow flexpriority ept vpid ept_ad fsgsbase tsc_adjust bmi1 avx2 smep bmi2 erms invpcid rdseed adx smap clflushopt clwb intel_pt sha_ni xsaveopt xsavec xgetbv1 xsaves split_lock_detect user_shstk avx_vnni dtherm ida arat pln pts hwp hwp_notify hwp_act_window hwp_epp hwp_pkg_req hfi vnmi umip pku ospke waitpkg gfni vaes vpclmulqdq rdpid movdiri movdir64b fsrm md_clear serialize arch_lbr ibt flush_l1d arch_capabilities
vmx flags	: vnmi preemption_timer posted_intr invvpid ept_x_only ept_ad ept_1gb flexpriority apicv tsc_offset vtpr mtf vapic ept vpid unrestricted_guest vapic_reg vid ple shadow_vmcs ept_violation_ve ept_mode_based_exec tsc_scaling usr_wait_pause
bugs		: spectre_v1 spectre_v2 spec_store_bypass swapgs eibrs_pbrsb rfds bhi vmscape
bogomips	: 3763.20
clflush size	: 64
cache_alignment	: 64
address sizes	: 39 bits physical, 48 bits virtual
power management:

processor	: 1
vendor_id	: GenuineIntel
cpu family	: 6
model		: 154
model name	: 12th Gen Intel(R) Core(TM) i7-1250U
stepping	: 4
microcode	: 0x437
cpu MHz		: 1000.010
cache size	: 12288 KB
physical id	: 0
siblings	: 12
core id		: 0
cpu cores	: 10
apicid		: 1
initial apicid	: 1
fpu		: yes
fpu_exception	: yes
cpuid level	: 32
wp		: yes
flags		: fpu vme de pse tsc msr pae mce cx8 apic sep mtrr pge mca cmov pat pse36 clflush dts acpi mmx fxsr sse sse2 ss ht tm pbe syscall nx pdpe1gb rdtscp lm constant_tsc art arch_perfmon pebs bts rep_good nopl xtopology nonstop_tsc cpuid aperfmperf tsc_known_freq pni pclmulqdq dtes64 monitor ds_cpl vmx smx est tm2 ssse3 sdbg fma cx16 xtpr pdcm pcid sse4_1 sse4_2 x2apic movbe popcnt tsc_deadline_timer aes xsave avx f16c rdrand lahf_lm abm 3dnowprefetch cpuid_fault epb ssbd ibrs ibpb stibp ibrs_enhanced tpr_shadow flexpriority ept vpid ept_ad fsgsbase tsc_adjust bmi1 avx2 smep bmi2 erms invpcid rdseed adx smap clflushopt clwb intel_pt sha_ni xsaveopt xsavec xgetbv1 xsaves split_lock_detect user_shstk avx_vnni dtherm ida arat pln pts hwp hwp_notify hwp_act_window hwp_epp hwp_pkg_req hfi vnmi umip pku ospke waitpkg gfni vaes vpclmulqdq rdpid movdiri movdir64b fsrm md_clear serialize arch_lbr ibt flush_l1d arch_capabilities
vmx flags	: vnmi preemption_timer posted_intr invvpid ept_x_only ept_ad ept_1gb flexpriority apicv tsc_offset vtpr mtf vapic ept vpid unrestricted_guest vapic_reg vid ple shadow_vmcs ept_violation_ve ept_mode_based_exec tsc_scaling usr_wait_pause
bugs		: spectre_v1 spectre_v2 spec_store_bypass swapgs eibrs_pbrsb rfds bhi vmscape
bogomips	: 3763.20
clflush size	: 64
cache_alignment	: 64
address sizes	: 39 bits physical, 48 bits virtual
power management:

processor	: 2
vendor_id	: GenuineIntel
cpu family	: 6
model		: 154
model name	: 12th Gen Intel(R) Core(TM) i7-1250U
stepping	: 4
microcode	: 0x437
cpu MHz		: 1000.846
cache size	: 12288 KB
physical id	: 0
siblings	: 12
core id		: 4
cpu cores	: 10
apicid		: 8
initial apicid	: 8
fpu		: yes
fpu_exception	: yes
cpuid level	: 32
wp		: yes
flags		: fpu vme de pse tsc msr pae mce cx8 apic sep mtrr pge mca cmov pat pse36 clflush dts acpi mmx fxsr sse sse2 ss ht tm pbe syscall nx pdpe1gb rdtscp lm constant_tsc art arch_perfmon pebs bts rep_good nopl xtopology nonstop_tsc cpuid aperfmperf tsc_known_freq pni pclmulqdq dtes64 monitor ds_cpl vmx smx est tm2 ssse3 sdbg fma cx16 xtpr pdcm pcid sse4_1 sse4_2 x2apic movbe popcnt tsc_deadline_timer aes xsave avx f16c rdrand lahf_lm abm 3dnowprefetch cpuid_fault epb ssbd ibrs ibpb stibp ibrs_enhanced tpr_shadow flexpriority ept vpid ept_ad fsgsbase tsc_adjust bmi1 avx2 smep bmi2 erms invpcid rdseed adx smap clflushopt clwb intel_pt sha_ni xsaveopt xsavec xgetbv1 xsaves split_lock_detect user_shstk avx_vnni dtherm ida arat pln pts hwp hwp_notify hwp_act_window hwp_epp hwp_pkg_req hfi vnmi umip pku ospke waitpkg gfni vaes vpclmulqdq rdpid movdiri movdir64b fsrm md_clear serialize arch_lbr ibt flush_l1d arch_capabilities
vmx flags	: vnmi preemption_timer posted_intr invvpid ept_x_only ept_ad ept_1gb flexpriority apicv tsc_offset vtpr mtf vapic ept vpid unrestricted_guest vapic_reg vid ple shadow_vmcs ept_violation_ve ept_mode_based_exec tsc_scaling usr_wait_pause
bugs		: spectre_v1 spectre_v2 spec_store_bypass swapgs eibrs_pbrsb rfds bhi vmscape
bogomips	: 3763.20
clflush size	: 64
cache_alignment	: 64
address sizes	: 39 bits physical, 48 bits virtual
power management:

processor	: 3
vendor_id	: GenuineIntel
cpu family	: 6
model		: 154
model name	: 12th Gen Intel(R) Core(TM) i7-1250U
stepping	: 4
microcode	: 0x437
cpu MHz		: 999.972
cache size	: 12288 KB
physical id	: 0
siblings	: 12
core id		: 4
cpu cores	: 10
apicid		: 9
initial apicid	: 9
fpu		: yes
fpu_exception	: yes
cpuid level	: 32
wp		: yes
flags		: fpu vme de pse tsc msr pae mce cx8 apic sep mtrr pge mca cmov pat pse36 clflush dts acpi mmx fxsr sse sse2 ss ht tm pbe syscall nx pdpe1gb rdtscp lm constant_tsc art arch_perfmon pebs bts rep_good nopl xtopology nonstop_tsc cpuid aperfmperf tsc_known_freq pni pclmulqdq dtes64 monitor ds_cpl vmx smx est tm2 ssse3 sdbg fma cx16 xtpr pdcm pcid sse4_1 sse4_2 x2apic movbe popcnt tsc_deadline_timer aes xsave avx f16c rdrand lahf_lm abm 3dnowprefetch cpuid_fault epb ssbd ibrs ibpb stibp ibrs_enhanced tpr_shadow flexpriority ept vpid ept_ad fsgsbase tsc_adjust bmi1 avx2 smep bmi2 erms invpcid rdseed adx smap clflushopt clwb intel_pt sha_ni xsaveopt xsavec xgetbv1 xsaves split_lock_detect user_shstk avx_vnni dtherm ida arat pln pts hwp hwp_notify hwp_act_window hwp_epp hwp_pkg_req hfi vnmi umip pku ospke waitpkg gfni vaes vpclmulqdq rdpid movdiri movdir64b fsrm md_clear serialize arch_lbr ibt flush_l1d arch_capabilities
vmx flags	: vnmi preemption_timer posted_intr invvpid ept_x_only ept_ad ept_1gb flexpriority apicv tsc_offset vtpr mtf vapic ept vpid unrestricted_guest vapic_reg vid ple shadow_vmcs ept_violation_ve ept_mode_based_exec tsc_scaling usr_wait_pause
bugs		: spectre_v1 spectre_v2 spec_store_bypass swapgs eibrs_pbrsb rfds bhi vmscape
bogomips	: 3763.20
clflush size	: 64
cache_alignment	: 64
address sizes	: 39 bits physical, 48 bits virtual
power management:

processor	: 4
vendor_id	: GenuineIntel
cpu family	: 6
model		: 154
model name	: 12th Gen Intel(R) Core(TM) i7-1250U
stepping	: 4
microcode	: 0x437
cpu MHz		: 1000.700
cache size	: 12288 KB
physical id	: 0
siblings	: 12
core id		: 8
cpu cores	: 10
apicid		: 16
initial apicid	: 16
fpu		: yes
fpu_exception	: yes
cpuid level	: 32
wp		: yes
flags		: fpu vme de pse tsc msr pae mce cx8 apic sep mtrr pge mca cmov pat pse36 clflush dts acpi mmx fxsr sse sse2 ss ht tm pbe syscall nx pdpe1gb rdtscp lm constant_tsc art arch_perfmon pebs bts rep_good nopl xtopology nonstop_tsc cpuid aperfmperf tsc_known_freq pni pclmulqdq dtes64 monitor ds_cpl vmx smx est tm2 ssse3 sdbg fma cx16 xtpr pdcm pcid sse4_1 sse4_2 x2apic movbe popcnt tsc_deadline_timer aes xsave avx f16c rdrand lahf_lm abm 3dnowprefetch cpuid_fault epb ssbd ibrs ibpb stibp ibrs_enhanced tpr_shadow flexpriority ept vpid ept_ad fsgsbase tsc_adjust bmi1 avx2 smep bmi2 erms invpcid rdseed adx smap clflushopt clwb intel_pt sha_ni xsaveopt xsavec xgetbv1 xsaves split_lock_detect user_shstk avx_vnni dtherm ida arat pln pts hwp hwp_notify hwp_act_window hwp_epp hwp_pkg_req hfi vnmi umip pku ospke waitpkg gfni vaes vpclmulqdq rdpid movdiri movdir64b fsrm md_clear serialize arch_lbr ibt flush_l1d arch_capabilities
vmx flags	: vnmi preemption_timer posted_intr invvpid ept_x_only ept_ad ept_1gb flexpriority apicv tsc_offset vtpr mtf vapic ept vpid unrestricted_guest vapic_reg vid ple shadow_vmcs ept_violation_ve ept_mode_based_exec tsc_scaling usr_wait_pause
bugs		: spectre_v1 spectre_v2 spec_store_bypass swapgs eibrs_pbrsb rfds bhi vmscape
bogomips	: 3763.20
clflush size	: 64
cache_alignment	: 64
address sizes	: 39 bits physical, 48 bits virtual
power management:

processor	: 5
vendor_id	: GenuineIntel
cpu family	: 6
model		: 154
model name	: 12th Gen Intel(R) Core(TM) i7-1250U
stepping	: 4
microcode	: 0x437
cpu MHz		: 999.988
cache size	: 12288 KB
physical id	: 0
siblings	: 12
core id		: 9
cpu cores	: 10
apicid		: 18
initial apicid	: 18
fpu		: yes
fpu_exception	: yes
cpuid level	: 32
wp		: yes
flags		: fpu vme de pse tsc msr pae mce cx8 apic sep mtrr pge mca cmov pat pse36 clflush dts acpi mmx fxsr sse sse2 ss ht tm pbe syscall nx pdpe1gb rdtscp lm constant_tsc art arch_perfmon pebs bts rep_good nopl xtopology nonstop_tsc cpuid aperfmperf tsc_known_freq pni pclmulqdq dtes64 monitor ds_cpl vmx smx est tm2 ssse3 sdbg fma cx16 xtpr pdcm pcid sse4_1 sse4_2 x2apic movbe popcnt tsc_deadline_timer aes xsave avx f16c rdrand lahf_lm abm 3dnowprefetch cpuid_fault epb ssbd ibrs ibpb stibp ibrs_enhanced tpr_shadow flexpriority ept vpid ept_ad fsgsbase tsc_adjust bmi1 avx2 smep bmi2 erms invpcid rdseed adx smap clflushopt clwb intel_pt sha_ni xsaveopt xsavec xgetbv1 xsaves split_lock_detect user_shstk avx_vnni dtherm ida arat pln pts hwp hwp_notify hwp_act_window hwp_epp hwp_pkg_req hfi vnmi umip pku ospke waitpkg gfni vaes vpclmulqdq rdpid movdiri movdir64b fsrm md_clear serialize arch_lbr ibt flush_l1d arch_capabilities
vmx flags	: vnmi preemption_timer posted_intr invvpid ept_x_only ept_ad ept_1gb flexpriority apicv tsc_offset vtpr mtf vapic ept vpid unrestricted_guest vapic_reg vid ple shadow_vmcs ept_violation_ve ept_mode_based_exec tsc_scaling usr_wait_pause
bugs		: spectre_v1 spectre_v2 spec_store_bypass swapgs eibrs_pbrsb rfds bhi vmscape
bogomips	: 3763.20
clflush size	: 64
cache_alignment	: 64
address sizes	: 39 bits physical, 48 bits virtual
power management:

processor	: 6
vendor_id	: GenuineIntel
cpu family	: 6
model		: 154
model name	: 12th Gen Intel(R) Core(TM) i7-1250U
stepping	: 4
microcode	: 0x437
cpu MHz		: 1000.003
cache size	: 12288 KB
physical id	: 0
siblings	: 12
core id		: 10
cpu cores	: 10
apicid		: 20
initial apicid	: 20
fpu		: yes
fpu_exception	: yes
cpuid level	: 32
wp		: yes
flags		: fpu vme de pse tsc msr pae mce cx8 apic sep mtrr pge mca cmov pat pse36 clflush dts acpi mmx fxsr sse sse2 ss ht tm pbe syscall nx pdpe1gb rdtscp lm constant_tsc art arch_perfmon pebs bts rep_good nopl xtopology nonstop_tsc cpuid aperfmperf tsc_known_freq pni pclmulqdq dtes64 monitor ds_cpl vmx smx est tm2 ssse3 sdbg fma cx16 xtpr pdcm pcid sse4_1 sse4_2 x2apic movbe popcnt tsc_deadline_timer aes xsave avx f16c rdrand lahf_lm abm 3dnowprefetch cpuid_fault epb ssbd ibrs ibpb stibp ibrs_enhanced tpr_shadow flexpriority ept vpid ept_ad fsgsbase tsc_adjust bmi1 avx2 smep bmi2 erms invpcid rdseed adx smap clflushopt clwb intel_pt sha_ni xsaveopt xsavec xgetbv1 xsaves split_lock_detect user_shstk avx_vnni dtherm ida arat pln pts hwp hwp_notify hwp_act_window hwp_epp hwp_pkg_req hfi vnmi umip pku ospke waitpkg gfni vaes vpclmulqdq rdpid movdiri movdir64b fsrm md_clear serialize arch_lbr ibt flush_l1d arch_capabilities
vmx flags	: vnmi preemption_timer posted_intr invvpid ept_x_only ept_ad ept_1gb flexpriority apicv tsc_offset vtpr mtf vapic ept vpid unrestricted_guest vapic_reg vid ple shadow_vmcs ept_violation_ve ept_mode_based_exec tsc_scaling usr_wait_pause
bugs		: spectre_v1 spectre_v2 spec_store_bypass swapgs eibrs_pbrsb rfds bhi vmscape
bogomips	: 3763.20
clflush size	: 64
cache_alignment	: 64
address sizes	: 39 bits physical, 48 bits virtual
power management:

processor	: 7
vendor_id	: GenuineIntel
cpu family	: 6
model		: 154
model name	: 12th Gen Intel(R) Core(TM) i7-1250U
stepping	: 4
microcode	: 0x437
cpu MHz		: 1000.029
cache size	: 12288 KB
physical id	: 0
siblings	: 12
core id		: 11
cpu cores	: 10
apicid		: 22
initial apicid	: 22
fpu		: yes
fpu_exception	: yes
cpuid level	: 32
wp		: yes
flags		: fpu vme de pse tsc msr pae mce cx8 apic sep mtrr pge mca cmov pat pse36 clflush dts acpi mmx fxsr sse sse2 ss ht tm pbe syscall nx pdpe1gb rdtscp lm constant_tsc art arch_perfmon pebs bts rep_good nopl xtopology nonstop_tsc cpuid aperfmperf tsc_known_freq pni pclmulqdq dtes64 monitor ds_cpl vmx smx est tm2 ssse3 sdbg fma cx16 xtpr pdcm pcid sse4_1 sse4_2 x2apic movbe popcnt tsc_deadline_timer aes xsave avx f16c rdrand lahf_lm abm 3dnowprefetch cpuid_fault epb ssbd ibrs ibpb stibp ibrs_enhanced tpr_shadow flexpriority ept vpid ept_ad fsgsbase tsc_adjust bmi1 avx2 smep bmi2 erms invpcid rdseed adx smap clflushopt clwb intel_pt sha_ni xsaveopt xsavec xgetbv1 xsaves split_lock_detect user_shstk avx_vnni dtherm ida arat pln pts hwp hwp_notify hwp_act_window hwp_epp hwp_pkg_req hfi vnmi umip pku ospke waitpkg gfni vaes vpclmulqdq rdpid movdiri movdir64b fsrm md_clear serialize arch_lbr ibt flush_l1d arch_capabilities
vmx flags	: vnmi preemption_timer posted_intr invvpid ept_x_only ept_ad ept_1gb flexpriority apicv tsc_offset vtpr mtf vapic ept vpid unrestricted_guest vapic_reg vid ple shadow_vmcs ept_violation_ve ept_mode_based_exec tsc_scaling usr_wait_pause
bugs		: spectre_v1 spectre_v2 spec_store_bypass swapgs eibrs_pbrsb rfds bhi vmscape
bogomips	: 3763.20
clflush size	: 64
cache_alignment	: 64
address sizes	: 39 bits physical, 48 bits virtual
power management:

processor	: 8
vendor_id	: GenuineIntel
cpu family	: 6
model		: 154
model name	: 12th Gen Intel(R) Core(TM) i7-1250U
stepping	: 4
microcode	: 0x437
cpu MHz		: 999.818
cache size	: 12288 KB
physical id	: 0
siblings	: 12
core id		: 12
cpu cores	: 10
apicid		: 24
initial apicid	: 24
fpu		: yes
fpu_exception	: yes
cpuid level	: 32
wp		: yes
flags		: fpu vme de pse tsc msr pae mce cx8 apic sep mtrr pge mca cmov pat pse36 clflush dts acpi mmx fxsr sse sse2 ss ht tm pbe syscall nx pdpe1gb rdtscp lm constant_tsc art arch_perfmon pebs bts rep_good nopl xtopology nonstop_tsc cpuid aperfmperf tsc_known_freq pni pclmulqdq dtes64 monitor ds_cpl vmx smx est tm2 ssse3 sdbg fma cx16 xtpr pdcm pcid sse4_1 sse4_2 x2apic movbe popcnt tsc_deadline_timer aes xsave avx f16c rdrand lahf_lm abm 3dnowprefetch cpuid_fault epb ssbd ibrs ibpb stibp ibrs_enhanced tpr_shadow flexpriority ept vpid ept_ad fsgsbase tsc_adjust bmi1 avx2 smep bmi2 erms invpcid rdseed adx smap clflushopt clwb intel_pt sha_ni xsaveopt xsavec xgetbv1 xsaves split_lock_detect user_shstk avx_vnni dtherm ida arat pln pts hwp hwp_notify hwp_act_window hwp_epp hwp_pkg_req hfi vnmi umip pku ospke waitpkg gfni vaes vpclmulqdq rdpid movdiri movdir64b fsrm md_clear serialize arch_lbr ibt flush_l1d arch_capabilities
vmx flags	: vnmi preemption_timer posted_intr invvpid ept_x_only ept_ad ept_1gb flexpriority apicv tsc_offset vtpr mtf vapic ept vpid unrestricted_guest vapic_reg vid ple shadow_vmcs ept_violation_ve ept_mode_based_exec tsc_scaling usr_wait_pause
bugs		: spectre_v1 spectre_v2 spec_store_bypass swapgs eibrs_pbrsb rfds bhi vmscape
bogomips	: 3763.20
clflush size	: 64
cache_alignment	: 64
address sizes	: 39 bits physical, 48 bits virtual
power management:

processor	: 9
vendor_id	: GenuineIntel
cpu family	: 6
model		: 154
model name	: 12th Gen Intel(R) Core(TM) i7-1250U
stepping	: 4
microcode	: 0x437
cpu MHz		: 1000.004
cache size	: 12288 KB
physical id	: 0
siblings	: 12
core id		: 13
cpu cores	: 10
apicid		: 26
initial apicid	: 26
fpu		: yes
fpu_exception	: yes
cpuid level	: 32
wp		: yes
flags		: fpu vme de pse tsc msr pae mce cx8 apic sep mtrr pge mca cmov pat pse36 clflush dts acpi mmx fxsr sse sse2 ss ht tm pbe syscall nx pdpe1gb rdtscp lm constant_tsc art arch_perfmon pebs bts rep_good nopl xtopology nonstop_tsc cpuid aperfmperf tsc_known_freq pni pclmulqdq dtes64 monitor ds_cpl vmx smx est tm2 ssse3 sdbg fma cx16 xtpr pdcm pcid sse4_1 sse4_2 x2apic movbe popcnt tsc_deadline_timer aes xsave avx f16c rdrand lahf_lm abm 3dnowprefetch cpuid_fault epb ssbd ibrs ibpb stibp ibrs_enhanced tpr_shadow flexpriority ept vpid ept_ad fsgsbase tsc_adjust bmi1 avx2 smep bmi2 erms invpcid rdseed adx smap clflushopt clwb intel_pt sha_ni xsaveopt xsavec xgetbv1 xsaves split_lock_detect user_shstk avx_vnni dtherm ida arat pln pts hwp hwp_notify hwp_act_window hwp_epp hwp_pkg_req hfi vnmi umip pku ospke waitpkg gfni vaes vpclmulqdq rdpid movdiri movdir64b fsrm md_clear serialize arch_lbr ibt flush_l1d arch_capabilities
vmx flags	: vnmi preemption_timer posted_intr invvpid ept_x_only ept_ad ept_1gb flexpriority apicv tsc_offset vtpr mtf vapic ept vpid unrestricted_guest vapic_reg vid ple shadow_vmcs ept_violation_ve ept_mode_based_exec tsc_scaling usr_wait_pause
bugs		: spectre_v1 spectre_v2 spec_store_bypass swapgs eibrs_pbrsb rfds bhi vmscape
bogomips	: 3763.20
clflush size	: 64
cache_alignment	: 64
address sizes	: 39 bits physical, 48 bits virtual
power management:

processor	: 10
vendor_id	: GenuineIntel
cpu family	: 6
model		: 154
model name	: 12th Gen Intel(R) Core(TM) i7-1250U
stepping	: 4
microcode	: 0x437
cpu MHz		: 1000.013
cache size	: 12288 KB
physical id	: 0
siblings	: 12
core id		: 14
cpu cores	: 10
apicid		: 28
initial apicid	: 28
fpu		: yes
fpu_exception	: yes
cpuid level	: 32
wp		: yes
flags		: fpu vme de pse tsc msr pae mce cx8 apic sep mtrr pge mca cmov pat pse36 clflush dts acpi mmx fxsr sse sse2 ss ht tm pbe syscall nx pdpe1gb rdtscp lm constant_tsc art arch_perfmon pebs bts rep_good nopl xtopology nonstop_tsc cpuid aperfmperf tsc_known_freq pni pclmulqdq dtes64 monitor ds_cpl vmx smx est tm2 ssse3 sdbg fma cx16 xtpr pdcm pcid sse4_1 sse4_2 x2apic movbe popcnt tsc_deadline_timer aes xsave avx f16c rdrand lahf_lm abm 3dnowprefetch cpuid_fault epb ssbd ibrs ibpb stibp ibrs_enhanced tpr_shadow flexpriority ept vpid ept_ad fsgsbase tsc_adjust bmi1 avx2 smep bmi2 erms invpcid rdseed adx smap clflushopt clwb intel_pt sha_ni xsaveopt xsavec xgetbv1 xsaves split_lock_detect user_shstk avx_vnni dtherm ida arat pln pts hwp hwp_notify hwp_act_window hwp_epp hwp_pkg_req hfi vnmi umip pku ospke waitpkg gfni vaes vpclmulqdq rdpid movdiri movdir64b fsrm md_clear serialize arch_lbr ibt flush_l1d arch_capabilities
vmx flags	: vnmi preemption_timer posted_intr invvpid ept_x_only ept_ad ept_1gb flexpriority apicv tsc_offset vtpr mtf vapic ept vpid unrestricted_guest vapic_reg vid ple shadow_vmcs ept_violation_ve ept_mode_based_exec tsc_scaling usr_wait_pause
bugs		: spectre_v1 spectre_v2 spec_store_bypass swapgs eibrs_pbrsb rfds bhi vmscape
bogomips	: 3763.20
clflush size	: 64
cache_alignment	: 64
address sizes	: 39 bits physical, 48 bits virtual
power management:

processor	: 11
vendor_id	: GenuineIntel
cpu family	: 6
model		: 154
model name	: 12th Gen Intel(R) Core(TM) i7-1250U
stepping	: 4
microcode	: 0x437
cpu MHz		: 1080.037
cache size	: 12288 KB
physical id	: 0
siblings	: 12
core id		: 15
cpu cores	: 10
apicid		: 30
initial apicid	: 30
fpu		: yes
fpu_exception	: yes
cpuid level	: 32
wp		: yes
flags		: fpu vme de pse tsc msr pae mce cx8 apic sep mtrr pge mca cmov pat pse36 clflush dts acpi mmx fxsr sse sse2 ss ht tm pbe syscall nx pdpe1gb rdtscp lm constant_tsc art arch_perfmon pebs bts rep_good nopl xtopology nonstop_tsc cpuid aperfmperf tsc_known_freq pni pclmulqdq dtes64 monitor ds_cpl vmx smx est tm2 ssse3 sdbg fma cx16 xtpr pdcm pcid sse4_1 sse4_2 x2apic movbe popcnt tsc_deadline_timer aes xsave avx f16c rdrand lahf_lm abm 3dnowprefetch cpuid_fault epb ssbd ibrs ibpb stibp ibrs_enhanced tpr_shadow flexpriority ept vpid ept_ad fsgsbase tsc_adjust bmi1 avx2 smep bmi2 erms invpcid rdseed adx smap clflushopt clwb intel_pt sha_ni xsaveopt xsavec xgetbv1 xsaves split_lock_detect user_shstk avx_vnni dtherm ida arat pln pts hwp hwp_notify hwp_act_window hwp_epp hwp_pkg_req hfi vnmi umip pku ospke waitpkg gfni vaes vpclmulqdq rdpid movdiri movdir64b fsrm md_clear serialize arch_lbr ibt flush_l1d arch_capabilities
vmx flags	: vnmi preemption_timer posted_intr invvpid ept_x_only ept_ad ept_1gb flexpriority apicv tsc_offset vtpr mtf vapic ept vpid unrestricted_guest vapic_reg vid ple shadow_vmcs ept_violation_ve ept_mode_based_exec tsc_scaling usr_wait_pause
bugs		: spectre_v1 spectre_v2 spec_store_bypass swapgs eibrs_pbrsb rfds bhi vmscape
bogomips	: 3763.20
clflush size	: 64
cache_alignment	: 64
address sizes	: 39 bits physical, 48 bits virtual
power management:



Memory: 4k page, physical 15465400k(217048k free), swap 4194300k(2991556k free)

vm_info: OpenJDK 64-Bit Server VM (25.412-b08) for linux-amd64 JRE (Zulu 8.78.0.19-CA-linux64) (1.8.0_412-b08), built on Mar 28 2024 10:52:52 by "zulu_re" with gcc 7.3.0

time: Thu Jan 15 09:40:44 2026
timezone: CST
elapsed time: 170.652053 seconds (0d 0h 2m 50s)

