[START] 2025-10-10 19:15:33 - Target: up
args[0] = -i
args[1] = -model
args[3] = -test
args[5] = -target
args[7] = -trees
args[9] = -aucJarPath
cmd.getTestDirVal()data/seaquest/up/test/
test
java.io.FileNotFoundException: test\test_bk.txt (No such file or directory)
	at java.base/java.io.FileInputStream.open0(Native Method)
	at java.base/java.io.FileInputStream.open(FileInputStream.java:219)
	at java.base/java.io.FileInputStream.<init>(FileInputStream.java:157)
	at java.base/java.io.FileInputStream.<init>(FileInputStream.java:112)
	at edu.wisc.cs.will.Utils.check_disc.checkflagvalues(check_disc.java:23)
	at edu.wisc.cs.will.Boosting.RDN.RunBoostedRDN.main(RunBoostedRDN.java:508)

% Starting an INFERENCE run of bRDN.
% Running on host: csr-96762

% Switching to VarIndicator = uppercase.

% Unset'ing VarIndicator.

Resetting the LazyGroundNthArgumentClauseIndex.

% Calling ILPouterLoop from createRegressionOuterLooper.

% getInputArgWithDefaultValue: args=[data/seaquest/up/test/test_pos.txt, data/seaquest/up/test/test_neg.txt, data/seaquest/up/test/test_bk.txt, data/seaquest/up/test/test_facts.txt]
%  for N=0: args[N]=data/seaquest/up/test/test_pos.txt

% getInputArgWithDefaultValue: args=[data/seaquest/up/test/test_pos.txt, data/seaquest/up/test/test_neg.txt, data/seaquest/up/test/test_bk.txt, data/seaquest/up/test/test_facts.txt]
%  for N=1: args[N]=data/seaquest/up/test/test_neg.txt

% getInputArgWithDefaultValue: args=[data/seaquest/up/test/test_pos.txt, data/seaquest/up/test/test_neg.txt, data/seaquest/up/test/test_bk.txt, data/seaquest/up/test/test_facts.txt]
%  for N=2: args[N]=data/seaquest/up/test/test_bk.txt

% getInputArgWithDefaultValue: args=[data/seaquest/up/test/test_pos.txt, data/seaquest/up/test/test_neg.txt, data/seaquest/up/test/test_bk.txt, data/seaquest/up/test/test_facts.txt]
%  for N=3: args[N]=data/seaquest/up/test/test_facts.txt

% Welcome to the WILL ILP/SRL systems.


% Switching to VarIndicator = uppercase.

% Unset'ing VarIndicator.
% Reading background theory from dir: null

% Switching to VarIndicator = uppercase.

***** Warning: % Since this is the first setting of the notation for variables, will keep:
%   variableIndicator = uppercase *****

% [ LazyGroundClauseIndex ]  Building full index for mode/1 with 1 assertions.
% LoadAllModes() called.  Currently loaded modes: []
% [ LazyGroundClauseIndex ]  Building full index for sameAs/2 with 2 assertions.
% [ LazyGroundNthArgumentClauseIndex ]  Argument 1:  Building full index for exp/3.
% [ LazyGroundNthArgumentClauseIndex ]  Argument 0:  Building full index for log/3.
% LoadAllLibraries() called.  Currently loaded libraries: [listsInLogic, differentInLogic, modes_arithmeticInLogic, inlines_comparisonInLogic, modes_listsInLogic, inlines_differentInLogic, modes_differentInLogic, arithmeticInLogic, inlines_listsInLogic, modes_comparisonInLogic, comparisonInLogic, inlines_arithmeticInLogic]

%  Read the facts.
%  Have read 455,444 facts.
% Have read 3,043 examples from 'data/seaquest/up/test' [data/seaquest/up/test/test*].
% Have read 17,407 examples from 'data/seaquest/up/test' [data/seaquest/up/test/test*].

%  LearnOneClause initialized.

% The outer looper has been created.

% Initializing the ILP inner looper.

% NEW target:                 up(D)
%  targetPred:                up/1
%  targetArgTypes:            signature = [const], types = [+state]
%  targets:                   [up(D)]
%  targetPredicates:          [up/1]
%  targetArgSpecs:            [[D[+state]]]
%  variablesInTargets:        [[D]]

% Started collecting constants

% Collecting the types of constants.

% Looking at the training examples to see if any types of new constants can be inferred.
% Time to collect constants: 1 seconds
% Time to collect examples: 0 seconds

% Read 3,043 pos examples and 17,407 neg examples.
% Time to init learnOneClause: 1 seconds
% Old dirrdn_models/seaquest/negpos_2_trees_5_all/up/

% Have 3,043 'raw' positive examples and kept 3,043.
% Have 17,407 'raw' negative examples and kept 17,407.

% processing backup's for up
%  POS EX = 3,043
%  NEG EX = 17,407

% Memory usage by WILLSetup (just counts # targets?):
%  |backupPosExamples| = 1
%  |backupNegExamples| = 1
%  |predicatesAsFacts| = 0
%  |addedToFactBase|   = 0

% Getting bRDN's target predicates.
% Did not learn a model for 'up' this run.
%   loadModel (#0): rdn_models/seaquest/negpos_2_trees_5_all/up/bRDNs/Trees/upTree0.tree
%   loadModel (#1): rdn_models/seaquest/negpos_2_trees_5_all/up/bRDNs/Trees/upTree1.tree
%   loadModel (#2): rdn_models/seaquest/negpos_2_trees_5_all/up/bRDNs/Trees/upTree2.tree
%   loadModel (#3): rdn_models/seaquest/negpos_2_trees_5_all/up/bRDNs/Trees/upTree3.tree
%   loadModel (#4): rdn_models/seaquest/negpos_2_trees_5_all/up/bRDNs/Trees/upTree4.tree
%  Done loading 5 models.
File: data/seaquest/up/test/advice.txt doesnt exist.Hence no advice loaded

% for up |lookupPos| = 3,043
% for up |lookupNeg| = 17,407
% getJointExamples: |pos| = 3,043, |neg| = 17,407

% Starting inference in bRDN.
% Trees = 5

% Starting getMarginalProbabilities.
% [ LazyGroundNthArgumentClauseIndex ]  Argument 0:  Building full index for visibleenemy/2.
% [ LazyGroundNthArgumentClauseIndex ]  Argument 0:  Building full index for visibleenemysubmarine/2.
% [ LazyGroundClauseIndex ]  Building full index for belowofsubmarine/2 with 17,974 assertions.
% [ LazyGroundClauseIndex ]  Building full index for rightofsubmarine/2 with 17,042 assertions.
% [ LazyGroundClauseIndex ]  Building full index for diversfull/1 with 1,765 assertions.
% [ LazyGroundNthArgumentClauseIndex ]  Argument 0:  Building full index for visiblediver/2.
% [ LazyGroundClauseIndex ]  Building full index for belowofdiver/2 with 4,338 assertions.
% [ LazyGroundClauseIndex ]  Building full index for samelevelasdiver/2 with 2,866 assertions.
% [ LazyGroundClauseIndex ]  Building full index for facingright/1 with 10,208 assertions.
% [ LazyGroundClauseIndex ]  Building full index for enemyfacingright/2 with 12,200 assertions.
% [ LazyGroundClauseIndex ]  Building full index for leftofsubmarine/2 with 15,556 assertions.
% [ LazyGroundClauseIndex ]  Building full index for nearbydiver/2 with 2,366 assertions.
% [ LazyGroundClauseIndex ]  Building full index for rightofdiver/2 with 8,115 assertions.
% [ LazyGroundClauseIndex ]  Building full index for oxygenok/1 with 19,868 assertions.
% [ LazyGroundClauseIndex ]  Building full index for aboveofsubmarine/2 with 16,127 assertions.
% [ LazyGroundClauseIndex ]  Building full index for enemyfacingleft/2 with 26,657 assertions.
% [ LazyGroundClauseIndex ]  Building full index for belowofenemy/2 with 15,759 assertions.
% [ LazyGroundClauseIndex ]  Building full index for samelevelasenemy/2 with 4,595 assertions.
% [ LazyGroundClauseIndex ]  Building full index for diversnotfull/1 with 13,749 assertions.
% [ LazyGroundClauseIndex ]  Building full index for nearbysubmarine/2 with 3,159 assertions.
% [ LazyGroundClauseIndex ]  Building full index for facingleft/1 with 9,660 assertions.
% [ LazyGroundClauseIndex ]  Building full index for leftofdiver/2 with 8,009 assertions.
% [ LazyGroundNthArgumentClauseIndex ]  Argument 0:  Building full index for visiblemissile/2.
% [ LazyGroundClauseIndex ]  Building full index for aboveofdiver/2 with 11,874 assertions.
% [ LazyGroundClauseIndex ]  Building full index for aboveofmissile/2 with 5,458 assertions.
% [ LazyGroundClauseIndex ]  Building full index for nearbymissile/2 with 771 assertions.
% [ LazyGroundClauseIndex ]  Building full index for aboveofenemy/2 with 27,403 assertions.
% [ LazyGroundClauseIndex ]  Building full index for belowofmissile/2 with 2,912 assertions.
% [ LazyGroundClauseIndex ]  Building full index for nearbyenemy/2 with 3,541 assertions.
% [ LazyGroundClauseIndex ]  Building full index for rightofenemy/2 with 19,773 assertions.
% [ LazyGroundClauseIndex ]  Building full index for leftofenemy/2 with 21,370 assertions.
% No Gibbs sampling needed during inference.
Best F1 = 1.0
 (Arithmetic) Mean Probability Assigned to Correct Output Class: 14,549.362/20,450.00 = 0.711460

 The weighted count of positive examples = 3,043.000 and the weighted count of negative examples = 17,407.000

printExamples: Writing out predictions (for Tuffy?) on 20,450 examples for 'up' to:
  data/seaquest/up/test/results_up.db
 and to:
  data/seaquest/up/test/query_up.db
%    No need to compress since small: data/seaquest/up/test/query_up.db

% Computing Area Under Curves.
%Pos=3043
%Neg=17407
%LL:-3382.956198012174
%LL:-8001.118340683332

% Running command: java -jar BoostSRL/src/edu/wisc/cs/will/DataSetUtils//auc.jar data/seaquest/up/test/AUC/aucTemp.txt list 0.0
% WAITING FOR command: java -jar BoostSRL/src/edu/wisc/cs/will/DataSetUtils//auc.jar data/seaquest/up/test/AUC/aucTemp.txt list 0.0
% DONE WAITING FOR command: java -jar BoostSRL/src/edu/wisc/cs/will/DataSetUtils//auc.jar data/seaquest/up/test/AUC/aucTemp.txt list 0.0

%   AUC ROC   = 0.785000
%   AUC PR    = 0.408450
%   CLL	      = -0.391253
%   Precision = 0.228860 at threshold = 0.210
%   Recall    = 0.900099
%   F1        = 0.364932

% Total inference time (5 trees): 4.948 seconds.
[END] 2025-10-10 19:15:38 - Target: up

