[START] 2025-10-29 22:01:41 - Target: vertical_down
args[0] = -i
args[1] = -model
args[3] = -test
args[5] = -target
args[7] = -trees
args[9] = -aucJarPath
cmd.getTestDirVal()data/seaquest/vertical/down/test/
test
java.io.FileNotFoundException: test\test_bk.txt (No such file or directory)
	at java.base/java.io.FileInputStream.open0(Native Method)
	at java.base/java.io.FileInputStream.open(FileInputStream.java:185)
	at java.base/java.io.FileInputStream.<init>(FileInputStream.java:139)
	at java.base/java.io.FileInputStream.<init>(FileInputStream.java:109)
	at edu.wisc.cs.will.Utils.check_disc.checkflagvalues(check_disc.java:23)
	at edu.wisc.cs.will.Boosting.RDN.RunBoostedRDN.main(RunBoostedRDN.java:508)

% Starting an INFERENCE run of bRDN.
% Running on host: Varuns-MacBook-Air

% Switching to VarIndicator = uppercase.

% Unset'ing VarIndicator.

Resetting the LazyGroundNthArgumentClauseIndex.

% Calling ILPouterLoop from createRegressionOuterLooper.

% getInputArgWithDefaultValue: args=[data/seaquest/vertical/down/test/test_pos.txt, data/seaquest/vertical/down/test/test_neg.txt, data/seaquest/vertical/down/test/test_bk.txt, data/seaquest/vertical/down/test/test_facts.txt]
%  for N=0: args[N]=data/seaquest/vertical/down/test/test_pos.txt

% getInputArgWithDefaultValue: args=[data/seaquest/vertical/down/test/test_pos.txt, data/seaquest/vertical/down/test/test_neg.txt, data/seaquest/vertical/down/test/test_bk.txt, data/seaquest/vertical/down/test/test_facts.txt]
%  for N=1: args[N]=data/seaquest/vertical/down/test/test_neg.txt

% getInputArgWithDefaultValue: args=[data/seaquest/vertical/down/test/test_pos.txt, data/seaquest/vertical/down/test/test_neg.txt, data/seaquest/vertical/down/test/test_bk.txt, data/seaquest/vertical/down/test/test_facts.txt]
%  for N=2: args[N]=data/seaquest/vertical/down/test/test_bk.txt

% getInputArgWithDefaultValue: args=[data/seaquest/vertical/down/test/test_pos.txt, data/seaquest/vertical/down/test/test_neg.txt, data/seaquest/vertical/down/test/test_bk.txt, data/seaquest/vertical/down/test/test_facts.txt]
%  for N=3: args[N]=data/seaquest/vertical/down/test/test_facts.txt

% Welcome to the WILL ILP/SRL systems.


% Switching to VarIndicator = uppercase.

% Unset'ing VarIndicator.
% Reading background theory from dir: null

% Switching to VarIndicator = uppercase.

***** Warning: % Since this is the first setting of the notation for variables, will keep:
%   variableIndicator = uppercase *****

% [ LazyGroundClauseIndex ]  Building full index for mode/1 with 1 assertions.
% LoadAllModes() called.  Currently loaded modes: []
% [ LazyGroundClauseIndex ]  Building full index for sameAs/2 with 2 assertions.
% [ LazyGroundNthArgumentClauseIndex ]  Argument 1:  Building full index for exp/3.
% [ LazyGroundNthArgumentClauseIndex ]  Argument 0:  Building full index for log/3.
% LoadAllLibraries() called.  Currently loaded libraries: [listsInLogic, differentInLogic, modes_arithmeticInLogic, inlines_comparisonInLogic, modes_listsInLogic, inlines_differentInLogic, modes_differentInLogic, arithmeticInLogic, inlines_listsInLogic, modes_comparisonInLogic, comparisonInLogic, inlines_arithmeticInLogic]

%  Read the facts.
%  Have read 66,308 facts.
% Have read 640 examples from 'data/seaquest/vertical/down/test' [data/seaquest/vertical/down/test/test*].
% Have read 2,755 examples from 'data/seaquest/vertical/down/test' [data/seaquest/vertical/down/test/test*].

%  LearnOneClause initialized.

% The outer looper has been created.

% Initializing the ILP inner looper.

% NEW target:                 vertical_down(D)
%  targetPred:                vertical_down/1
%  targetArgTypes:            signature = [const], types = [+state]
%  targets:                   [vertical_down(D)]
%  targetPredicates:          [vertical_down/1]
%  targetArgSpecs:            [[D[+state]]]
%  variablesInTargets:        [[D]]

% Started collecting constants

% Collecting the types of constants.

% Looking at the training examples to see if any types of new constants can be inferred.
% Time to collect constants: 118 milliseconds
% Time to collect examples: 0 seconds

% Read 640 pos examples and 2,755 neg examples.
% Time to init learnOneClause: 128 milliseconds
% Old dirrdn_models/seaquest/3class_unweighted_negpos_2_trees_1_depth_3/vertical/down/

% Have 640 'raw' positive examples and kept 640.
% Have 2,755 'raw' negative examples and kept 2,755.

% processing backup's for vertical_down
%  POS EX = 640
%  NEG EX = 2,755

% Memory usage by WILLSetup (just counts # targets?):
%  |backupPosExamples| = 1
%  |backupNegExamples| = 1
%  |predicatesAsFacts| = 0
%  |addedToFactBase|   = 0

% Getting bRDN's target predicates.
% Did not learn a model for 'vertical_down' this run.
%   loadModel (#0): rdn_models/seaquest/3class_unweighted_negpos_2_trees_1_depth_3/vertical/down/bRDNs/Trees/vertical_downTree0.tree
%  Done loading 1 models.
File: data/seaquest/vertical/down/test/advice.txt doesnt exist.Hence no advice loaded
% Trying to load weights from: data/seaquest/vertical/down/test/test_pos_weights.txt

% for vertical_down |lookupPos| = 640
% for vertical_down |lookupNeg| = 2,755
% getJointExamples: |pos| = 640, |neg| = 2,755

% Starting inference in bRDN.
% Trees = 1

% Starting getMarginalProbabilities.
% [ LazyGroundClauseIndex ]  Building full index for diversnotfull/1 with 2,477 assertions.
% [ LazyGroundNthArgumentClauseIndex ]  Argument 0:  Building full index for visiblediver/2.
% [ LazyGroundClauseIndex ]  Building full index for aboveofdiver/2 with 1,187 assertions.
% [ LazyGroundNthArgumentClauseIndex ]  Argument 0:  Building full index for visiblemissile/2.
% [ LazyGroundClauseIndex ]  Building full index for rightofmissile/2 with 374 assertions.
% [ LazyGroundNthArgumentClauseIndex ]  Argument 0:  Building full index for visibleenemysubmarine/2.
% [ LazyGroundClauseIndex ]  Building full index for samelevelassubmarine/2 with 426 assertions.
% [ LazyGroundClauseIndex ]  Building full index for diversempty/1 with 597 assertions.
% [ LazyGroundNthArgumentClauseIndex ]  Argument 0:  Building full index for visibleenemy/2.
% [ LazyGroundClauseIndex ]  Building full index for samelevelasenemy/2 with 885 assertions.
% [ LazyGroundClauseIndex ]  Building full index for belowofenemy/2 with 2,927 assertions.
% [ LazyGroundClauseIndex ]  Building full index for belowofsubmarine/2 with 2,063 assertions.
% [ LazyGroundClauseIndex ]  Building full index for facingleft/1 with 1,835 assertions.
% [ LazyGroundClauseIndex ]  Building full index for leftofdiver/2 with 1,084 assertions.
% No Gibbs sampling needed during inference.
Best F1 = 1.0
 (Arithmetic) Mean Probability Assigned to Correct Output Class: 2,431.922/3,395.00 = 0.716325

 The weighted count of positive examples = 640.000 and the weighted count of negative examples = 2,755.000

printExamples: Writing out predictions (for Tuffy?) on 3,395 examples for 'vertical_down' to:
  data/seaquest/vertical/down/test/results_vertical_down.db
 and to:
  data/seaquest/vertical/down/test/query_vertical_down.db
%    No need to compress since small: data/seaquest/vertical/down/test/query_vertical_down.db

% Computing Area Under Curves.
%Pos=640
%Neg=2755
%LL:-1085.6112215882683
%LL:-1568.2615771971793

% Running command: java -jar rdnboost/src/edu/wisc/cs/will/DataSetUtils//auc.jar data/seaquest/vertical/down/test/AUC/aucTemp.txt list 0.0
% WAITING FOR command: java -jar rdnboost/src/edu/wisc/cs/will/DataSetUtils//auc.jar data/seaquest/vertical/down/test/AUC/aucTemp.txt list 0.0
% DONE WAITING FOR command: java -jar rdnboost/src/edu/wisc/cs/will/DataSetUtils//auc.jar data/seaquest/vertical/down/test/AUC/aucTemp.txt list 0.0

%   AUC ROC   = 0.746901
%   AUC PR    = 0.382304
%   CLL	      = -0.461933
%   Precision = 0.453355 at threshold = 0.183
%   Recall    = 0.432813
%   F1        = 0.442846

% Total inference time (1 trees): 618 milliseconds.
[END] 2025-10-29 22:01:42 - Target: vertical_down

