<<<<<<< Updated upstream:rdn_models/seaquest/weighted_1object_negpos_2_trees_1_depth_3/left/left_infer.log
[START] 2025-10-20 19:11:16 - Target: left
=======
[START] 2025-10-20 20:20:59 - Target: left
>>>>>>> Stashed changes:rdn_models/seaquest/unweighted_negpos_2_trees_1_depth_5_w_abstraction/left/left_infer.log
args[0] = -i
args[1] = -model
args[3] = -test
args[5] = -target
args[7] = -trees
args[9] = -aucJarPath
cmd.getTestDirVal()data/seaquest/left/test/
test
java.io.FileNotFoundException: test\test_bk.txt (No such file or directory)
<<<<<<< Updated upstream:rdn_models/seaquest/weighted_1object_negpos_2_trees_1_depth_3/left/left_infer.log
	at java.base/java.io.FileInputStream.open0(Native Method)
	at java.base/java.io.FileInputStream.open(FileInputStream.java:185)
	at java.base/java.io.FileInputStream.<init>(FileInputStream.java:139)
	at java.base/java.io.FileInputStream.<init>(FileInputStream.java:109)
=======
	at java.io.FileInputStream.open0(Native Method)
	at java.io.FileInputStream.open(FileInputStream.java:195)
	at java.io.FileInputStream.<init>(FileInputStream.java:138)
	at java.io.FileInputStream.<init>(FileInputStream.java:93)
>>>>>>> Stashed changes:rdn_models/seaquest/unweighted_negpos_2_trees_1_depth_5_w_abstraction/left/left_infer.log
	at edu.wisc.cs.will.Utils.check_disc.checkflagvalues(check_disc.java:23)
	at edu.wisc.cs.will.Boosting.RDN.RunBoostedRDN.main(RunBoostedRDN.java:515)

% Starting an INFERENCE run of bRDN.
<<<<<<< Updated upstream:rdn_models/seaquest/weighted_1object_negpos_2_trees_1_depth_3/left/left_infer.log
% Running on host: Varuns-MacBook-Air
=======
% Running on host: xps-np
>>>>>>> Stashed changes:rdn_models/seaquest/unweighted_negpos_2_trees_1_depth_5_w_abstraction/left/left_infer.log

% Switching to VarIndicator = uppercase.

% Unset'ing VarIndicator.

Resetting the LazyGroundNthArgumentClauseIndex.

% Calling ILPouterLoop from createRegressionOuterLooper.

% getInputArgWithDefaultValue: args=[data/seaquest/left/test/test_pos.txt, data/seaquest/left/test/test_neg.txt, data/seaquest/left/test/test_bk.txt, data/seaquest/left/test/test_facts.txt]
%  for N=0: args[N]=data/seaquest/left/test/test_pos.txt

% getInputArgWithDefaultValue: args=[data/seaquest/left/test/test_pos.txt, data/seaquest/left/test/test_neg.txt, data/seaquest/left/test/test_bk.txt, data/seaquest/left/test/test_facts.txt]
%  for N=1: args[N]=data/seaquest/left/test/test_neg.txt

% getInputArgWithDefaultValue: args=[data/seaquest/left/test/test_pos.txt, data/seaquest/left/test/test_neg.txt, data/seaquest/left/test/test_bk.txt, data/seaquest/left/test/test_facts.txt]
%  for N=2: args[N]=data/seaquest/left/test/test_bk.txt

% getInputArgWithDefaultValue: args=[data/seaquest/left/test/test_pos.txt, data/seaquest/left/test/test_neg.txt, data/seaquest/left/test/test_bk.txt, data/seaquest/left/test/test_facts.txt]
%  for N=3: args[N]=data/seaquest/left/test/test_facts.txt

% Welcome to the WILL ILP/SRL systems.


% Switching to VarIndicator = uppercase.

% Unset'ing VarIndicator.
% Reading background theory from dir: null

% Switching to VarIndicator = uppercase.

***** Warning: % Since this is the first setting of the notation for variables, will keep:
%   variableIndicator = uppercase *****

% [ LazyGroundClauseIndex ]  Building full index for mode/1 with 1 assertions.
% LoadAllModes() called.  Currently loaded modes: []
% [ LazyGroundClauseIndex ]  Building full index for sameAs/2 with 2 assertions.
% [ LazyGroundNthArgumentClauseIndex ]  Argument 1:  Building full index for exp/3.
% [ LazyGroundNthArgumentClauseIndex ]  Argument 0:  Building full index for log/3.
% LoadAllLibraries() called.  Currently loaded libraries: [listsInLogic, differentInLogic, modes_arithmeticInLogic, inlines_comparisonInLogic, modes_listsInLogic, inlines_differentInLogic, modes_differentInLogic, arithmeticInLogic, inlines_listsInLogic, modes_comparisonInLogic, comparisonInLogic, inlines_arithmeticInLogic]

%  Read the facts.
%  Have read 56,966 facts.
% Have read 593 examples from 'data/seaquest/left/test' [data/seaquest/left/test/test*].
% Have read 2,392 examples from 'data/seaquest/left/test' [data/seaquest/left/test/test*].

%  LearnOneClause initialized.

% The outer looper has been created.
%     totalPosWeight = 593.0  minPosCoverage = 2.0
%     totalPosWeight = 593.0  minPosCoverage = 14.825000000000001
%     totalPosWeight = 593.0  minPosCoverage = 0.025
%     maxPossiblePrecision = 0.9998313943685718  minPrecision = 3.0

% Initializing the ILP inner looper.

% NEW target:                 left(D)
%  targetPred:                left/1
%  targetArgTypes:            signature = [const], types = [+state]
%  targets:                   [left(D)]
%  targetPredicates:          [left/1]
%  targetArgSpecs:            [[D[+state]]]
%  variablesInTargets:        [[D]]

% Started collecting constants

% Collecting the types of constants.

% Looking at the training examples to see if any types of new constants can be inferred.
<<<<<<< Updated upstream:rdn_models/seaquest/weighted_1object_negpos_2_trees_1_depth_3/left/left_infer.log
% Time to collect constants: 107 milliseconds
% Time to collect examples: 0 seconds

% Read 593 pos examples and 2,392 neg examples.
% Time to init learnOneClause: 116 milliseconds
% Old dirrdn_models/seaquest/weighted_1object_negpos_2_trees_1_depth_3/left/
=======
% Time to collect constants: 287 milliseconds
% Time to collect examples: 0 seconds

% Read 593 pos examples and 2,392 neg examples.
% Time to init learnOneClause: 304 milliseconds
% Old dirrdn_models/seaquest/unweighted_negpos_2_trees_1_depth_5_w_abstraction/left/
>>>>>>> Stashed changes:rdn_models/seaquest/unweighted_negpos_2_trees_1_depth_5_w_abstraction/left/left_infer.log

% Have 593 'raw' positive examples and kept 593.
% Have 2,392 'raw' negative examples and kept 2,392.

% processing backup's for left
%  POS EX = 593
%  NEG EX = 2,392

% Memory usage by WILLSetup (just counts # targets?):
%  |backupPosExamples| = 1
%  |backupNegExamples| = 1
%  |predicatesAsFacts| = 0
%  |addedToFactBase|   = 0

% Getting bRDN's target predicates.
% Did not learn a model for 'left' this run.
<<<<<<< Updated upstream:rdn_models/seaquest/weighted_1object_negpos_2_trees_1_depth_3/left/left_infer.log
%   loadModel (#0): rdn_models/seaquest/weighted_1object_negpos_2_trees_1_depth_3/left/bRDNs/Trees/leftTree0.tree
=======
%   loadModel (#0): rdn_models/seaquest/unweighted_negpos_2_trees_1_depth_5_w_abstraction/left/bRDNs/Trees/leftTree0.tree
>>>>>>> Stashed changes:rdn_models/seaquest/unweighted_negpos_2_trees_1_depth_5_w_abstraction/left/left_infer.log
%  Done loading 1 models.
File: data/seaquest/left/test/advice.txt doesnt exist.Hence no advice loaded

% for left |lookupPos| = 593
% for left |lookupNeg| = 2,392
% getJointExamples: |pos| = 593, |neg| = 2,392

% Starting inference in bRDN.
% Trees = 1

% Starting getMarginalProbabilities.
% [ LazyGroundClauseIndex ]  Building full index for facingleft/1 with 1,575 assertions.
% [ LazyGroundNthArgumentClauseIndex ]  Argument 0:  Building full index for visiblediver/2.
<<<<<<< Updated upstream:rdn_models/seaquest/weighted_1object_negpos_2_trees_1_depth_3/left/left_infer.log
% [ LazyGroundClauseIndex ]  Building full index for samelevelasdiver/2 with 544 assertions.
% [ LazyGroundClauseIndex ]  Building full index for rightofdiver/2 with 779 assertions.
% [ LazyGroundNthArgumentClauseIndex ]  Argument 0:  Building full index for visibleenemysubmarine/2.
% [ LazyGroundClauseIndex ]  Building full index for enemyfacingright/2 with 1,095 assertions.
% [ LazyGroundNthArgumentClauseIndex ]  Argument 0:  Building full index for visibleenemy/2.
% [ LazyGroundClauseIndex ]  Building full index for belowofsubmarine/2 with 1,782 assertions.
% [ LazyGroundClauseIndex ]  Building full index for diversnotfull/1 with 2,132 assertions.
% [ LazyGroundClauseIndex ]  Building full index for nearbydiver/2 with 339 assertions.
% [ LazyGroundClauseIndex ]  Building full index for rightofsubmarine/2 with 1,899 assertions.
% [ LazyGroundClauseIndex ]  Building full index for rightofenemy/2 with 3,532 assertions.
% [ LazyGroundNthArgumentClauseIndex ]  Argument 0:  Building full index for visiblemissile/2.
% [ LazyGroundClauseIndex ]  Building full index for aboveofsubmarine/2 with 1,327 assertions.
% [ LazyGroundClauseIndex ]  Building full index for samelevelasmissile/2 with 63 assertions.
% [ LazyGroundClauseIndex ]  Building full index for samelevelasenemy/2 with 651 assertions.
% [ LazyGroundClauseIndex ]  Building full index for leftofdiver/2 with 926 assertions.
% [ LazyGroundClauseIndex ]  Building full index for leftofmissile/2 with 259 assertions.
% No Gibbs sampling needed during inference.
Best F1 = 1.0
 (Arithmetic) Mean Probability Assigned to Correct Output Class: 2,165.414/2,985.00 = 0.725432
=======
% [ LazyGroundClauseIndex ]  Building full index for rightofdiver/2 with 779 assertions.
% [ LazyGroundNthArgumentClauseIndex ]  Argument 0:  Building full index for visibleenemysubmarine/2.
% [ LazyGroundClauseIndex ]  Building full index for belowofsubmarine/2 with 1,782 assertions.
% [ LazyGroundClauseIndex ]  Building full index for rightofsubmarine/2 with 1,899 assertions.
% [ LazyGroundNthArgumentClauseIndex ]  Argument 0:  Building full index for visibleenemy/2.
% [ LazyGroundClauseIndex ]  Building full index for rightofenemy/2 with 3,532 assertions.
% [ LazyGroundClauseIndex ]  Building full index for belowofdiver/2 with 404 assertions.
% [ LazyGroundClauseIndex ]  Building full index for samelevelasdiver/2 with 544 assertions.
% [ LazyGroundClauseIndex ]  Building full index for belowofenemy/2 with 2,486 assertions.
% [ LazyGroundClauseIndex ]  Building full index for leftofenemy/2 with 3,467 assertions.
% [ LazyGroundClauseIndex ]  Building full index for nearbydiver/2 with 339 assertions.
% [ LazyGroundClauseIndex ]  Building full index for samelevelasenemy/2 with 651 assertions.
% [ LazyGroundClauseIndex ]  Building full index for nearbyenemy/2 with 475 assertions.
% [ LazyGroundClauseIndex ]  Building full index for diversnotfull/1 with 2,132 assertions.
% [ LazyGroundClauseIndex ]  Building full index for aboveofenemy/2 with 4,740 assertions.
% [ LazyGroundClauseIndex ]  Building full index for aboveofdiver/2 with 1,057 assertions.
% [ LazyGroundClauseIndex ]  Building full index for facingright/1 with 1,382 assertions.
% [ LazyGroundClauseIndex ]  Building full index for leftofdiver/2 with 926 assertions.
% [ LazyGroundNthArgumentClauseIndex ]  Argument 0:  Building full index for visiblemissile/2.
% [ LazyGroundClauseIndex ]  Building full index for enemyfacingright/2 with 1,095 assertions.
% [ LazyGroundClauseIndex ]  Building full index for samelevelasmissile/2 with 63 assertions.
% [ LazyGroundClauseIndex ]  Building full index for diversempty/1 with 575 assertions.
% [ LazyGroundClauseIndex ]  Building full index for aboveofsubmarine/2 with 1,327 assertions.
% No Gibbs sampling needed during inference.
Best F1 = 1.0
 (Arithmetic) Mean Probability Assigned to Correct Output Class: 2,179.245/2,985.00 = 0.730065
>>>>>>> Stashed changes:rdn_models/seaquest/unweighted_negpos_2_trees_1_depth_5_w_abstraction/left/left_infer.log

 The weighted count of positive examples = 593.000 and the weighted count of negative examples = 2,392.000

printExamples: Writing out predictions (for Tuffy?) on 2,985 examples for 'left' to:
  data/seaquest/left/test/results_left.db
 and to:
  data/seaquest/left/test/query_left.db
%    No need to compress since small: data/seaquest/left/test/query_left.db

% Computing Area Under Curves.
%Pos=593
%Neg=2392
<<<<<<< Updated upstream:rdn_models/seaquest/weighted_1object_negpos_2_trees_1_depth_3/left/left_infer.log
%LL:-917.1532483992589
%LL:-1303.4517707082596
=======
%LL:-888.442761552987
%LL:-1266.0345786983448
>>>>>>> Stashed changes:rdn_models/seaquest/unweighted_negpos_2_trees_1_depth_5_w_abstraction/left/left_infer.log

% Running command: java -jar rdnboost/src/edu/wisc/cs/will/DataSetUtils//auc.jar data/seaquest/left/test/AUC/aucTemp.txt list 0.0
% WAITING FOR command: java -jar rdnboost/src/edu/wisc/cs/will/DataSetUtils//auc.jar data/seaquest/left/test/AUC/aucTemp.txt list 0.0
% DONE WAITING FOR command: java -jar rdnboost/src/edu/wisc/cs/will/DataSetUtils//auc.jar data/seaquest/left/test/AUC/aucTemp.txt list 0.0

<<<<<<< Updated upstream:rdn_models/seaquest/weighted_1object_negpos_2_trees_1_depth_3/left/left_infer.log
%   AUC ROC   = 0.895025
%   AUC PR    = 0.703019
%   CLL	      = -0.436667
%   Precision = 0.445696 at threshold = 0.158
%   Recall    = 0.934233
%   F1        = 0.603486

% Total inference time (1 trees): 629 milliseconds.
[END] 2025-10-20 19:11:17 - Target: left
=======
%   AUC ROC   = 0.928581
%   AUC PR    = 0.780400
%   CLL	      = -0.424132
%   Precision = 0.655325 at threshold = 0.196
%   Recall    = 0.747049
%   F1        = 0.698188

% Total inference time (1 trees): 1.819 seconds.
[END] 2025-10-20 20:21:01 - Target: left
>>>>>>> Stashed changes:rdn_models/seaquest/unweighted_negpos_2_trees_1_depth_5_w_abstraction/left/left_infer.log

