[START] 2025-11-19 17:43:27 - Action: noop (Train Inference)
args[0] = -i
args[1] = -model
args[3] = -test
args[5] = -target
args[7] = -trees
args[9] = -testNegPosRatio
args[11] = -aucJarPath
cmd.getTestDirVal()data/seaquest/single_t/54_RZ_2461867/noop/train/train_infer/
train_infer
java.io.FileNotFoundException: train_infer\train_infer_bk.txt (No such file or directory)
	at java.io.FileInputStream.open0(Native Method)
	at java.io.FileInputStream.open(FileInputStream.java:195)
	at java.io.FileInputStream.<init>(FileInputStream.java:138)
	at java.io.FileInputStream.<init>(FileInputStream.java:93)
	at edu.wisc.cs.will.Utils.check_disc.checkflagvalues(check_disc.java:23)
	at edu.wisc.cs.will.Boosting.RDN.RunBoostedRDN.main(RunBoostedRDN.java:517)

% Starting an INFERENCE run of bRDN.
% Running on host: xps-np

% Switching to VarIndicator = uppercase.

% Unset'ing VarIndicator.

Resetting the LazyGroundNthArgumentClauseIndex.

% Calling ILPouterLoop from createRegressionOuterLooper.

% getInputArgWithDefaultValue: args=[data/seaquest/single_t/54_RZ_2461867/noop/train/train_infer/train_infer_pos.txt, data/seaquest/single_t/54_RZ_2461867/noop/train/train_infer/train_infer_neg.txt, data/seaquest/single_t/54_RZ_2461867/noop/train/train_infer/train_infer_bk.txt, data/seaquest/single_t/54_RZ_2461867/noop/train/train_infer/train_infer_facts.txt]
%  for N=0: args[N]=data/seaquest/single_t/54_RZ_2461867/noop/train/train_infer/train_infer_pos.txt

% getInputArgWithDefaultValue: args=[data/seaquest/single_t/54_RZ_2461867/noop/train/train_infer/train_infer_pos.txt, data/seaquest/single_t/54_RZ_2461867/noop/train/train_infer/train_infer_neg.txt, data/seaquest/single_t/54_RZ_2461867/noop/train/train_infer/train_infer_bk.txt, data/seaquest/single_t/54_RZ_2461867/noop/train/train_infer/train_infer_facts.txt]
%  for N=1: args[N]=data/seaquest/single_t/54_RZ_2461867/noop/train/train_infer/train_infer_neg.txt

% getInputArgWithDefaultValue: args=[data/seaquest/single_t/54_RZ_2461867/noop/train/train_infer/train_infer_pos.txt, data/seaquest/single_t/54_RZ_2461867/noop/train/train_infer/train_infer_neg.txt, data/seaquest/single_t/54_RZ_2461867/noop/train/train_infer/train_infer_bk.txt, data/seaquest/single_t/54_RZ_2461867/noop/train/train_infer/train_infer_facts.txt]
%  for N=2: args[N]=data/seaquest/single_t/54_RZ_2461867/noop/train/train_infer/train_infer_bk.txt

% getInputArgWithDefaultValue: args=[data/seaquest/single_t/54_RZ_2461867/noop/train/train_infer/train_infer_pos.txt, data/seaquest/single_t/54_RZ_2461867/noop/train/train_infer/train_infer_neg.txt, data/seaquest/single_t/54_RZ_2461867/noop/train/train_infer/train_infer_bk.txt, data/seaquest/single_t/54_RZ_2461867/noop/train/train_infer/train_infer_facts.txt]
%  for N=3: args[N]=data/seaquest/single_t/54_RZ_2461867/noop/train/train_infer/train_infer_facts.txt

% Welcome to the WILL ILP/SRL systems.


% Switching to VarIndicator = uppercase.

% Unset'ing VarIndicator.
% Reading background theory from dir: null

% Switching to VarIndicator = uppercase.

***** Warning: % Since this is the first setting of the notation for variables, will keep:
%   variableIndicator = uppercase *****

% [ LazyGroundClauseIndex ]  Building full index for mode/1 with 1 assertions.
% LoadAllModes() called.  Currently loaded modes: []
% [ LazyGroundClauseIndex ]  Building full index for sameAs/2 with 2 assertions.
% [ LazyGroundNthArgumentClauseIndex ]  Argument 1:  Building full index for exp/3.
% [ LazyGroundNthArgumentClauseIndex ]  Argument 0:  Building full index for log/3.
% LoadAllLibraries() called.  Currently loaded libraries: [listsInLogic, differentInLogic, modes_arithmeticInLogic, inlines_comparisonInLogic, modes_listsInLogic, inlines_differentInLogic, modes_differentInLogic, arithmeticInLogic, inlines_listsInLogic, modes_comparisonInLogic, comparisonInLogic, inlines_arithmeticInLogic]

%  Read the facts.
%  Have read 227,712 facts.
% Have read 3,013 examples from 'data/seaquest/single_t/54_RZ_2461867/noop/train/train_infer' [data/seaquest/single_t/54_RZ_2461867/noop/train/train_infer/train_infer*].
% Have read 44,630 examples from 'data/seaquest/single_t/54_RZ_2461867/noop/train/train_infer' [data/seaquest/single_t/54_RZ_2461867/noop/train/train_infer/train_infer*].

%  LearnOneClause initialized.

% The outer looper has been created.

% Initializing the ILP inner looper.

% NEW target:                 action(D, E)
%  targetPred:                action/2
%  targetArgTypes:            signature = [const, const], types = [+state, #name]
%  targets:                   [action(D, E)]
%  targetPredicates:          [action/2]
%  targetArgSpecs:            [[D[+state], E[#name]]]
%  variablesInTargets:        [[D, E]]

% Started collecting constants

% Collecting the types of constants.

% Looking at the training examples to see if any types of new constants can be inferred.
% Time to collect constants: 507 milliseconds
% Time to collect examples: 0 seconds

% Read 3,013 pos examples and 44,630 neg examples.
% Time to init learnOneClause: 547 milliseconds
% Old dirrdn_models/seaquest/single_t/54_RZ_2461867/negpos_2_trees_1_depth_3_grounding_penalty/noop/

% Have 3,013 'raw' positive examples and kept 3,013.
% Have 44,630 'raw' negative examples and kept 44,630.

% processing backup's for action
%  POS EX = 3,013
%  NEG EX = 44,630

% Memory usage by WILLSetup (just counts # targets?):
%  |backupPosExamples| = 1
%  |backupNegExamples| = 1
%  |predicatesAsFacts| = 0
%  |addedToFactBase|   = 0

% Getting bRDN's target predicates.
% Did not learn a model for 'action' this run.
%   loadModel (#0): rdn_models/seaquest/single_t/54_RZ_2461867/negpos_2_trees_1_depth_3_grounding_penalty/noop/bRDNs/Trees/actionTree0.tree
%  Done loading 1 models.
File: data/seaquest/single_t/54_RZ_2461867/noop/train/train_infer/advice.txt doesnt exist.Hence no advice loaded

% for action |lookupPos| = 3,013
% for action |lookupNeg| = 44,630
% getJointExamples: |pos| = 3,013, |neg| = 44,630

% Starting inference in bRDN.
% Initial size of testset negs: 44,630 for action
% Final size of negs: 6,072 for action
% Trees = 1

% Starting getMarginalProbabilities.
% [ LazyGroundClauseIndex ]  Building full index for diversnotfull/1 with 8,330 assertions.
% [ LazyGroundNthArgumentClauseIndex ]  Argument 0:  Building full index for visibleenemy/2.
% [ LazyGroundClauseIndex ]  Building full index for belowofenemy/2 with 9,919 assertions.
% [ LazyGroundClauseIndex ]  Building full index for leftofenemy/2 with 13,484 assertions.
% [ LazyGroundClauseIndex ]  Building full index for rightofenemy/2 with 14,909 assertions.
% [ LazyGroundNthArgumentClauseIndex ]  Argument 0:  Building full index for visibleenemysubmarine/2.
% [ LazyGroundClauseIndex ]  Building full index for belowofsubmarine/2 with 6,872 assertions.
% [ LazyGroundClauseIndex ]  Building full index for enemyfacingleft/2 with 9,382 assertions.
% [ LazyGroundNthArgumentClauseIndex ]  Argument 0:  Building full index for visiblediver/2.
% [ LazyGroundClauseIndex ]  Building full index for samelevelassubmarine/2 with 1,519 assertions.
% [ LazyGroundClauseIndex ]  Building full index for rightofsubmarine/2 with 7,520 assertions.
% [ LazyGroundClauseIndex ]  Building full index for oxygenok/1 with 11,797 assertions.
% [ LazyGroundClauseIndex ]  Building full index for aboveofdiver/2 with 4,120 assertions.
% No Gibbs sampling needed during inference.
Best F1 = 1.0
 (Arithmetic) Mean Probability Assigned to Correct Output Class: 5,933.075/9,085.00 = 0.653063

 The weighted count of positive examples = 3,013.000 and the weighted count of negative examples = 6,072.000

printExamples: Writing out predictions (for Tuffy?) on 9,085 examples for 'action' to:
  data/seaquest/single_t/54_RZ_2461867/noop/train/train_infer/results_action.db
 and to:
  data/seaquest/single_t/54_RZ_2461867/noop/train/train_infer/query_action.db
%    No need to compress since small: data/seaquest/single_t/54_RZ_2461867/noop/train/train_infer/query_action.db

% Computing Area Under Curves.
%Pos=3013
%Neg=6072
%LL:-4360.585059674541
%LL:-5288.4657195359105

% Running command: java -jar rdnboost/src/edu/wisc/cs/will/DataSetUtils//auc.jar data/seaquest/single_t/54_RZ_2461867/noop/train/train_infer/AUC/aucTemp.txt list 0.0
% WAITING FOR command: java -jar rdnboost/src/edu/wisc/cs/will/DataSetUtils//auc.jar data/seaquest/single_t/54_RZ_2461867/noop/train/train_infer/AUC/aucTemp.txt list 0.0
% DONE WAITING FOR command: java -jar rdnboost/src/edu/wisc/cs/will/DataSetUtils//auc.jar data/seaquest/single_t/54_RZ_2461867/noop/train/train_infer/AUC/aucTemp.txt list 0.0

%   AUC ROC   = 0.947683
%   AUC PR    = 0.865196
%   CLL	      = -0.582110
%   Precision = 0.835758 at threshold = 0.201
%   Recall    = 0.857949
%   F1        = 0.846708

% Total inference time (1 trees): 3.473 seconds.
[END] 2025-11-19 17:43:31 - Action: noop (Train Inference)
