[START] 2025-10-29 22:01:39 - Target: horizontal_left
args[0] = -i
args[1] = -model
args[3] = -test
args[5] = -target
args[7] = -trees
args[9] = -aucJarPath
cmd.getTestDirVal()data/seaquest/horizontal/left/test/
test
java.io.FileNotFoundException: test\test_bk.txt (No such file or directory)
	at java.base/java.io.FileInputStream.open0(Native Method)
	at java.base/java.io.FileInputStream.open(FileInputStream.java:185)
	at java.base/java.io.FileInputStream.<init>(FileInputStream.java:139)
	at java.base/java.io.FileInputStream.<init>(FileInputStream.java:109)
	at edu.wisc.cs.will.Utils.check_disc.checkflagvalues(check_disc.java:23)
	at edu.wisc.cs.will.Boosting.RDN.RunBoostedRDN.main(RunBoostedRDN.java:508)

% Starting an INFERENCE run of bRDN.
% Running on host: Varuns-MacBook-Air

% Switching to VarIndicator = uppercase.

% Unset'ing VarIndicator.

Resetting the LazyGroundNthArgumentClauseIndex.

% Calling ILPouterLoop from createRegressionOuterLooper.

% getInputArgWithDefaultValue: args=[data/seaquest/horizontal/left/test/test_pos.txt, data/seaquest/horizontal/left/test/test_neg.txt, data/seaquest/horizontal/left/test/test_bk.txt, data/seaquest/horizontal/left/test/test_facts.txt]
%  for N=0: args[N]=data/seaquest/horizontal/left/test/test_pos.txt

% getInputArgWithDefaultValue: args=[data/seaquest/horizontal/left/test/test_pos.txt, data/seaquest/horizontal/left/test/test_neg.txt, data/seaquest/horizontal/left/test/test_bk.txt, data/seaquest/horizontal/left/test/test_facts.txt]
%  for N=1: args[N]=data/seaquest/horizontal/left/test/test_neg.txt

% getInputArgWithDefaultValue: args=[data/seaquest/horizontal/left/test/test_pos.txt, data/seaquest/horizontal/left/test/test_neg.txt, data/seaquest/horizontal/left/test/test_bk.txt, data/seaquest/horizontal/left/test/test_facts.txt]
%  for N=2: args[N]=data/seaquest/horizontal/left/test/test_bk.txt

% getInputArgWithDefaultValue: args=[data/seaquest/horizontal/left/test/test_pos.txt, data/seaquest/horizontal/left/test/test_neg.txt, data/seaquest/horizontal/left/test/test_bk.txt, data/seaquest/horizontal/left/test/test_facts.txt]
%  for N=3: args[N]=data/seaquest/horizontal/left/test/test_facts.txt

% Welcome to the WILL ILP/SRL systems.


% Switching to VarIndicator = uppercase.

% Unset'ing VarIndicator.
% Reading background theory from dir: null

% Switching to VarIndicator = uppercase.

***** Warning: % Since this is the first setting of the notation for variables, will keep:
%   variableIndicator = uppercase *****

% [ LazyGroundClauseIndex ]  Building full index for mode/1 with 1 assertions.
% LoadAllModes() called.  Currently loaded modes: []
% [ LazyGroundClauseIndex ]  Building full index for sameAs/2 with 2 assertions.
% [ LazyGroundNthArgumentClauseIndex ]  Argument 1:  Building full index for exp/3.
% [ LazyGroundNthArgumentClauseIndex ]  Argument 0:  Building full index for log/3.
% LoadAllLibraries() called.  Currently loaded libraries: [listsInLogic, differentInLogic, modes_arithmeticInLogic, inlines_comparisonInLogic, modes_listsInLogic, inlines_differentInLogic, modes_differentInLogic, arithmeticInLogic, inlines_listsInLogic, modes_comparisonInLogic, comparisonInLogic, inlines_arithmeticInLogic]

%  Read the facts.
%  Have read 66,308 facts.
% Have read 818 examples from 'data/seaquest/horizontal/left/test' [data/seaquest/horizontal/left/test/test*].
% Have read 2,577 examples from 'data/seaquest/horizontal/left/test' [data/seaquest/horizontal/left/test/test*].

%  LearnOneClause initialized.

% The outer looper has been created.

% Initializing the ILP inner looper.

% NEW target:                 horizontal_left(D)
%  targetPred:                horizontal_left/1
%  targetArgTypes:            signature = [const], types = [+state]
%  targets:                   [horizontal_left(D)]
%  targetPredicates:          [horizontal_left/1]
%  targetArgSpecs:            [[D[+state]]]
%  variablesInTargets:        [[D]]

% Started collecting constants

% Collecting the types of constants.

% Looking at the training examples to see if any types of new constants can be inferred.
% Time to collect constants: 148 milliseconds
% Time to collect examples: 0 seconds

% Read 818 pos examples and 2,577 neg examples.
% Time to init learnOneClause: 160 milliseconds
% Old dirrdn_models/seaquest/3class_unweighted_negpos_2_trees_1_depth_3/horizontal/left/

% Have 818 'raw' positive examples and kept 818.
% Have 2,577 'raw' negative examples and kept 2,577.

% processing backup's for horizontal_left
%  POS EX = 818
%  NEG EX = 2,577

% Memory usage by WILLSetup (just counts # targets?):
%  |backupPosExamples| = 1
%  |backupNegExamples| = 1
%  |predicatesAsFacts| = 0
%  |addedToFactBase|   = 0

% Getting bRDN's target predicates.
% Did not learn a model for 'horizontal_left' this run.
%   loadModel (#0): rdn_models/seaquest/3class_unweighted_negpos_2_trees_1_depth_3/horizontal/left/bRDNs/Trees/horizontal_leftTree0.tree
%  Done loading 1 models.
File: data/seaquest/horizontal/left/test/advice.txt doesnt exist.Hence no advice loaded
% Trying to load weights from: data/seaquest/horizontal/left/test/test_pos_weights.txt

% for horizontal_left |lookupPos| = 818
% for horizontal_left |lookupNeg| = 2,577
% getJointExamples: |pos| = 818, |neg| = 2,577

% Starting inference in bRDN.
% Trees = 1

% Starting getMarginalProbabilities.
% [ LazyGroundClauseIndex ]  Building full index for facingleft/1 with 1,835 assertions.
% [ LazyGroundNthArgumentClauseIndex ]  Argument 0:  Building full index for visiblediver/2.
% [ LazyGroundClauseIndex ]  Building full index for samelevelasdiver/2 with 616 assertions.
% [ LazyGroundClauseIndex ]  Building full index for rightofdiver/2 with 904 assertions.
% [ LazyGroundClauseIndex ]  Building full index for diversnotfull/1 with 2,477 assertions.
% [ LazyGroundClauseIndex ]  Building full index for nearbydiver/2 with 347 assertions.
% [ LazyGroundNthArgumentClauseIndex ]  Argument 0:  Building full index for visibleenemysubmarine/2.
% [ LazyGroundClauseIndex ]  Building full index for belowofsubmarine/2 with 2,063 assertions.
% [ LazyGroundClauseIndex ]  Building full index for rightofsubmarine/2 with 2,161 assertions.
% [ LazyGroundClauseIndex ]  Building full index for aboveofdiver/2 with 1,187 assertions.
% [ LazyGroundClauseIndex ]  Building full index for diversfull/1 with 287 assertions.
% [ LazyGroundNthArgumentClauseIndex ]  Argument 0:  Building full index for visibleenemy/2.
% [ LazyGroundClauseIndex ]  Building full index for rightofenemy/2 with 4,270 assertions.
% [ LazyGroundClauseIndex ]  Building full index for nearbysubmarine/2 with 200 assertions.
% [ LazyGroundClauseIndex ]  Building full index for leftofdiver/2 with 1,084 assertions.
% [ LazyGroundClauseIndex ]  Building full index for enemyfacingright/2 with 1,265 assertions.
% No Gibbs sampling needed during inference.
Best F1 = 1.0
 (Arithmetic) Mean Probability Assigned to Correct Output Class: 2,365.679/3,395.00 = 0.696813

 The weighted count of positive examples = 818.000 and the weighted count of negative examples = 2,577.000

printExamples: Writing out predictions (for Tuffy?) on 3,395 examples for 'horizontal_left' to:
  data/seaquest/horizontal/left/test/results_horizontal_left.db
 and to:
  data/seaquest/horizontal/left/test/query_horizontal_left.db
%    No need to compress since small: data/seaquest/horizontal/left/test/query_horizontal_left.db

% Computing Area Under Curves.
%Pos=818
%Neg=2577
%LL:-1270.9974222050166
%LL:-1693.2169354134144

% Running command: java -jar rdnboost/src/edu/wisc/cs/will/DataSetUtils//auc.jar data/seaquest/horizontal/left/test/AUC/aucTemp.txt list 0.0
% WAITING FOR command: java -jar rdnboost/src/edu/wisc/cs/will/DataSetUtils//auc.jar data/seaquest/horizontal/left/test/AUC/aucTemp.txt list 0.0
% DONE WAITING FOR command: java -jar rdnboost/src/edu/wisc/cs/will/DataSetUtils//auc.jar data/seaquest/horizontal/left/test/AUC/aucTemp.txt list 0.0

%   AUC ROC   = 0.882827
%   AUC PR    = 0.734643
%   CLL	      = -0.498738
%   Precision = 0.495635 at threshold = 0.157
%   Recall    = 0.902200
%   F1        = 0.639792

% Total inference time (1 trees): 708 milliseconds.
[END] 2025-10-29 22:01:40 - Target: horizontal_left

