[START] 2025-11-28 16:55:38 - Action: noop (Train Inference)
args[0] = -i
args[1] = -model
args[3] = -test
args[5] = -target
args[7] = -trees
args[9] = -testNegPosRatio
args[11] = -aucJarPath
cmd.getTestDirVal()data/demonattack/all/noop/train/train_infer/
train_infer
java.io.FileNotFoundException: train_infer\train_infer_bk.txt (No such file or directory)
	at java.base/java.io.FileInputStream.open0(Native Method)
	at java.base/java.io.FileInputStream.open(FileInputStream.java:185)
	at java.base/java.io.FileInputStream.<init>(FileInputStream.java:139)
	at java.base/java.io.FileInputStream.<init>(FileInputStream.java:109)
	at edu.wisc.cs.will.Utils.check_disc.checkflagvalues(check_disc.java:23)
	at edu.wisc.cs.will.Boosting.RDN.RunBoostedRDN.main(RunBoostedRDN.java:517)

% Starting an INFERENCE run of bRDN.
% Running on host: Varuns-Air

% Switching to VarIndicator = uppercase.

% Unset'ing VarIndicator.

Resetting the LazyGroundNthArgumentClauseIndex.

% Calling ILPouterLoop from createRegressionOuterLooper.

% getInputArgWithDefaultValue: args=[data/demonattack/all/noop/train/train_infer/train_infer_pos.txt, data/demonattack/all/noop/train/train_infer/train_infer_neg.txt, data/demonattack/all/noop/train/train_infer/train_infer_bk.txt, data/demonattack/all/noop/train/train_infer/train_infer_facts.txt]
%  for N=0: args[N]=data/demonattack/all/noop/train/train_infer/train_infer_pos.txt

% getInputArgWithDefaultValue: args=[data/demonattack/all/noop/train/train_infer/train_infer_pos.txt, data/demonattack/all/noop/train/train_infer/train_infer_neg.txt, data/demonattack/all/noop/train/train_infer/train_infer_bk.txt, data/demonattack/all/noop/train/train_infer/train_infer_facts.txt]
%  for N=1: args[N]=data/demonattack/all/noop/train/train_infer/train_infer_neg.txt

% getInputArgWithDefaultValue: args=[data/demonattack/all/noop/train/train_infer/train_infer_pos.txt, data/demonattack/all/noop/train/train_infer/train_infer_neg.txt, data/demonattack/all/noop/train/train_infer/train_infer_bk.txt, data/demonattack/all/noop/train/train_infer/train_infer_facts.txt]
%  for N=2: args[N]=data/demonattack/all/noop/train/train_infer/train_infer_bk.txt

% getInputArgWithDefaultValue: args=[data/demonattack/all/noop/train/train_infer/train_infer_pos.txt, data/demonattack/all/noop/train/train_infer/train_infer_neg.txt, data/demonattack/all/noop/train/train_infer/train_infer_bk.txt, data/demonattack/all/noop/train/train_infer/train_infer_facts.txt]
%  for N=3: args[N]=data/demonattack/all/noop/train/train_infer/train_infer_facts.txt

% Welcome to the WILL ILP/SRL systems.


% Switching to VarIndicator = uppercase.

% Unset'ing VarIndicator.
% Reading background theory from dir: null

% Switching to VarIndicator = uppercase.

***** Warning: % Since this is the first setting of the notation for variables, will keep:
%   variableIndicator = uppercase *****

% [ LazyGroundClauseIndex ]  Building full index for mode/1 with 1 assertions.
% LoadAllModes() called.  Currently loaded modes: []
% [ LazyGroundClauseIndex ]  Building full index for sameAs/2 with 2 assertions.
% [ LazyGroundNthArgumentClauseIndex ]  Argument 1:  Building full index for exp/3.
% [ LazyGroundNthArgumentClauseIndex ]  Argument 0:  Building full index for log/3.
% LoadAllLibraries() called.  Currently loaded libraries: [listsInLogic, differentInLogic, modes_arithmeticInLogic, inlines_comparisonInLogic, modes_listsInLogic, inlines_differentInLogic, modes_differentInLogic, arithmeticInLogic, inlines_listsInLogic, modes_comparisonInLogic, comparisonInLogic, inlines_arithmeticInLogic]

%  Read the facts.
%  Have read 720,723 facts.
% Have read 11,914 examples from 'data/demonattack/all/noop/train/train_infer' [data/demonattack/all/noop/train/train_infer/train_infer*].
% Have read 338,706 examples from 'data/demonattack/all/noop/train/train_infer' [data/demonattack/all/noop/train/train_infer/train_infer*].

%  LearnOneClause initialized.

% The outer looper has been created.

% Initializing the ILP inner looper.

% NEW target:                 action(D, E)
%  targetPred:                action/2
%  targetArgTypes:            signature = [const, const], types = [+state, #name]
%  targets:                   [action(D, E)]
%  targetPredicates:          [action/2]
%  targetArgSpecs:            [[D[+state], E[#name]]]
%  variablesInTargets:        [[D, E]]

% Started collecting constants

% Collecting the types of constants.

% Looking at the training examples to see if any types of new constants can be inferred.
% Time to collect constants: 3 seconds
% Time to collect examples: 0 seconds

% Read 11,914 pos examples and 338,706 neg examples.
% Time to init learnOneClause: 3 seconds
% Old dirrdn_models/demonattack/all/negpos_2_trees_1_depth_4/noop/

% Have 11,914 'raw' positive examples and kept 11,914.
% Have 338,706 'raw' negative examples and kept 338,706.

% processing backup's for action
%  POS EX = 11,914
%  NEG EX = 338,706

% Memory usage by WILLSetup (just counts # targets?):
%  |backupPosExamples| = 1
%  |backupNegExamples| = 1
%  |predicatesAsFacts| = 0
%  |addedToFactBase|   = 0

% Getting bRDN's target predicates.
% Did not learn a model for 'action' this run.
%   loadModel (#0): rdn_models/demonattack/all/negpos_2_trees_1_depth_4/noop/bRDNs/Trees/actionTree0.tree
%  Done loading 1 models.
File: data/demonattack/all/noop/train/train_infer/advice.txt doesnt exist.Hence no advice loaded

% for action |lookupPos| = 11,914
% for action |lookupNeg| = 338,706
% getJointExamples: |pos| = 11,914, |neg| = 338,706

% Starting inference in bRDN.
% Initial size of testset negs: 338,706 for action
% Final size of negs: 23,753 for action
% Trees = 1

% Starting getMarginalProbabilities.
% [ LazyGroundNthArgumentClauseIndex ]  Argument 0:  Building full index for visibleenemy/2.
% [ LazyGroundNthArgumentClauseIndex ]  Argument 0:  Building full index for visibleplayermissile/2.
% [ LazyGroundNthArgumentClauseIndex ]  Argument 0:  Building full index for visibleenemymissile/2.
% [ LazyGroundClauseIndex ]  Building full index for enemydirectlyabove/2 with 55,798 assertions.
% [ LazyGroundClauseIndex ]  Building full index for nearbymissile/2 with 33,772 assertions.
% [ LazyGroundClauseIndex ]  Building full index for leftofmissile/2 with 24,248 assertions.
% [ LazyGroundClauseIndex ]  Building full index for leftofenemy/2 with 94,991 assertions.
% [ LazyGroundClauseIndex ]  Building full index for rightofenemy/2 with 78,450 assertions.
% No Gibbs sampling needed during inference.
Best F1 = 1.0
 (Arithmetic) Mean Probability Assigned to Correct Output Class: 22,016.469/35,667.00 = 0.617278

 The weighted count of positive examples = 11,914.000 and the weighted count of negative examples = 23,753.000

printExamples: Writing out predictions (for Tuffy?) on 35,667 examples for 'action' to:
  data/demonattack/all/noop/train/train_infer/results_action.db
 and to:
  data/demonattack/all/noop/train/train_infer/query_action.db

***** Warning: Both regular and gzip'ed versions of this file exist; will use NEWER one:
 data/demonattack/all/noop/train/train_infer/query_action.db *****


***** Warning: Both regular and gzip'ed versions of this file exist; will read NEWER one:
 data/demonattack/all/noop/train/train_infer/query_action.db *****


% Computing Area Under Curves.
%Pos=11914
%Neg=23753
%LL:-20660.031501522477
%LL:-24880.532925735894

% Running command: java -jar rdnboost/src/edu/wisc/cs/will/DataSetUtils//auc.jar data/demonattack/all/noop/train/train_infer/AUC/aucTemp.txt list 0.0
% WAITING FOR command: java -jar rdnboost/src/edu/wisc/cs/will/DataSetUtils//auc.jar data/demonattack/all/noop/train/train_infer/AUC/aucTemp.txt list 0.0
% DONE WAITING FOR command: java -jar rdnboost/src/edu/wisc/cs/will/DataSetUtils//auc.jar data/demonattack/all/noop/train/train_infer/AUC/aucTemp.txt list 0.0

%   AUC ROC   = 0.680329
%   AUC PR    = 0.530770
%   CLL	      = -0.697579
%   Precision = 0.506021 at threshold = 0.173
%   Recall    = 0.553718
%   F1        = 0.528796

% Total inference time (1 trees): 5.853 seconds.
[END] 2025-11-28 16:55:43 - Action: noop (Train Inference)
