[START] 2025-11-06 12:18:48 - Target: action (Train Inference)
args[0] = -i
args[1] = -model
args[3] = -test
args[5] = -target
args[7] = -trees
args[9] = -aucJarPath
cmd.getTestDirVal()data/seaquest/fire/train/train_infer/
train_infer
java.io.FileNotFoundException: train_infer\train_infer_bk.txt (No such file or directory)
	at java.base/java.io.FileInputStream.open0(Native Method)
	at java.base/java.io.FileInputStream.open(FileInputStream.java:185)
	at java.base/java.io.FileInputStream.<init>(FileInputStream.java:139)
	at java.base/java.io.FileInputStream.<init>(FileInputStream.java:109)
	at edu.wisc.cs.will.Utils.check_disc.checkflagvalues(check_disc.java:23)
	at edu.wisc.cs.will.Boosting.RDN.RunBoostedRDN.main(RunBoostedRDN.java:508)

% Starting an INFERENCE run of bRDN.
% Running on host: Varuns-MacBook-Air

% Switching to VarIndicator = uppercase.

% Unset'ing VarIndicator.

Resetting the LazyGroundNthArgumentClauseIndex.

% Calling ILPouterLoop from createRegressionOuterLooper.

% getInputArgWithDefaultValue: args=[data/seaquest/fire/train/train_infer/train_infer_pos.txt, data/seaquest/fire/train/train_infer/train_infer_neg.txt, data/seaquest/fire/train/train_infer/train_infer_bk.txt, data/seaquest/fire/train/train_infer/train_infer_facts.txt]
%  for N=0: args[N]=data/seaquest/fire/train/train_infer/train_infer_pos.txt

% getInputArgWithDefaultValue: args=[data/seaquest/fire/train/train_infer/train_infer_pos.txt, data/seaquest/fire/train/train_infer/train_infer_neg.txt, data/seaquest/fire/train/train_infer/train_infer_bk.txt, data/seaquest/fire/train/train_infer/train_infer_facts.txt]
%  for N=1: args[N]=data/seaquest/fire/train/train_infer/train_infer_neg.txt

% getInputArgWithDefaultValue: args=[data/seaquest/fire/train/train_infer/train_infer_pos.txt, data/seaquest/fire/train/train_infer/train_infer_neg.txt, data/seaquest/fire/train/train_infer/train_infer_bk.txt, data/seaquest/fire/train/train_infer/train_infer_facts.txt]
%  for N=2: args[N]=data/seaquest/fire/train/train_infer/train_infer_bk.txt

% getInputArgWithDefaultValue: args=[data/seaquest/fire/train/train_infer/train_infer_pos.txt, data/seaquest/fire/train/train_infer/train_infer_neg.txt, data/seaquest/fire/train/train_infer/train_infer_bk.txt, data/seaquest/fire/train/train_infer/train_infer_facts.txt]
%  for N=3: args[N]=data/seaquest/fire/train/train_infer/train_infer_facts.txt

% Welcome to the WILL ILP/SRL systems.


% Switching to VarIndicator = uppercase.

% Unset'ing VarIndicator.
% Reading background theory from dir: null

% Switching to VarIndicator = uppercase.

***** Warning: % Since this is the first setting of the notation for variables, will keep:
%   variableIndicator = uppercase *****

% [ LazyGroundClauseIndex ]  Building full index for mode/1 with 1 assertions.
% LoadAllModes() called.  Currently loaded modes: []
% [ LazyGroundClauseIndex ]  Building full index for sameAs/2 with 2 assertions.
% [ LazyGroundNthArgumentClauseIndex ]  Argument 1:  Building full index for exp/3.
% [ LazyGroundNthArgumentClauseIndex ]  Argument 0:  Building full index for log/3.
% LoadAllLibraries() called.  Currently loaded libraries: [listsInLogic, differentInLogic, modes_arithmeticInLogic, inlines_comparisonInLogic, modes_listsInLogic, inlines_differentInLogic, modes_differentInLogic, arithmeticInLogic, inlines_listsInLogic, modes_comparisonInLogic, comparisonInLogic, inlines_arithmeticInLogic]

%  Read the facts.
%  Have read 227,792 facts.
% Have read 314 examples from 'data/seaquest/fire/train/train_infer' [data/seaquest/fire/train/train_infer/train_infer*].
% Have read 58,125 examples from 'data/seaquest/fire/train/train_infer' [data/seaquest/fire/train/train_infer/train_infer*].

%  LearnOneClause initialized.

% The outer looper has been created.

% Initializing the ILP inner looper.

% NEW target:                 action(D, E)
%  targetPred:                action/2
%  targetArgTypes:            signature = [const, const], types = [+state, #name]
%  targets:                   [action(D, E)]
%  targetPredicates:          [action/2]
%  targetArgSpecs:            [[D[+state], E[#name]]]
%  variablesInTargets:        [[D, E]]

% Started collecting constants

% Collecting the types of constants.

% Looking at the training examples to see if any types of new constants can be inferred.
% Time to collect constants: 336 milliseconds
% Time to collect examples: 0 seconds

% Read 314 pos examples and 58,125 neg examples.
% Time to init learnOneClause: 360 milliseconds
% Old dirrdn_models/seaquest/negpos_2_trees_1_depth_4_new/fire/

% Have 314 'raw' positive examples and kept 314.
% Have 58,125 'raw' negative examples and kept 58,125.

% processing backup's for action
%  POS EX = 314
%  NEG EX = 58,125

% Memory usage by WILLSetup (just counts # targets?):
%  |backupPosExamples| = 1
%  |backupNegExamples| = 1
%  |predicatesAsFacts| = 0
%  |addedToFactBase|   = 0

% Getting bRDN's target predicates.
% Did not learn a model for 'action' this run.
%   loadModel (#0): rdn_models/seaquest/negpos_2_trees_1_depth_4_new/fire/bRDNs/Trees/actionTree0.tree
%  Done loading 1 models.
File: data/seaquest/fire/train/train_infer/advice.txt doesnt exist.Hence no advice loaded
% Trying to load weights from: data/seaquest/fire/train/train_infer/train_infer_pos_weights.txt

% for action |lookupPos| = 314
% for action |lookupNeg| = 58,125
% getJointExamples: |pos| = 314, |neg| = 58,125

% Starting inference in bRDN.
% Trees = 1

% Starting getMarginalProbabilities.
% [ LazyGroundNthArgumentClauseIndex ]  Argument 0:  Building full index for visibleenemy/2.
% [ LazyGroundClauseIndex ]  Building full index for samelevelasenemy/2 with 2,708 assertions.
% [ LazyGroundClauseIndex ]  Building full index for diversnotfull/1 with 8,334 assertions.
% [ LazyGroundClauseIndex ]  Building full index for facingleft/1 with 6,339 assertions.
% [ LazyGroundClauseIndex ]  Building full index for leftofenemy/2 with 13,484 assertions.
% [ LazyGroundClauseIndex ]  Building full index for belowofenemy/2 with 9,919 assertions.
% [ LazyGroundClauseIndex ]  Building full index for rightofenemy/2 with 14,929 assertions.
% [ LazyGroundNthArgumentClauseIndex ]  Argument 0:  Building full index for visiblediver/2.
% [ LazyGroundNthArgumentClauseIndex ]  Argument 0:  Building full index for visibleenemysubmarine/2.
% [ LazyGroundClauseIndex ]  Building full index for belowofsubmarine/2 with 6,872 assertions.
% [ LazyGroundClauseIndex ]  Building full index for enemyfacingleft/2 with 9,386 assertions.
% [ LazyGroundClauseIndex ]  Building full index for nearbysubmarine/2 with 792 assertions.
% [ LazyGroundClauseIndex ]  Building full index for oxygenok/1 with 11,797 assertions.
% [ LazyGroundClauseIndex ]  Building full index for aboveofenemy/2 with 19,312 assertions.
% [ LazyGroundClauseIndex ]  Building full index for belowofdiver/2 with 1,688 assertions.
% [ LazyGroundClauseIndex ]  Building full index for samelevelassubmarine/2 with 1,523 assertions.
% [ LazyGroundClauseIndex ]  Building full index for facingright/1 with 5,458 assertions.
% No Gibbs sampling needed during inference.
Best F1 = 0.9968051118210862
 (Arithmetic) Mean Probability Assigned to Correct Output Class: 49,571.749/58,439.00 = 0.848265

 The weighted count of positive examples = 314.000 and the weighted count of negative examples = 58,125.000

printExamples: Writing out predictions (for Tuffy?) on 58,439 examples for 'action' to:
  data/seaquest/fire/train/train_infer/results_action.db
 and to:
  data/seaquest/fire/train/train_infer/query_action.db

***** Warning: Both regular and gzip'ed versions of this file exist; will use NEWER one:
 data/seaquest/fire/train/train_infer/query_action.db *****


***** Warning: Both regular and gzip'ed versions of this file exist; will read NEWER one:
 data/seaquest/fire/train/train_infer/query_action.db *****


% Computing Area Under Curves.
%Pos=314
%Neg=58125
%LL:-490.3958252583366
%LL:-9863.579554607171

% Running command: java -jar rdnboost/src/edu/wisc/cs/will/DataSetUtils//auc.jar data/seaquest/fire/train/train_infer/AUC/aucTemp.txt list 0.0
% WAITING FOR command: java -jar rdnboost/src/edu/wisc/cs/will/DataSetUtils//auc.jar data/seaquest/fire/train/train_infer/AUC/aucTemp.txt list 0.0
% DONE WAITING FOR command: java -jar rdnboost/src/edu/wisc/cs/will/DataSetUtils//auc.jar data/seaquest/fire/train/train_infer/AUC/aucTemp.txt list 0.0

%   AUC ROC   = 0.891367
%   AUC PR    = 0.045972
%   CLL	      = -0.168784
%   Precision = 0.044417 at threshold = 0.228
%   Recall    = 0.452229
%   F1        = 0.080889

% Total inference time (1 trees): 2.570 seconds.
[END] 2025-11-06 12:18:50 - Target: action (Train Inference)
