[START] 2025-10-29 18:48:09 - Target: fire
args[0] = -i
args[1] = -model
args[3] = -test
args[5] = -target
args[7] = -trees
args[9] = -aucJarPath
cmd.getTestDirVal()data/seaquest/fire/test/
test
java.io.FileNotFoundException: test\test_bk.txt (No such file or directory)
	at java.base/java.io.FileInputStream.open0(Native Method)
	at java.base/java.io.FileInputStream.open(FileInputStream.java:185)
	at java.base/java.io.FileInputStream.<init>(FileInputStream.java:139)
	at java.base/java.io.FileInputStream.<init>(FileInputStream.java:109)
	at edu.wisc.cs.will.Utils.check_disc.checkflagvalues(check_disc.java:23)
	at edu.wisc.cs.will.Boosting.RDN.RunBoostedRDN.main(RunBoostedRDN.java:508)

% Starting an INFERENCE run of bRDN.
% Running on host: Varuns-Air

% Switching to VarIndicator = uppercase.

% Unset'ing VarIndicator.

Resetting the LazyGroundNthArgumentClauseIndex.

% Calling ILPouterLoop from createRegressionOuterLooper.

% getInputArgWithDefaultValue: args=[data/seaquest/fire/test/test_pos.txt, data/seaquest/fire/test/test_neg.txt, data/seaquest/fire/test/test_bk.txt, data/seaquest/fire/test/test_facts.txt]
%  for N=0: args[N]=data/seaquest/fire/test/test_pos.txt

% getInputArgWithDefaultValue: args=[data/seaquest/fire/test/test_pos.txt, data/seaquest/fire/test/test_neg.txt, data/seaquest/fire/test/test_bk.txt, data/seaquest/fire/test/test_facts.txt]
%  for N=1: args[N]=data/seaquest/fire/test/test_neg.txt

% getInputArgWithDefaultValue: args=[data/seaquest/fire/test/test_pos.txt, data/seaquest/fire/test/test_neg.txt, data/seaquest/fire/test/test_bk.txt, data/seaquest/fire/test/test_facts.txt]
%  for N=2: args[N]=data/seaquest/fire/test/test_bk.txt

% getInputArgWithDefaultValue: args=[data/seaquest/fire/test/test_pos.txt, data/seaquest/fire/test/test_neg.txt, data/seaquest/fire/test/test_bk.txt, data/seaquest/fire/test/test_facts.txt]
%  for N=3: args[N]=data/seaquest/fire/test/test_facts.txt

% Welcome to the WILL ILP/SRL systems.


% Switching to VarIndicator = uppercase.

% Unset'ing VarIndicator.
% Reading background theory from dir: null

% Switching to VarIndicator = uppercase.

***** Warning: % Since this is the first setting of the notation for variables, will keep:
%   variableIndicator = uppercase *****

% [ LazyGroundClauseIndex ]  Building full index for mode/1 with 1 assertions.
% LoadAllModes() called.  Currently loaded modes: []
% [ LazyGroundClauseIndex ]  Building full index for sameAs/2 with 2 assertions.
% [ LazyGroundNthArgumentClauseIndex ]  Argument 1:  Building full index for exp/3.
% [ LazyGroundNthArgumentClauseIndex ]  Argument 0:  Building full index for log/3.
% LoadAllLibraries() called.  Currently loaded libraries: [listsInLogic, differentInLogic, modes_arithmeticInLogic, inlines_comparisonInLogic, modes_listsInLogic, inlines_differentInLogic, modes_differentInLogic, arithmeticInLogic, inlines_listsInLogic, modes_comparisonInLogic, comparisonInLogic, inlines_arithmeticInLogic]

%  Read the facts.
%  Have read 66,308 facts.
% Have read 3,395 examples from 'data/seaquest/fire/test' [data/seaquest/fire/test/test*].
% Have read 3,395 examples from 'data/seaquest/fire/test' [data/seaquest/fire/test/test*].

%  LearnOneClause initialized.

% The outer looper has been created.

% Initializing the ILP inner looper.

% NEW target:                 fire(D, E)
%  targetPred:                fire/2
%  targetArgTypes:            signature = [const, const], types = [+state, #action]
%  targets:                   [fire(D, E)]
%  targetPredicates:          [fire/2]
%  targetArgSpecs:            [[D[+state], E[#action]]]
%  variablesInTargets:        [[D, E]]

% Started collecting constants

% Collecting the types of constants.

% Looking at the training examples to see if any types of new constants can be inferred.
% Time to collect constants: 166 milliseconds
% Time to collect examples: 0 seconds

% Read 3,395 pos examples and 3,395 neg examples.
% Time to init learnOneClause: 182 milliseconds
% Old dirrdn_models/seaquest/3class_unweighted_negpos_2_trees_1_depth_3/fire/

% Have 3,395 'raw' positive examples and kept 3,395.
% Have 3,395 'raw' negative examples and kept 3,395.

% processing backup's for fire
%  POS EX = 3,395
%  NEG EX = 3,395

% Memory usage by WILLSetup (just counts # targets?):
%  |backupPosExamples| = 1
%  |backupNegExamples| = 1
%  |predicatesAsFacts| = 0
%  |addedToFactBase|   = 0

% Getting bRDN's target predicates.
% Did not learn a model for 'fire' this run.
%   loadModel (#0): rdn_models/seaquest/3class_unweighted_negpos_2_trees_1_depth_3/fire/bRDNs/Trees/fireTree0.tree
%  Done loading 1 models.
File: data/seaquest/fire/test/advice.txt doesnt exist.Hence no advice loaded
% Trying to load weights from: data/seaquest/fire/test/test_pos_weights.txt

% for fire |lookupPos| = 3,395
% for fire |lookupNeg| = 3,395
% getJointExamples: |pos| = 3,395, |neg| = 3,395

% Starting inference in bRDN.
% Trees = 1

% Starting getMarginalProbabilities.
% [ LazyGroundClauseIndex ]  Building full index for facingleft/1 with 1,835 assertions.
% [ LazyGroundClauseIndex ]  Building full index for diversfull/1 with 287 assertions.
% [ LazyGroundClauseIndex ]  Building full index for diversnotfull/1 with 2,477 assertions.
% [ LazyGroundNthArgumentClauseIndex ]  Argument 0:  Building full index for visiblediver/2.
% [ LazyGroundNthArgumentClauseIndex ]  Argument 0:  Building full index for visibleenemysubmarine/2.
% [ LazyGroundClauseIndex ]  Building full index for nearbysubmarine/2 with 200 assertions.
% [ LazyGroundClauseIndex ]  Building full index for diversempty/1 with 597 assertions.
% [ LazyGroundClauseIndex ]  Building full index for samelevelasdiver/2 with 616 assertions.
% No Gibbs sampling needed during inference.
Best F1 = 0.9998527462818436
 (Arithmetic) Mean Probability Assigned to Correct Output Class: 3,395.000/6,790.00 = 0.500000

 The weighted count of positive examples = 3,395.000 and the weighted count of negative examples = 3,395.000

printExamples: Writing out predictions (for Tuffy?) on 6,790 examples for 'fire' to:
  data/seaquest/fire/test/results_fire.db
 and to:
  data/seaquest/fire/test/query_fire.db
%    No need to compress since small: data/seaquest/fire/test/query_fire.db

% Computing Area Under Curves.
%Pos=3395
%Neg=3395
%LL:-5615.7627216623905
%LL:-6336.441077988256

% Running command: java -jar rdnboost/src/edu/wisc/cs/will/DataSetUtils//auc.jar data/seaquest/fire/test/AUC/aucTemp.txt list 0.0
% WAITING FOR command: java -jar rdnboost/src/edu/wisc/cs/will/DataSetUtils//auc.jar data/seaquest/fire/test/AUC/aucTemp.txt list 0.0
% DONE WAITING FOR command: java -jar rdnboost/src/edu/wisc/cs/will/DataSetUtils//auc.jar data/seaquest/fire/test/AUC/aucTemp.txt list 0.0

%   AUC ROC   = 0.500000
%   AUC PR    = 0.500000
%   CLL	      = -0.933202
%   Precision = 0.500000 at threshold = 0.191
%   Recall    = 0.066568
%   F1        = 0.117494

% Total inference time (1 trees): 902 milliseconds.
[END] 2025-10-29 18:48:10 - Target: fire

