<<<<<<<< HEAD:rdn_models/seaquest/all/negpos_2_trees_1_depth_1/down/seed_456/train_infer.log
[START] 2025-11-28 03:34:50 - Action: down (Train Inference)
========
[START] 2025-11-24 13:23:05 - Action: down (Train Inference)
>>>>>>>> c48fc9efa2eb5efe7757a3119cbda099e1fb4769:rdn_models/seaquest/all/negpos_2_trees_1_depth_2/down/action_train_infer.log
args[0] = -i
args[1] = -model
args[3] = -test
args[5] = -target
args[7] = -trees
args[9] = -testNegPosRatio
args[11] = -seed
args[13] = -aucJarPath
cmd.getTestDirVal()rdn_models/seaquest/all/negpos_2_trees_1_depth_1/down/seed_456/train_infer/
train_infer
java.io.FileNotFoundException: train_infer\train_infer_bk.txt (No such file or directory)
	at java.io.FileInputStream.open0(Native Method)
	at java.io.FileInputStream.open(FileInputStream.java:195)
	at java.io.FileInputStream.<init>(FileInputStream.java:138)
	at java.io.FileInputStream.<init>(FileInputStream.java:93)
	at edu.wisc.cs.will.Utils.check_disc.checkflagvalues(check_disc.java:23)
	at edu.wisc.cs.will.Boosting.RDN.RunBoostedRDN.main(RunBoostedRDN.java:517)

% Starting an INFERENCE run of bRDN.
% Running on host: xps-np

% Switching to VarIndicator = uppercase.

% Unset'ing VarIndicator.

Resetting the LazyGroundNthArgumentClauseIndex.

% Calling ILPouterLoop from createRegressionOuterLooper.

% getInputArgWithDefaultValue: args=[rdn_models/seaquest/all/negpos_2_trees_1_depth_1/down/seed_456/train_infer/train_infer_pos.txt, rdn_models/seaquest/all/negpos_2_trees_1_depth_1/down/seed_456/train_infer/train_infer_neg.txt, rdn_models/seaquest/all/negpos_2_trees_1_depth_1/down/seed_456/train_infer/train_infer_bk.txt, rdn_models/seaquest/all/negpos_2_trees_1_depth_1/down/seed_456/train_infer/train_infer_facts.txt]
%  for N=0: args[N]=rdn_models/seaquest/all/negpos_2_trees_1_depth_1/down/seed_456/train_infer/train_infer_pos.txt

% getInputArgWithDefaultValue: args=[rdn_models/seaquest/all/negpos_2_trees_1_depth_1/down/seed_456/train_infer/train_infer_pos.txt, rdn_models/seaquest/all/negpos_2_trees_1_depth_1/down/seed_456/train_infer/train_infer_neg.txt, rdn_models/seaquest/all/negpos_2_trees_1_depth_1/down/seed_456/train_infer/train_infer_bk.txt, rdn_models/seaquest/all/negpos_2_trees_1_depth_1/down/seed_456/train_infer/train_infer_facts.txt]
%  for N=1: args[N]=rdn_models/seaquest/all/negpos_2_trees_1_depth_1/down/seed_456/train_infer/train_infer_neg.txt

% getInputArgWithDefaultValue: args=[rdn_models/seaquest/all/negpos_2_trees_1_depth_1/down/seed_456/train_infer/train_infer_pos.txt, rdn_models/seaquest/all/negpos_2_trees_1_depth_1/down/seed_456/train_infer/train_infer_neg.txt, rdn_models/seaquest/all/negpos_2_trees_1_depth_1/down/seed_456/train_infer/train_infer_bk.txt, rdn_models/seaquest/all/negpos_2_trees_1_depth_1/down/seed_456/train_infer/train_infer_facts.txt]
%  for N=2: args[N]=rdn_models/seaquest/all/negpos_2_trees_1_depth_1/down/seed_456/train_infer/train_infer_bk.txt

% getInputArgWithDefaultValue: args=[rdn_models/seaquest/all/negpos_2_trees_1_depth_1/down/seed_456/train_infer/train_infer_pos.txt, rdn_models/seaquest/all/negpos_2_trees_1_depth_1/down/seed_456/train_infer/train_infer_neg.txt, rdn_models/seaquest/all/negpos_2_trees_1_depth_1/down/seed_456/train_infer/train_infer_bk.txt, rdn_models/seaquest/all/negpos_2_trees_1_depth_1/down/seed_456/train_infer/train_infer_facts.txt]
%  for N=3: args[N]=rdn_models/seaquest/all/negpos_2_trees_1_depth_1/down/seed_456/train_infer/train_infer_facts.txt

% Welcome to the WILL ILP/SRL systems.


% Switching to VarIndicator = uppercase.

% Unset'ing VarIndicator.
% Reading background theory from dir: null

% Switching to VarIndicator = uppercase.

***** Warning: % Since this is the first setting of the notation for variables, will keep:
%   variableIndicator = uppercase *****

% [ LazyGroundClauseIndex ]  Building full index for mode/1 with 1 assertions.
% LoadAllModes() called.  Currently loaded modes: []
% [ LazyGroundClauseIndex ]  Building full index for sameAs/2 with 2 assertions.
% [ LazyGroundNthArgumentClauseIndex ]  Argument 1:  Building full index for exp/3.
% [ LazyGroundNthArgumentClauseIndex ]  Argument 0:  Building full index for log/3.
% LoadAllLibraries() called.  Currently loaded libraries: [listsInLogic, differentInLogic, modes_arithmeticInLogic, inlines_comparisonInLogic, modes_listsInLogic, inlines_differentInLogic, modes_differentInLogic, arithmeticInLogic, inlines_listsInLogic, modes_comparisonInLogic, comparisonInLogic, inlines_arithmeticInLogic]

%  Read the facts.
%  Have read 1,820,826 facts.
% Have read 13,785 examples from 'rdn_models/seaquest/all/negpos_2_trees_1_depth_1/down/seed_456/train_infer' [rdn_models/seaquest/all/negpos_2_trees_1_depth_1/down/seed_456/train_infer/train_infer*].
% Have read 340,070 examples from 'rdn_models/seaquest/all/negpos_2_trees_1_depth_1/down/seed_456/train_infer' [rdn_models/seaquest/all/negpos_2_trees_1_depth_1/down/seed_456/train_infer/train_infer*].

%  LearnOneClause initialized.

% The outer looper has been created.

% Initializing the ILP inner looper.

% NEW target:                 action(D, E)
%  targetPred:                action/2
%  targetArgTypes:            signature = [const, const], types = [+state, #name]
%  targets:                   [action(D, E)]
%  targetPredicates:          [action/2]
%  targetArgSpecs:            [[D[+state], E[#name]]]
%  variablesInTargets:        [[D, E]]

% Started collecting constants

% Collecting the types of constants.

% Looking at the training examples to see if any types of new constants can be inferred.
% Time to collect constants: 8 seconds
% Time to collect examples: 0 seconds

% Read 13,785 pos examples and 340,070 neg examples.
<<<<<<<< HEAD:rdn_models/seaquest/all/negpos_2_trees_1_depth_1/down/seed_456/train_infer.log
% Time to init learnOneClause: 4 seconds
% Old dirrdn_models/seaquest/all/negpos_2_trees_1_depth_1/down/seed_456/
========
% Time to init learnOneClause: 9 seconds
% Old dirrdn_models/seaquest/all/negpos_2_trees_1_depth_2/down/
>>>>>>>> c48fc9efa2eb5efe7757a3119cbda099e1fb4769:rdn_models/seaquest/all/negpos_2_trees_1_depth_2/down/action_train_infer.log

% Have 13,785 'raw' positive examples and kept 13,785.
% Have 340,070 'raw' negative examples and kept 340,070.

% processing backup's for action
%  POS EX = 13,785
%  NEG EX = 340,070

% Memory usage by WILLSetup (just counts # targets?):
%  |backupPosExamples| = 1
%  |backupNegExamples| = 1
%  |predicatesAsFacts| = 0
%  |addedToFactBase|   = 0

% Getting bRDN's target predicates.
% Did not learn a model for 'action' this run.
<<<<<<<< HEAD:rdn_models/seaquest/all/negpos_2_trees_1_depth_1/down/seed_456/train_infer.log
%   loadModel (#0): rdn_models/seaquest/all/negpos_2_trees_1_depth_1/down/seed_456/bRDNs/Trees/actionTree0.tree
========
%   loadModel (#0): rdn_models/seaquest/all/negpos_2_trees_1_depth_2/down/bRDNs/Trees/actionTree0.tree
>>>>>>>> c48fc9efa2eb5efe7757a3119cbda099e1fb4769:rdn_models/seaquest/all/negpos_2_trees_1_depth_2/down/action_train_infer.log
%  Done loading 1 models.
File: rdn_models/seaquest/all/negpos_2_trees_1_depth_1/down/seed_456/train_infer/advice.txt doesnt exist.Hence no advice loaded

% for action |lookupPos| = 13,785
% for action |lookupNeg| = 340,070
% getJointExamples: |pos| = 13,785, |neg| = 340,070

% Starting inference in bRDN.
% Initial size of testset negs: 340,070 for action
% Final size of negs: 27,574 for action
% Trees = 1

% Starting getMarginalProbabilities.
<<<<<<<< HEAD:rdn_models/seaquest/all/negpos_2_trees_1_depth_1/down/seed_456/train_infer.log
% [ LazyGroundClauseIndex ]  Building full index for belowwatersurface/1 with 59,204 assertions.
========
>>>>>>>> c48fc9efa2eb5efe7757a3119cbda099e1fb4769:rdn_models/seaquest/all/negpos_2_trees_1_depth_2/down/action_train_infer.log
% [ LazyGroundNthArgumentClauseIndex ]  Argument 0:  Building full index for visiblediver/2.
% [ LazyGroundClauseIndex ]  Building full index for aboveofdiver/2 with 47,497 assertions.
% [ LazyGroundNthArgumentClauseIndex ]  Argument 0:  Building full index for visibleenemysubmarine/2.
% [ LazyGroundClauseIndex ]  Building full index for aboveofsubmarine/2 with 64,138 assertions.
% [ LazyGroundClauseIndex ]  Building full index for diversfull/1 with 6,926 assertions.
% [ LazyGroundNthArgumentClauseIndex ]  Argument 0:  Building full index for visibleenemy/2.
<<<<<<<< HEAD:rdn_models/seaquest/all/negpos_2_trees_1_depth_1/down/seed_456/train_infer.log
% No Gibbs sampling needed during inference.
Best F1 = 0.9999637300061659
 (Arithmetic) Mean Probability Assigned to Correct Output Class: 25,656.914/41,359.00 = 0.620347
========
% [ LazyGroundClauseIndex ]  Building full index for diversnotfull/1 with 55,369 assertions.
% [ LazyGroundClauseIndex ]  Building full index for samelevelasenemy/2 with 18,267 assertions.
% [ LazyGroundClauseIndex ]  Building full index for enemyfacingright/2 with 49,529 assertions.
% [ LazyGroundClauseIndex ]  Building full index for leftofsubmarine/2 with 61,464 assertions.
% [ LazyGroundClauseIndex ]  Building full index for diversempty/1 with 17,279 assertions.
% [ LazyGroundNthArgumentClauseIndex ]  Argument 0:  Building full index for visiblemissile/2.
% [ LazyGroundClauseIndex ]  Building full index for belowofsubmarine/2 with 71,823 assertions.
% [ LazyGroundClauseIndex ]  Building full index for nearbymissile/2 with 3,294 assertions.
% [ LazyGroundClauseIndex ]  Building full index for aboveofenemy/2 with 110,095 assertions.
% No Gibbs sampling needed during inference.
Best F1 = 1.0
 (Arithmetic) Mean Probability Assigned to Correct Output Class: 25,451.301/41,124.00 = 0.618892
>>>>>>>> c48fc9efa2eb5efe7757a3119cbda099e1fb4769:rdn_models/seaquest/all/negpos_2_trees_1_depth_2/down/action_train_infer.log

 The weighted count of positive examples = 13,785.000 and the weighted count of negative examples = 27,574.000

printExamples: Writing out predictions (for Tuffy?) on 41,359 examples for 'action' to:
  rdn_models/seaquest/all/negpos_2_trees_1_depth_1/down/seed_456/train_infer/results_action.db
 and to:
  rdn_models/seaquest/all/negpos_2_trees_1_depth_1/down/seed_456/train_infer/query_action.db

% Computing Area Under Curves.
%Pos=13785
<<<<<<<< HEAD:rdn_models/seaquest/all/negpos_2_trees_1_depth_1/down/seed_456/train_infer.log
%Neg=27574
%LL:-23455.83447643046
%LL:-28310.96397158907
========
%Neg=27339
%LL:-23570.545963936158
%LL:-28384.580228381797
>>>>>>>> c48fc9efa2eb5efe7757a3119cbda099e1fb4769:rdn_models/seaquest/all/negpos_2_trees_1_depth_2/down/action_train_infer.log

% Running command: java -jar rdnboost/src/edu/wisc/cs/will/DataSetUtils//auc.jar rdn_models/seaquest/all/negpos_2_trees_1_depth_1/down/seed_456/train_infer/AUC/aucTemp.txt list 0.0
% WAITING FOR command: java -jar rdnboost/src/edu/wisc/cs/will/DataSetUtils//auc.jar rdn_models/seaquest/all/negpos_2_trees_1_depth_1/down/seed_456/train_infer/AUC/aucTemp.txt list 0.0
% DONE WAITING FOR command: java -jar rdnboost/src/edu/wisc/cs/will/DataSetUtils//auc.jar rdn_models/seaquest/all/negpos_2_trees_1_depth_1/down/seed_456/train_infer/AUC/aucTemp.txt list 0.0

<<<<<<<< HEAD:rdn_models/seaquest/all/negpos_2_trees_1_depth_1/down/seed_456/train_infer.log
%   AUC ROC   = 0.727567
%   AUC PR    = 0.500797
%   CLL	      = -0.684518
%   Precision = 0.528001 at threshold = 0.181
%   Recall    = 0.582735
%   F1        = 0.554019

% Total inference time (1 trees): 19.571 seconds.
[END] 2025-11-28 03:35:10 - Action: down (Train Inference)
========
%   AUC ROC   = 0.731857
%   AUC PR    = 0.561343
%   CLL	      = -0.690219
%   Precision = 0.559293 at threshold = 0.174
%   Recall    = 0.513892
%   F1        = 0.535632

% Total inference time (1 trees): 33.287 seconds.
[END] 2025-11-24 13:23:39 - Action: down (Train Inference)
>>>>>>>> c48fc9efa2eb5efe7757a3119cbda099e1fb4769:rdn_models/seaquest/all/negpos_2_trees_1_depth_2/down/action_train_infer.log
