[START] 2025-11-27 16:53:02 - Action: up (Train Inference)
args[0] = -i
args[1] = -model
args[3] = -test
args[5] = -target
args[7] = -trees
args[9] = -testNegPosRatio
args[11] = -aucJarPath
cmd.getTestDirVal()data/freeway/all/up/train/train_infer/
train_infer
java.io.FileNotFoundException: train_infer\train_infer_bk.txt (No such file or directory)
	at java.base/java.io.FileInputStream.open0(Native Method)
	at java.base/java.io.FileInputStream.open(FileInputStream.java:185)
	at java.base/java.io.FileInputStream.<init>(FileInputStream.java:139)
	at java.base/java.io.FileInputStream.<init>(FileInputStream.java:109)
	at edu.wisc.cs.will.Utils.check_disc.checkflagvalues(check_disc.java:23)
	at edu.wisc.cs.will.Boosting.RDN.RunBoostedRDN.main(RunBoostedRDN.java:517)

% Starting an INFERENCE run of bRDN.
% Running on host: Varuns-Air

% Switching to VarIndicator = uppercase.

% Unset'ing VarIndicator.

Resetting the LazyGroundNthArgumentClauseIndex.

% Calling ILPouterLoop from createRegressionOuterLooper.

% getInputArgWithDefaultValue: args=[data/freeway/all/up/train/train_infer/train_infer_pos.txt, data/freeway/all/up/train/train_infer/train_infer_neg.txt, data/freeway/all/up/train/train_infer/train_infer_bk.txt, data/freeway/all/up/train/train_infer/train_infer_facts.txt]
%  for N=0: args[N]=data/freeway/all/up/train/train_infer/train_infer_pos.txt

% getInputArgWithDefaultValue: args=[data/freeway/all/up/train/train_infer/train_infer_pos.txt, data/freeway/all/up/train/train_infer/train_infer_neg.txt, data/freeway/all/up/train/train_infer/train_infer_bk.txt, data/freeway/all/up/train/train_infer/train_infer_facts.txt]
%  for N=1: args[N]=data/freeway/all/up/train/train_infer/train_infer_neg.txt

% getInputArgWithDefaultValue: args=[data/freeway/all/up/train/train_infer/train_infer_pos.txt, data/freeway/all/up/train/train_infer/train_infer_neg.txt, data/freeway/all/up/train/train_infer/train_infer_bk.txt, data/freeway/all/up/train/train_infer/train_infer_facts.txt]
%  for N=2: args[N]=data/freeway/all/up/train/train_infer/train_infer_bk.txt

% getInputArgWithDefaultValue: args=[data/freeway/all/up/train/train_infer/train_infer_pos.txt, data/freeway/all/up/train/train_infer/train_infer_neg.txt, data/freeway/all/up/train/train_infer/train_infer_bk.txt, data/freeway/all/up/train/train_infer/train_infer_facts.txt]
%  for N=3: args[N]=data/freeway/all/up/train/train_infer/train_infer_facts.txt

% Welcome to the WILL ILP/SRL systems.


% Switching to VarIndicator = uppercase.

% Unset'ing VarIndicator.
% Reading background theory from dir: null

% Switching to VarIndicator = uppercase.

***** Warning: % Since this is the first setting of the notation for variables, will keep:
%   variableIndicator = uppercase *****

% [ LazyGroundClauseIndex ]  Building full index for mode/1 with 1 assertions.
% LoadAllModes() called.  Currently loaded modes: []
% [ LazyGroundClauseIndex ]  Building full index for sameAs/2 with 2 assertions.
% [ LazyGroundNthArgumentClauseIndex ]  Argument 1:  Building full index for exp/3.
% [ LazyGroundNthArgumentClauseIndex ]  Argument 0:  Building full index for log/3.
% LoadAllLibraries() called.  Currently loaded libraries: [listsInLogic, differentInLogic, modes_arithmeticInLogic, inlines_comparisonInLogic, modes_listsInLogic, inlines_differentInLogic, modes_differentInLogic, arithmeticInLogic, inlines_listsInLogic, modes_comparisonInLogic, comparisonInLogic, inlines_arithmeticInLogic]

%  Read the facts.
%  Have read 4,123,064 facts.
% Have read 107,316 examples from 'data/freeway/all/up/train/train_infer' [data/freeway/all/up/train/train_infer/train_infer*].
% Have read 62,440 examples from 'data/freeway/all/up/train/train_infer' [data/freeway/all/up/train/train_infer/train_infer*].

%  LearnOneClause initialized.

% The outer looper has been created.

% Initializing the ILP inner looper.

% NEW target:                 action(D, E)
%  targetPred:                action/2
%  targetArgTypes:            signature = [const, const], types = [+state, #name]
%  targets:                   [action(D, E)]
%  targetPredicates:          [action/2]
%  targetArgSpecs:            [[D[+state], E[#name]]]
%  variablesInTargets:        [[D, E]]

% Started collecting constants

% Collecting the types of constants.

% Looking at the training examples to see if any types of new constants can be inferred.
% Time to collect constants: 4 seconds
% Time to collect examples: 0 seconds

% Read 107,316 pos examples and 62,440 neg examples.
% Time to init learnOneClause: 4 seconds
% Old dirrdn_models/freeway/all/negpos_2_trees_1_depth_3/up/

% Have 107,316 'raw' positive examples and kept 107,316.
% Have 62,440 'raw' negative examples and kept 62,440.

% processing backup's for action
%  POS EX = 107,316
%  NEG EX = 62,440

% Memory usage by WILLSetup (just counts # targets?):
%  |backupPosExamples| = 1
%  |backupNegExamples| = 1
%  |predicatesAsFacts| = 0
%  |addedToFactBase|   = 0

% Getting bRDN's target predicates.
% Did not learn a model for 'action' this run.
%   loadModel (#0): rdn_models/freeway/all/negpos_2_trees_1_depth_3/up/bRDNs/Trees/actionTree0.tree
%  Done loading 1 models.
File: data/freeway/all/up/train/train_infer/advice.txt doesnt exist.Hence no advice loaded

% for action |lookupPos| = 107,316
% for action |lookupNeg| = 62,440
% getJointExamples: |pos| = 107,316, |neg| = 62,440

% Starting inference in bRDN.
% Initial size of testset negs: 62,440 for action
% Final size of negs: 62,440 for action
% Trees = 1

% Starting getMarginalProbabilities.
% [ LazyGroundNthArgumentClauseIndex ]  Argument 0:  Building full index for carabove/2.
% [ LazyGroundClauseIndex ]  Building full index for nearbycar/2 with 147,356 assertions.
% [ LazyGroundNthArgumentClauseIndex ]  Argument 0:  Building full index for carbelow/2.
% [ LazyGroundClauseIndex ]  Building full index for carfacingside/3 with 1,257,589 assertions.
% [ LazyGroundClauseIndex ]  Building full index for leftofcar/2 with 925,875 assertions.
% [ LazyGroundNthArgumentClauseIndex ]  Argument 0:  Building full index for samelevelascar/2.
% [ LazyGroundClauseIndex ]  Building full index for cardirectlyabove/2 with 80,860 assertions.
% [ LazyGroundClauseIndex ]  Building full index for rightofcar/2 with 323,534 assertions.
% [ LazyGroundClauseIndex ]  Building full index for samelevelascar/2 with 99,753 assertions.
% [ LazyGroundClauseIndex ]  Building full index for carbelow/2 with 501,815 assertions.
% No Gibbs sampling needed during inference.
Best F1 = 1.0
 (Arithmetic) Mean Probability Assigned to Correct Output Class: 79,209.381/169,756.00 = 0.466607

 The weighted count of positive examples = 107,316.000 and the weighted count of negative examples = 62,440.000

printExamples: Writing out predictions (for Tuffy?) on 169,756 examples for 'action' to:
  data/freeway/all/up/train/train_infer/results_action.db
 and to:
  data/freeway/all/up/train/train_infer/query_action.db

% Computing Area Under Curves.
%Pos=107316
%Neg=62440
%LL:-150177.76322841638
%LL:-161329.6813694199

% Running command: java -jar rdnboost/src/edu/wisc/cs/will/DataSetUtils//auc.jar data/freeway/all/up/train/train_infer/AUC/aucTemp.txt list 0.0
% WAITING FOR command: java -jar rdnboost/src/edu/wisc/cs/will/DataSetUtils//auc.jar data/freeway/all/up/train/train_infer/AUC/aucTemp.txt list 0.0
% DONE WAITING FOR command: java -jar rdnboost/src/edu/wisc/cs/will/DataSetUtils//auc.jar data/freeway/all/up/train/train_infer/AUC/aucTemp.txt list 0.0

%   AUC ROC   = 0.917205
%   AUC PR    = 0.953889
%   CLL	      = -0.950362
%   Precision = 0.934825 at threshold = 0.214
%   Recall    = 0.808081
%   F1        = 0.866845

% Total inference time (1 trees): 14.535 seconds.
[END] 2025-11-27 16:53:17 - Action: up (Train Inference)
