[START] 2025-11-19 01:15:21 - Action: up (Train Inference)
args[0] = -i
args[1] = -model
args[3] = -test
args[5] = -target
args[7] = -trees
args[9] = -testNegPosRatio
args[11] = -aucJarPath
cmd.getTestDirVal()data/seaquest/single_t/54_RZ_2461867/up/train/train_infer/
train_infer
java.io.FileNotFoundException: train_infer\train_infer_bk.txt (No such file or directory)
	at java.io.FileInputStream.open0(Native Method)
	at java.io.FileInputStream.open(FileInputStream.java:195)
	at java.io.FileInputStream.<init>(FileInputStream.java:138)
	at java.io.FileInputStream.<init>(FileInputStream.java:93)
	at edu.wisc.cs.will.Utils.check_disc.checkflagvalues(check_disc.java:23)
	at edu.wisc.cs.will.Boosting.RDN.RunBoostedRDN.main(RunBoostedRDN.java:517)

% Starting an INFERENCE run of bRDN.
% Running on host: xps-np

% Switching to VarIndicator = uppercase.

% Unset'ing VarIndicator.

Resetting the LazyGroundNthArgumentClauseIndex.

% Calling ILPouterLoop from createRegressionOuterLooper.

% getInputArgWithDefaultValue: args=[data/seaquest/single_t/54_RZ_2461867/up/train/train_infer/train_infer_pos.txt, data/seaquest/single_t/54_RZ_2461867/up/train/train_infer/train_infer_neg.txt, data/seaquest/single_t/54_RZ_2461867/up/train/train_infer/train_infer_bk.txt, data/seaquest/single_t/54_RZ_2461867/up/train/train_infer/train_infer_facts.txt]
%  for N=0: args[N]=data/seaquest/single_t/54_RZ_2461867/up/train/train_infer/train_infer_pos.txt

% getInputArgWithDefaultValue: args=[data/seaquest/single_t/54_RZ_2461867/up/train/train_infer/train_infer_pos.txt, data/seaquest/single_t/54_RZ_2461867/up/train/train_infer/train_infer_neg.txt, data/seaquest/single_t/54_RZ_2461867/up/train/train_infer/train_infer_bk.txt, data/seaquest/single_t/54_RZ_2461867/up/train/train_infer/train_infer_facts.txt]
%  for N=1: args[N]=data/seaquest/single_t/54_RZ_2461867/up/train/train_infer/train_infer_neg.txt

% getInputArgWithDefaultValue: args=[data/seaquest/single_t/54_RZ_2461867/up/train/train_infer/train_infer_pos.txt, data/seaquest/single_t/54_RZ_2461867/up/train/train_infer/train_infer_neg.txt, data/seaquest/single_t/54_RZ_2461867/up/train/train_infer/train_infer_bk.txt, data/seaquest/single_t/54_RZ_2461867/up/train/train_infer/train_infer_facts.txt]
%  for N=2: args[N]=data/seaquest/single_t/54_RZ_2461867/up/train/train_infer/train_infer_bk.txt

% getInputArgWithDefaultValue: args=[data/seaquest/single_t/54_RZ_2461867/up/train/train_infer/train_infer_pos.txt, data/seaquest/single_t/54_RZ_2461867/up/train/train_infer/train_infer_neg.txt, data/seaquest/single_t/54_RZ_2461867/up/train/train_infer/train_infer_bk.txt, data/seaquest/single_t/54_RZ_2461867/up/train/train_infer/train_infer_facts.txt]
%  for N=3: args[N]=data/seaquest/single_t/54_RZ_2461867/up/train/train_infer/train_infer_facts.txt

% Welcome to the WILL ILP/SRL systems.


% Switching to VarIndicator = uppercase.

% Unset'ing VarIndicator.
% Reading background theory from dir: null

% Switching to VarIndicator = uppercase.

***** Warning: % Since this is the first setting of the notation for variables, will keep:
%   variableIndicator = uppercase *****

% [ LazyGroundClauseIndex ]  Building full index for mode/1 with 1 assertions.
% LoadAllModes() called.  Currently loaded modes: []
% [ LazyGroundClauseIndex ]  Building full index for sameAs/2 with 2 assertions.
% [ LazyGroundNthArgumentClauseIndex ]  Argument 1:  Building full index for exp/3.
% [ LazyGroundNthArgumentClauseIndex ]  Argument 0:  Building full index for log/3.
% LoadAllLibraries() called.  Currently loaded libraries: [listsInLogic, differentInLogic, modes_arithmeticInLogic, inlines_comparisonInLogic, modes_listsInLogic, inlines_differentInLogic, modes_differentInLogic, arithmeticInLogic, inlines_listsInLogic, modes_comparisonInLogic, comparisonInLogic, inlines_arithmeticInLogic]

%  Read the facts.
%  Have read 227,712 facts.
% Have read 2,053 examples from 'data/seaquest/single_t/54_RZ_2461867/up/train/train_infer' [data/seaquest/single_t/54_RZ_2461867/up/train/train_infer/train_infer*].
% Have read 49,430 examples from 'data/seaquest/single_t/54_RZ_2461867/up/train/train_infer' [data/seaquest/single_t/54_RZ_2461867/up/train/train_infer/train_infer*].

%  LearnOneClause initialized.

% The outer looper has been created.

% Initializing the ILP inner looper.

% NEW target:                 action(D, E)
%  targetPred:                action/2
%  targetArgTypes:            signature = [const, const], types = [+state, #name]
%  targets:                   [action(D, E)]
%  targetPredicates:          [action/2]
%  targetArgSpecs:            [[D[+state], E[#name]]]
%  variablesInTargets:        [[D, E]]

% Started collecting constants

% Collecting the types of constants.

% Looking at the training examples to see if any types of new constants can be inferred.
% Time to collect constants: 947 milliseconds
% Time to collect examples: 0 seconds

% Read 2,053 pos examples and 49,430 neg examples.
% Time to init learnOneClause: 1 seconds
% Old dirrdn_models/seaquest/single_t/54_RZ_2461867/negpos_2_trees_1_depth_3_grounding_penalty/up/

% Have 2,053 'raw' positive examples and kept 2,053.
% Have 49,430 'raw' negative examples and kept 49,430.

% processing backup's for action
%  POS EX = 2,053
%  NEG EX = 49,430

% Memory usage by WILLSetup (just counts # targets?):
%  |backupPosExamples| = 1
%  |backupNegExamples| = 1
%  |predicatesAsFacts| = 0
%  |addedToFactBase|   = 0

% Getting bRDN's target predicates.
% Did not learn a model for 'action' this run.
%   loadModel (#0): rdn_models/seaquest/single_t/54_RZ_2461867/negpos_2_trees_1_depth_3_grounding_penalty/up/bRDNs/Trees/actionTree0.tree
%  Done loading 1 models.
File: data/seaquest/single_t/54_RZ_2461867/up/train/train_infer/advice.txt doesnt exist.Hence no advice loaded

% for action |lookupPos| = 2,053
% for action |lookupNeg| = 49,430
% getJointExamples: |pos| = 2,053, |neg| = 49,430

% Starting inference in bRDN.
% Initial size of testset negs: 49,430 for action
% Final size of negs: 4,118 for action
% Trees = 1

% Starting getMarginalProbabilities.
% [ LazyGroundNthArgumentClauseIndex ]  Argument 0:  Building full index for visibleenemy/2.
% [ LazyGroundClauseIndex ]  Building full index for belowofenemy/2 with 9,919 assertions.
% [ LazyGroundClauseIndex ]  Building full index for diversnotfull/1 with 8,330 assertions.
% [ LazyGroundNthArgumentClauseIndex ]  Argument 0:  Building full index for visiblediver/2.
% [ LazyGroundNthArgumentClauseIndex ]  Argument 0:  Building full index for visiblemissile/2.
% [ LazyGroundClauseIndex ]  Building full index for rightofmissile/2 with 1,294 assertions.
% [ LazyGroundClauseIndex ]  Building full index for belowofdiver/2 with 1,688 assertions.
% [ LazyGroundNthArgumentClauseIndex ]  Argument 0:  Building full index for visibleenemysubmarine/2.
% [ LazyGroundClauseIndex ]  Building full index for enemyfacingright/2 with 4,252 assertions.
% [ LazyGroundClauseIndex ]  Building full index for leftofenemy/2 with 13,484 assertions.
% [ LazyGroundClauseIndex ]  Building full index for diversfull/1 with 1,089 assertions.
% [ LazyGroundClauseIndex ]  Building full index for belowofsubmarine/2 with 6,872 assertions.
% [ LazyGroundClauseIndex ]  Building full index for facingleft/1 with 6,339 assertions.
% [ LazyGroundClauseIndex ]  Building full index for samelevelasenemy/2 with 2,708 assertions.
% [ LazyGroundClauseIndex ]  Building full index for leftofdiver/2 with 3,619 assertions.
% [ LazyGroundClauseIndex ]  Building full index for oxygenok/1 with 11,797 assertions.
% [ LazyGroundClauseIndex ]  Building full index for aboveofenemy/2 with 19,292 assertions.
% No Gibbs sampling needed during inference.
Best F1 = 1.0
 (Arithmetic) Mean Probability Assigned to Correct Output Class: 3,860.103/6,171.00 = 0.625523

 The weighted count of positive examples = 2,053.000 and the weighted count of negative examples = 4,118.000

printExamples: Writing out predictions (for Tuffy?) on 6,171 examples for 'action' to:
  data/seaquest/single_t/54_RZ_2461867/up/train/train_infer/results_action.db
 and to:
  data/seaquest/single_t/54_RZ_2461867/up/train/train_infer/query_action.db
%    No need to compress since small: data/seaquest/single_t/54_RZ_2461867/up/train/train_infer/query_action.db

% Computing Area Under Curves.
%Pos=2053
%Neg=4118
%LL:-3427.993357374879
%LL:-4137.565664782432

% Running command: java -jar rdnboost/src/edu/wisc/cs/will/DataSetUtils//auc.jar data/seaquest/single_t/54_RZ_2461867/up/train/train_infer/AUC/aucTemp.txt list 0.0
% WAITING FOR command: java -jar rdnboost/src/edu/wisc/cs/will/DataSetUtils//auc.jar data/seaquest/single_t/54_RZ_2461867/up/train/train_infer/AUC/aucTemp.txt list 0.0
% DONE WAITING FOR command: java -jar rdnboost/src/edu/wisc/cs/will/DataSetUtils//auc.jar data/seaquest/single_t/54_RZ_2461867/up/train/train_infer/AUC/aucTemp.txt list 0.0

%   AUC ROC   = 0.781614
%   AUC PR    = 0.622250
%   CLL	      = -0.670485
%   Precision = 0.601738 at threshold = 0.185
%   Recall    = 0.573307
%   F1        = 0.587179

% Total inference time (1 trees): 6.108 seconds.
[END] 2025-11-19 01:15:28 - Action: up (Train Inference)
