[START] 2025-10-21 18:05:58 - Target: down
args[0] = -i
args[1] = -model
args[3] = -test
args[5] = -target
args[7] = -trees
args[9] = -aucJarPath
cmd.getTestDirVal()data/seaquest/all/down/test/
test
java.io.FileNotFoundException: test\test_bk.txt (No such file or directory)
	at java.io.FileInputStream.open0(Native Method)
	at java.io.FileInputStream.open(FileInputStream.java:195)
	at java.io.FileInputStream.<init>(FileInputStream.java:138)
	at java.io.FileInputStream.<init>(FileInputStream.java:93)
	at edu.wisc.cs.will.Utils.check_disc.checkflagvalues(check_disc.java:23)
	at edu.wisc.cs.will.Boosting.RDN.RunBoostedRDN.main(RunBoostedRDN.java:515)

% Starting an INFERENCE run of bRDN.
% Running on host: xps-np

% Switching to VarIndicator = uppercase.

% Unset'ing VarIndicator.

Resetting the LazyGroundNthArgumentClauseIndex.

% Calling ILPouterLoop from createRegressionOuterLooper.

% getInputArgWithDefaultValue: args=[data/seaquest/all/down/test/test_pos.txt, data/seaquest/all/down/test/test_neg.txt, data/seaquest/all/down/test/test_bk.txt, data/seaquest/all/down/test/test_facts.txt]
%  for N=0: args[N]=data/seaquest/all/down/test/test_pos.txt

% getInputArgWithDefaultValue: args=[data/seaquest/all/down/test/test_pos.txt, data/seaquest/all/down/test/test_neg.txt, data/seaquest/all/down/test/test_bk.txt, data/seaquest/all/down/test/test_facts.txt]
%  for N=1: args[N]=data/seaquest/all/down/test/test_neg.txt

% getInputArgWithDefaultValue: args=[data/seaquest/all/down/test/test_pos.txt, data/seaquest/all/down/test/test_neg.txt, data/seaquest/all/down/test/test_bk.txt, data/seaquest/all/down/test/test_facts.txt]
%  for N=2: args[N]=data/seaquest/all/down/test/test_bk.txt

% getInputArgWithDefaultValue: args=[data/seaquest/all/down/test/test_pos.txt, data/seaquest/all/down/test/test_neg.txt, data/seaquest/all/down/test/test_bk.txt, data/seaquest/all/down/test/test_facts.txt]
%  for N=3: args[N]=data/seaquest/all/down/test/test_facts.txt

% Welcome to the WILL ILP/SRL systems.


% Switching to VarIndicator = uppercase.

% Unset'ing VarIndicator.
% Reading background theory from dir: null

% Switching to VarIndicator = uppercase.

***** Warning: % Since this is the first setting of the notation for variables, will keep:
%   variableIndicator = uppercase *****

% [ LazyGroundClauseIndex ]  Building full index for mode/1 with 1 assertions.
% LoadAllModes() called.  Currently loaded modes: []
% [ LazyGroundClauseIndex ]  Building full index for sameAs/2 with 2 assertions.
% [ LazyGroundNthArgumentClauseIndex ]  Argument 1:  Building full index for exp/3.
% [ LazyGroundNthArgumentClauseIndex ]  Argument 0:  Building full index for log/3.
% LoadAllLibraries() called.  Currently loaded libraries: [listsInLogic, differentInLogic, modes_arithmeticInLogic, inlines_comparisonInLogic, modes_listsInLogic, inlines_differentInLogic, modes_differentInLogic, arithmeticInLogic, inlines_listsInLogic, modes_comparisonInLogic, comparisonInLogic, inlines_arithmeticInLogic]

%  Read the facts.
%  Have read 453,728 facts.
% Have read 3,486 examples from 'data/seaquest/all/down/test' [data/seaquest/all/down/test/test*].
% Have read 16,964 examples from 'data/seaquest/all/down/test' [data/seaquest/all/down/test/test*].

%  LearnOneClause initialized.

% The outer looper has been created.
%     totalPosWeight = 3486.0  minPosCoverage = 2.0
%     totalPosWeight = 3486.0  minPosCoverage = 87.15
%     totalPosWeight = 3486.0  minPosCoverage = 0.025
%     maxPossiblePrecision = 0.9999713146496084  minPrecision = 3.0

% Initializing the ILP inner looper.

% NEW target:                 down(D)
%  targetPred:                down/1
%  targetArgTypes:            signature = [const], types = [+state]
%  targets:                   [down(D)]
%  targetPredicates:          [down/1]
%  targetArgSpecs:            [[D[+state]]]
%  variablesInTargets:        [[D]]

% Started collecting constants

% Collecting the types of constants.

% Looking at the training examples to see if any types of new constants can be inferred.
% Time to collect constants: 907 milliseconds
% Time to collect examples: 0 seconds

% Read 3,486 pos examples and 16,964 neg examples.
% Time to init learnOneClause: 961 milliseconds
% Old dirrdn_models/seaquest/unweighted_negpos_2_trees_5_depth_3_all/down/

% Have 3,486 'raw' positive examples and kept 3,486.
% Have 16,964 'raw' negative examples and kept 16,964.

% processing backup's for down
%  POS EX = 3,486
%  NEG EX = 16,964

% Memory usage by WILLSetup (just counts # targets?):
%  |backupPosExamples| = 1
%  |backupNegExamples| = 1
%  |predicatesAsFacts| = 0
%  |addedToFactBase|   = 0

% Getting bRDN's target predicates.
% Did not learn a model for 'down' this run.
%   loadModel (#0): rdn_models/seaquest/unweighted_negpos_2_trees_5_depth_3_all/down/bRDNs/Trees/downTree0.tree
%   loadModel (#1): rdn_models/seaquest/unweighted_negpos_2_trees_5_depth_3_all/down/bRDNs/Trees/downTree1.tree
%   loadModel (#2): rdn_models/seaquest/unweighted_negpos_2_trees_5_depth_3_all/down/bRDNs/Trees/downTree2.tree
%   loadModel (#3): rdn_models/seaquest/unweighted_negpos_2_trees_5_depth_3_all/down/bRDNs/Trees/downTree3.tree
%   loadModel (#4): rdn_models/seaquest/unweighted_negpos_2_trees_5_depth_3_all/down/bRDNs/Trees/downTree4.tree
%  Done loading 5 models.
File: data/seaquest/all/down/test/advice.txt doesnt exist.Hence no advice loaded

% for down |lookupPos| = 3,486
% for down |lookupNeg| = 16,964
% getJointExamples: |pos| = 3,486, |neg| = 16,964

% Starting inference in bRDN.
% Trees = 5

% Starting getMarginalProbabilities.
% [ LazyGroundNthArgumentClauseIndex ]  Argument 0:  Building full index for visiblediver/2.
% [ LazyGroundClauseIndex ]  Building full index for aboveofdiver/2 with 11,721 assertions.
% [ LazyGroundNthArgumentClauseIndex ]  Argument 0:  Building full index for visibleenemysubmarine/2.
% [ LazyGroundClauseIndex ]  Building full index for diversfull/1 with 1,679 assertions.
% [ LazyGroundNthArgumentClauseIndex ]  Argument 0:  Building full index for visibleenemy/2.
% [ LazyGroundClauseIndex ]  Building full index for belowofenemy/2 with 16,039 assertions.
% [ LazyGroundClauseIndex ]  Building full index for aboveofenemy/2 with 27,281 assertions.
% [ LazyGroundNthArgumentClauseIndex ]  Argument 0:  Building full index for visiblemissile/2.
% [ LazyGroundClauseIndex ]  Building full index for nearbyenemy/2 with 3,499 assertions.
% [ LazyGroundClauseIndex ]  Building full index for diversnotfull/1 with 13,895 assertions.
% [ LazyGroundClauseIndex ]  Building full index for samelevelasenemy/2 with 4,540 assertions.
% [ LazyGroundClauseIndex ]  Building full index for oxygenok/1 with 19,882 assertions.
% [ LazyGroundClauseIndex ]  Building full index for facingleft/1 with 9,582 assertions.
% [ LazyGroundClauseIndex ]  Building full index for aboveofsubmarine/2 with 15,977 assertions.
% [ LazyGroundClauseIndex ]  Building full index for samelevelassubmarine/2 with 3,736 assertions.
% [ LazyGroundClauseIndex ]  Building full index for diversempty/1 with 4,308 assertions.
% [ LazyGroundClauseIndex ]  Building full index for belowofsubmarine/2 with 17,895 assertions.
% [ LazyGroundClauseIndex ]  Building full index for enemyfacingright/2 with 12,475 assertions.
% [ LazyGroundClauseIndex ]  Building full index for leftofsubmarine/2 with 15,356 assertions.
% [ LazyGroundClauseIndex ]  Building full index for nearbydiver/2 with 2,401 assertions.
% [ LazyGroundClauseIndex ]  Building full index for aboveofmissile/2 with 5,349 assertions.
% [ LazyGroundClauseIndex ]  Building full index for leftofdiver/2 with 8,009 assertions.
% [ LazyGroundClauseIndex ]  Building full index for rightofdiver/2 with 8,026 assertions.
% [ LazyGroundClauseIndex ]  Building full index for facingright/1 with 10,300 assertions.
% [ LazyGroundClauseIndex ]  Building full index for rightofsubmarine/2 with 16,977 assertions.
% [ LazyGroundClauseIndex ]  Building full index for samelevelasdiver/2 with 2,855 assertions.
% [ LazyGroundClauseIndex ]  Building full index for nearbymissile/2 with 803 assertions.
% [ LazyGroundClauseIndex ]  Building full index for nearbysubmarine/2 with 3,138 assertions.
% [ LazyGroundClauseIndex ]  Building full index for enemyfacingleft/2 with 26,015 assertions.
% No Gibbs sampling needed during inference.
Best F1 = 1.0
 (Arithmetic) Mean Probability Assigned to Correct Output Class: 14,267.809/20,450.00 = 0.697692

 The weighted count of positive examples = 3,486.000 and the weighted count of negative examples = 16,964.000

printExamples: Writing out predictions (for Tuffy?) on 20,450 examples for 'down' to:
  data/seaquest/all/down/test/results_down.db
 and to:
  data/seaquest/all/down/test/query_down.db
%    No need to compress since small: data/seaquest/all/down/test/query_down.db

% Computing Area Under Curves.
%Pos=3486
%Neg=16964
%LL:-4006.746238400052
%LL:-8589.886080518925

% Running command: java -jar rdnboost/src/edu/wisc/cs/will/DataSetUtils//auc.jar data/seaquest/all/down/test/AUC/aucTemp.txt list 0.0
% WAITING FOR command: java -jar rdnboost/src/edu/wisc/cs/will/DataSetUtils//auc.jar data/seaquest/all/down/test/AUC/aucTemp.txt list 0.0
% DONE WAITING FOR command: java -jar rdnboost/src/edu/wisc/cs/will/DataSetUtils//auc.jar data/seaquest/all/down/test/AUC/aucTemp.txt list 0.0

%   AUC ROC   = 0.765422
%   AUC PR    = 0.385953
%   CLL	      = -0.420043
%   Precision = 0.417658 at threshold = 0.360
%   Recall    = 0.382674
%   F1        = 0.399401

% Total inference time (5 trees): 8.247 seconds.
[END] 2025-10-21 18:06:06 - Target: down

