[START] 2025-12-02 12:59:28 - Action: fire (Train Inference)
args[0] = -i
args[1] = -model
args[3] = -test
args[5] = -target
args[7] = -trees
args[9] = -testNegPosRatio
args[11] = -seed
args[13] = -aucJarPath
cmd.getTestDirVal()rdn_models/seaquest/all/negpos_2_trees_1_depth_3_grounding_penalty_0.01_new/fire/seed_42/train_infer/
train_infer
java.io.FileNotFoundException: train_infer\train_infer_bk.txt (No such file or directory)
	at java.io.FileInputStream.open0(Native Method)
	at java.io.FileInputStream.open(FileInputStream.java:195)
	at java.io.FileInputStream.<init>(FileInputStream.java:138)
	at java.io.FileInputStream.<init>(FileInputStream.java:93)
	at edu.wisc.cs.will.Utils.check_disc.checkflagvalues(check_disc.java:23)
	at edu.wisc.cs.will.Boosting.RDN.RunBoostedRDN.main(RunBoostedRDN.java:517)

% Starting an INFERENCE run of bRDN.
% Running on host: xps-np

% Switching to VarIndicator = uppercase.

% Unset'ing VarIndicator.

Resetting the LazyGroundNthArgumentClauseIndex.

% Calling ILPouterLoop from createRegressionOuterLooper.

% getInputArgWithDefaultValue: args=[rdn_models/seaquest/all/negpos_2_trees_1_depth_3_grounding_penalty_0.01_new/fire/seed_42/train_infer/train_infer_pos.txt, rdn_models/seaquest/all/negpos_2_trees_1_depth_3_grounding_penalty_0.01_new/fire/seed_42/train_infer/train_infer_neg.txt, rdn_models/seaquest/all/negpos_2_trees_1_depth_3_grounding_penalty_0.01_new/fire/seed_42/train_infer/train_infer_bk.txt, rdn_models/seaquest/all/negpos_2_trees_1_depth_3_grounding_penalty_0.01_new/fire/seed_42/train_infer/train_infer_facts.txt]
%  for N=0: args[N]=rdn_models/seaquest/all/negpos_2_trees_1_depth_3_grounding_penalty_0.01_new/fire/seed_42/train_infer/train_infer_pos.txt

% getInputArgWithDefaultValue: args=[rdn_models/seaquest/all/negpos_2_trees_1_depth_3_grounding_penalty_0.01_new/fire/seed_42/train_infer/train_infer_pos.txt, rdn_models/seaquest/all/negpos_2_trees_1_depth_3_grounding_penalty_0.01_new/fire/seed_42/train_infer/train_infer_neg.txt, rdn_models/seaquest/all/negpos_2_trees_1_depth_3_grounding_penalty_0.01_new/fire/seed_42/train_infer/train_infer_bk.txt, rdn_models/seaquest/all/negpos_2_trees_1_depth_3_grounding_penalty_0.01_new/fire/seed_42/train_infer/train_infer_facts.txt]
%  for N=1: args[N]=rdn_models/seaquest/all/negpos_2_trees_1_depth_3_grounding_penalty_0.01_new/fire/seed_42/train_infer/train_infer_neg.txt

% getInputArgWithDefaultValue: args=[rdn_models/seaquest/all/negpos_2_trees_1_depth_3_grounding_penalty_0.01_new/fire/seed_42/train_infer/train_infer_pos.txt, rdn_models/seaquest/all/negpos_2_trees_1_depth_3_grounding_penalty_0.01_new/fire/seed_42/train_infer/train_infer_neg.txt, rdn_models/seaquest/all/negpos_2_trees_1_depth_3_grounding_penalty_0.01_new/fire/seed_42/train_infer/train_infer_bk.txt, rdn_models/seaquest/all/negpos_2_trees_1_depth_3_grounding_penalty_0.01_new/fire/seed_42/train_infer/train_infer_facts.txt]
%  for N=2: args[N]=rdn_models/seaquest/all/negpos_2_trees_1_depth_3_grounding_penalty_0.01_new/fire/seed_42/train_infer/train_infer_bk.txt

% getInputArgWithDefaultValue: args=[rdn_models/seaquest/all/negpos_2_trees_1_depth_3_grounding_penalty_0.01_new/fire/seed_42/train_infer/train_infer_pos.txt, rdn_models/seaquest/all/negpos_2_trees_1_depth_3_grounding_penalty_0.01_new/fire/seed_42/train_infer/train_infer_neg.txt, rdn_models/seaquest/all/negpos_2_trees_1_depth_3_grounding_penalty_0.01_new/fire/seed_42/train_infer/train_infer_bk.txt, rdn_models/seaquest/all/negpos_2_trees_1_depth_3_grounding_penalty_0.01_new/fire/seed_42/train_infer/train_infer_facts.txt]
%  for N=3: args[N]=rdn_models/seaquest/all/negpos_2_trees_1_depth_3_grounding_penalty_0.01_new/fire/seed_42/train_infer/train_infer_facts.txt

% Welcome to the WILL ILP/SRL systems.


% Switching to VarIndicator = uppercase.

% Unset'ing VarIndicator.
% Reading background theory from dir: null

% Switching to VarIndicator = uppercase.

***** Warning: % Since this is the first setting of the notation for variables, will keep:
%   variableIndicator = uppercase *****

% [ LazyGroundClauseIndex ]  Building full index for mode/1 with 1 assertions.
% LoadAllModes() called.  Currently loaded modes: []
% [ LazyGroundClauseIndex ]  Building full index for sameAs/2 with 2 assertions.
% [ LazyGroundNthArgumentClauseIndex ]  Argument 1:  Building full index for exp/3.
% [ LazyGroundNthArgumentClauseIndex ]  Argument 0:  Building full index for log/3.
% LoadAllLibraries() called.  Currently loaded libraries: [listsInLogic, differentInLogic, modes_arithmeticInLogic, inlines_comparisonInLogic, modes_listsInLogic, inlines_differentInLogic, modes_differentInLogic, arithmeticInLogic, inlines_listsInLogic, modes_comparisonInLogic, comparisonInLogic, inlines_arithmeticInLogic]

%  Read the facts.
%  Have read 1,820,826 facts.
% Have read 5,370 examples from 'rdn_models/seaquest/all/negpos_2_trees_1_depth_3_grounding_penalty_0.01_new/fire/seed_42/train_infer' [rdn_models/seaquest/all/negpos_2_trees_1_depth_3_grounding_penalty_0.01_new/fire/seed_42/train_infer/train_infer*].
% Have read 382,145 examples from 'rdn_models/seaquest/all/negpos_2_trees_1_depth_3_grounding_penalty_0.01_new/fire/seed_42/train_infer' [rdn_models/seaquest/all/negpos_2_trees_1_depth_3_grounding_penalty_0.01_new/fire/seed_42/train_infer/train_infer*].

%  LearnOneClause initialized.

% The outer looper has been created.

% Initializing the ILP inner looper.

% NEW target:                 action(D, E)
%  targetPred:                action/2
%  targetArgTypes:            signature = [const, const], types = [+state, #name]
%  targets:                   [action(D, E)]
%  targetPredicates:          [action/2]
%  targetArgSpecs:            [[D[+state], E[#name]]]
%  variablesInTargets:        [[D, E]]

% Started collecting constants

% Collecting the types of constants.
