[START] 2025-11-08 21:29:10 - Target: action (Train Inference)
args[0] = -i
args[1] = -model
args[3] = -test
args[5] = -target
args[7] = -trees
args[9] = -testNegPosRatio
args[11] = -aucJarPath
cmd.getTestDirVal()data/seaquest/all/left/train/train_infer/
train_infer
java.io.FileNotFoundException: train_infer\train_infer_bk.txt (No such file or directory)
	at java.base/java.io.FileInputStream.open0(Native Method)
	at java.base/java.io.FileInputStream.open(FileInputStream.java:185)
	at java.base/java.io.FileInputStream.<init>(FileInputStream.java:139)
	at java.base/java.io.FileInputStream.<init>(FileInputStream.java:109)
	at edu.wisc.cs.will.Utils.check_disc.checkflagvalues(check_disc.java:23)
	at edu.wisc.cs.will.Boosting.RDN.RunBoostedRDN.main(RunBoostedRDN.java:508)

% Starting an INFERENCE run of bRDN.
% Running on host: Varuns-Air

% Switching to VarIndicator = uppercase.

% Unset'ing VarIndicator.

Resetting the LazyGroundNthArgumentClauseIndex.

% Calling ILPouterLoop from createRegressionOuterLooper.

% getInputArgWithDefaultValue: args=[data/seaquest/all/left/train/train_infer/train_infer_pos.txt, data/seaquest/all/left/train/train_infer/train_infer_neg.txt, data/seaquest/all/left/train/train_infer/train_infer_bk.txt, data/seaquest/all/left/train/train_infer/train_infer_facts.txt]
%  for N=0: args[N]=data/seaquest/all/left/train/train_infer/train_infer_pos.txt

% getInputArgWithDefaultValue: args=[data/seaquest/all/left/train/train_infer/train_infer_pos.txt, data/seaquest/all/left/train/train_infer/train_infer_neg.txt, data/seaquest/all/left/train/train_infer/train_infer_bk.txt, data/seaquest/all/left/train/train_infer/train_infer_facts.txt]
%  for N=1: args[N]=data/seaquest/all/left/train/train_infer/train_infer_neg.txt

% getInputArgWithDefaultValue: args=[data/seaquest/all/left/train/train_infer/train_infer_pos.txt, data/seaquest/all/left/train/train_infer/train_infer_neg.txt, data/seaquest/all/left/train/train_infer/train_infer_bk.txt, data/seaquest/all/left/train/train_infer/train_infer_facts.txt]
%  for N=2: args[N]=data/seaquest/all/left/train/train_infer/train_infer_bk.txt

% getInputArgWithDefaultValue: args=[data/seaquest/all/left/train/train_infer/train_infer_pos.txt, data/seaquest/all/left/train/train_infer/train_infer_neg.txt, data/seaquest/all/left/train/train_infer/train_infer_bk.txt, data/seaquest/all/left/train/train_infer/train_infer_facts.txt]
%  for N=3: args[N]=data/seaquest/all/left/train/train_infer/train_infer_facts.txt

% Welcome to the WILL ILP/SRL systems.


% Switching to VarIndicator = uppercase.

% Unset'ing VarIndicator.
% Reading background theory from dir: null

% Switching to VarIndicator = uppercase.

***** Warning: % Since this is the first setting of the notation for variables, will keep:
%   variableIndicator = uppercase *****

% [ LazyGroundClauseIndex ]  Building full index for mode/1 with 1 assertions.
% LoadAllModes() called.  Currently loaded modes: []
% [ LazyGroundClauseIndex ]  Building full index for sameAs/2 with 2 assertions.
% [ LazyGroundNthArgumentClauseIndex ]  Argument 1:  Building full index for exp/3.
% [ LazyGroundNthArgumentClauseIndex ]  Argument 0:  Building full index for log/3.
% LoadAllLibraries() called.  Currently loaded libraries: [listsInLogic, differentInLogic, modes_arithmeticInLogic, inlines_comparisonInLogic, modes_listsInLogic, inlines_differentInLogic, modes_differentInLogic, arithmeticInLogic, inlines_listsInLogic, modes_comparisonInLogic, comparisonInLogic, inlines_arithmeticInLogic]

%  Read the facts.
%  Have read 1,820,826 facts.
% Have read 8,850 examples from 'data/seaquest/all/left/train/train_infer' [data/seaquest/all/left/train/train_infer/train_infer*].
% Have read 364,745 examples from 'data/seaquest/all/left/train/train_infer' [data/seaquest/all/left/train/train_infer/train_infer*].

%  LearnOneClause initialized.

% The outer looper has been created.

% Initializing the ILP inner looper.

% NEW target:                 action(D, E)
%  targetPred:                action/2
%  targetArgTypes:            signature = [const, const], types = [+state, #name]
%  targets:                   [action(D, E)]
%  targetPredicates:          [action/2]
%  targetArgSpecs:            [[D[+state], E[#name]]]
%  variablesInTargets:        [[D, E]]

% Started collecting constants

% Collecting the types of constants.

% Looking at the training examples to see if any types of new constants can be inferred.
% Time to collect constants: 2 seconds
% Time to collect examples: 0 seconds

% Read 8,850 pos examples and 364,745 neg examples.
% Time to init learnOneClause: 2 seconds
% Old dirrdn_models/seaquest/negpos_2_trees_1_depth_2_new_all/left/

% Have 8,850 'raw' positive examples and kept 8,850.
% Have 364,745 'raw' negative examples and kept 364,745.

% processing backup's for action
%  POS EX = 8,850
%  NEG EX = 364,745

% Memory usage by WILLSetup (just counts # targets?):
%  |backupPosExamples| = 1
%  |backupNegExamples| = 1
%  |predicatesAsFacts| = 0
%  |addedToFactBase|   = 0

% Getting bRDN's target predicates.
% Did not learn a model for 'action' this run.
%   loadModel (#0): rdn_models/seaquest/negpos_2_trees_1_depth_2_new_all/left/bRDNs/Trees/actionTree0.tree
%  Done loading 1 models.
File: data/seaquest/all/left/train/train_infer/advice.txt doesnt exist.Hence no advice loaded
% Trying to load weights from: data/seaquest/all/left/train/train_infer/train_infer_pos_weights.txt

% for action |lookupPos| = 8,850
% for action |lookupNeg| = 364,745
% getJointExamples: |pos| = 8,850, |neg| = 364,745

% Starting inference in bRDN.
% Initial size of testset negs: 364,745 for action
% Final size of negs: 17,629 for action
% Trees = 1

% Starting getMarginalProbabilities.
% [ LazyGroundClauseIndex ]  Building full index for facingleft/1 with 38,753 assertions.
% [ LazyGroundNthArgumentClauseIndex ]  Argument 0:  Building full index for visiblediver/2.
% [ LazyGroundClauseIndex ]  Building full index for diversnotfull/1 with 55,369 assertions.
% [ LazyGroundClauseIndex ]  Building full index for samelevelasdiver/2 with 11,480 assertions.
% [ LazyGroundNthArgumentClauseIndex ]  Argument 0:  Building full index for visibleenemy/2.
% [ LazyGroundClauseIndex ]  Building full index for samelevelasenemy/2 with 18,267 assertions.
% [ LazyGroundClauseIndex ]  Building full index for rightofdiver/2 with 32,449 assertions.
% [ LazyGroundClauseIndex ]  Building full index for rightofenemy/2 with 79,211 assertions.
% [ LazyGroundClauseIndex ]  Building full index for leftofdiver/2 with 32,351 assertions.
% [ LazyGroundClauseIndex ]  Building full index for diversfull/1 with 6,926 assertions.
% [ LazyGroundNthArgumentClauseIndex ]  Argument 0:  Building full index for visibleenemysubmarine/2.
% [ LazyGroundClauseIndex ]  Building full index for belowofsubmarine/2 with 71,823 assertions.
% [ LazyGroundNthArgumentClauseIndex ]  Argument 0:  Building full index for visiblemissile/2.
% [ LazyGroundClauseIndex ]  Building full index for aboveofenemy/2 with 110,095 assertions.
% No Gibbs sampling needed during inference.
Best F1 = 1.0
 (Arithmetic) Mean Probability Assigned to Correct Output Class: 16,846.264/26,479.00 = 0.636212

 The weighted count of positive examples = 8,850.000 and the weighted count of negative examples = 17,629.000

printExamples: Writing out predictions (for Tuffy?) on 26,479 examples for 'action' to:
  data/seaquest/all/left/train/train_infer/results_action.db
 and to:
  data/seaquest/all/left/train/train_infer/query_action.db
%    No need to compress since small: data/seaquest/all/left/train/train_infer/query_action.db

% Computing Area Under Curves.
%Pos=8850
%Neg=17629
%LL:-13880.288912994192
%LL:-16779.522314264665

% Running command: java -jar rdnboost/src/edu/wisc/cs/will/DataSetUtils//auc.jar data/seaquest/all/left/train/train_infer/AUC/aucTemp.txt list 0.0
% WAITING FOR command: java -jar rdnboost/src/edu/wisc/cs/will/DataSetUtils//auc.jar data/seaquest/all/left/train/train_infer/AUC/aucTemp.txt list 0.0
% DONE WAITING FOR command: java -jar rdnboost/src/edu/wisc/cs/will/DataSetUtils//auc.jar data/seaquest/all/left/train/train_infer/AUC/aucTemp.txt list 0.0

%   AUC ROC   = 0.875820
%   AUC PR    = 0.770164
%   CLL	      = -0.633692
%   Precision = 0.595933 at threshold = 0.153
%   Recall    = 0.913898
%   F1        = 0.721434

% Total inference time (1 trees): 6.359 seconds.
[END] 2025-11-08 21:29:16 - Target: action (Train Inference)
