[START] 2025-12-01 12:08:45 - Action: fire (Train Inference)
args[0] = -i
args[1] = -model
args[3] = -test
args[5] = -target
args[7] = -trees
args[9] = -testNegPosRatio
args[11] = -seed
args[13] = -aucJarPath
cmd.getTestDirVal()rdn_models/seaquest/all/negpos_1_trees_1_depth_3/fire/seed_123/train_infer/
train_infer
java.io.FileNotFoundException: train_infer\train_infer_bk.txt (No such file or directory)
	at java.io.FileInputStream.open0(Native Method)
	at java.io.FileInputStream.open(FileInputStream.java:195)
	at java.io.FileInputStream.<init>(FileInputStream.java:138)
	at java.io.FileInputStream.<init>(FileInputStream.java:93)
	at edu.wisc.cs.will.Utils.check_disc.checkflagvalues(check_disc.java:23)
	at edu.wisc.cs.will.Boosting.RDN.RunBoostedRDN.main(RunBoostedRDN.java:517)

% Starting an INFERENCE run of bRDN.
% Running on host: xps-np

% Switching to VarIndicator = uppercase.

% Unset'ing VarIndicator.

Resetting the LazyGroundNthArgumentClauseIndex.

% Calling ILPouterLoop from createRegressionOuterLooper.

% getInputArgWithDefaultValue: args=[rdn_models/seaquest/all/negpos_1_trees_1_depth_3/fire/seed_123/train_infer/train_infer_pos.txt, rdn_models/seaquest/all/negpos_1_trees_1_depth_3/fire/seed_123/train_infer/train_infer_neg.txt, rdn_models/seaquest/all/negpos_1_trees_1_depth_3/fire/seed_123/train_infer/train_infer_bk.txt, rdn_models/seaquest/all/negpos_1_trees_1_depth_3/fire/seed_123/train_infer/train_infer_facts.txt]
%  for N=0: args[N]=rdn_models/seaquest/all/negpos_1_trees_1_depth_3/fire/seed_123/train_infer/train_infer_pos.txt

% getInputArgWithDefaultValue: args=[rdn_models/seaquest/all/negpos_1_trees_1_depth_3/fire/seed_123/train_infer/train_infer_pos.txt, rdn_models/seaquest/all/negpos_1_trees_1_depth_3/fire/seed_123/train_infer/train_infer_neg.txt, rdn_models/seaquest/all/negpos_1_trees_1_depth_3/fire/seed_123/train_infer/train_infer_bk.txt, rdn_models/seaquest/all/negpos_1_trees_1_depth_3/fire/seed_123/train_infer/train_infer_facts.txt]
%  for N=1: args[N]=rdn_models/seaquest/all/negpos_1_trees_1_depth_3/fire/seed_123/train_infer/train_infer_neg.txt

% getInputArgWithDefaultValue: args=[rdn_models/seaquest/all/negpos_1_trees_1_depth_3/fire/seed_123/train_infer/train_infer_pos.txt, rdn_models/seaquest/all/negpos_1_trees_1_depth_3/fire/seed_123/train_infer/train_infer_neg.txt, rdn_models/seaquest/all/negpos_1_trees_1_depth_3/fire/seed_123/train_infer/train_infer_bk.txt, rdn_models/seaquest/all/negpos_1_trees_1_depth_3/fire/seed_123/train_infer/train_infer_facts.txt]
%  for N=2: args[N]=rdn_models/seaquest/all/negpos_1_trees_1_depth_3/fire/seed_123/train_infer/train_infer_bk.txt

% getInputArgWithDefaultValue: args=[rdn_models/seaquest/all/negpos_1_trees_1_depth_3/fire/seed_123/train_infer/train_infer_pos.txt, rdn_models/seaquest/all/negpos_1_trees_1_depth_3/fire/seed_123/train_infer/train_infer_neg.txt, rdn_models/seaquest/all/negpos_1_trees_1_depth_3/fire/seed_123/train_infer/train_infer_bk.txt, rdn_models/seaquest/all/negpos_1_trees_1_depth_3/fire/seed_123/train_infer/train_infer_facts.txt]
%  for N=3: args[N]=rdn_models/seaquest/all/negpos_1_trees_1_depth_3/fire/seed_123/train_infer/train_infer_facts.txt

% Welcome to the WILL ILP/SRL systems.


% Switching to VarIndicator = uppercase.

% Unset'ing VarIndicator.
% Reading background theory from dir: null

% Switching to VarIndicator = uppercase.

***** Warning: % Since this is the first setting of the notation for variables, will keep:
%   variableIndicator = uppercase *****

% [ LazyGroundClauseIndex ]  Building full index for mode/1 with 1 assertions.
% LoadAllModes() called.  Currently loaded modes: []
% [ LazyGroundClauseIndex ]  Building full index for sameAs/2 with 2 assertions.
% [ LazyGroundNthArgumentClauseIndex ]  Argument 1:  Building full index for exp/3.
% [ LazyGroundNthArgumentClauseIndex ]  Argument 0:  Building full index for log/3.
% LoadAllLibraries() called.  Currently loaded libraries: [listsInLogic, differentInLogic, modes_arithmeticInLogic, inlines_comparisonInLogic, modes_listsInLogic, inlines_differentInLogic, modes_differentInLogic, arithmeticInLogic, inlines_listsInLogic, modes_comparisonInLogic, comparisonInLogic, inlines_arithmeticInLogic]

%  Read the facts.
%  Have read 1,820,826 facts.
% Have read 5,370 examples from 'rdn_models/seaquest/all/negpos_1_trees_1_depth_3/fire/seed_123/train_infer' [rdn_models/seaquest/all/negpos_1_trees_1_depth_3/fire/seed_123/train_infer/train_infer*].
% Have read 382,145 examples from 'rdn_models/seaquest/all/negpos_1_trees_1_depth_3/fire/seed_123/train_infer' [rdn_models/seaquest/all/negpos_1_trees_1_depth_3/fire/seed_123/train_infer/train_infer*].

%  LearnOneClause initialized.

% The outer looper has been created.

% Initializing the ILP inner looper.

% NEW target:                 action(D, E)
%  targetPred:                action/2
%  targetArgTypes:            signature = [const, const], types = [+state, #name]
%  targets:                   [action(D, E)]
%  targetPredicates:          [action/2]
%  targetArgSpecs:            [[D[+state], E[#name]]]
%  variablesInTargets:        [[D, E]]

% Started collecting constants

% Collecting the types of constants.

% Looking at the training examples to see if any types of new constants can be inferred.
% Time to collect constants: 8 seconds
% Time to collect examples: 0 seconds

% Read 5,370 pos examples and 382,145 neg examples.
% Time to init learnOneClause: 8 seconds
% Old dirrdn_models/seaquest/all/negpos_1_trees_1_depth_3/fire/seed_123/

% Have 5,370 'raw' positive examples and kept 5,370.
% Have 382,145 'raw' negative examples and kept 382,145.

% processing backup's for action
%  POS EX = 5,370
%  NEG EX = 382,145

% Memory usage by WILLSetup (just counts # targets?):
%  |backupPosExamples| = 1
%  |backupNegExamples| = 1
%  |predicatesAsFacts| = 0
%  |addedToFactBase|   = 0

% Getting bRDN's target predicates.
% Did not learn a model for 'action' this run.
%   loadModel (#0): rdn_models/seaquest/all/negpos_1_trees_1_depth_3/fire/seed_123/bRDNs/Trees/actionTree0.tree
%  Done loading 1 models.
File: rdn_models/seaquest/all/negpos_1_trees_1_depth_3/fire/seed_123/train_infer/advice.txt doesnt exist.Hence no advice loaded

% for action |lookupPos| = 5,370
% for action |lookupNeg| = 382,145
% getJointExamples: |pos| = 5,370, |neg| = 382,145

% Starting inference in bRDN.
% Initial size of testset negs: 382,145 for action
% Final size of negs: 5,446 for action
% Trees = 1

% Starting getMarginalProbabilities.
% [ LazyGroundNthArgumentClauseIndex ]  Argument 0:  Building full index for visibleenemy/2.
% [ LazyGroundClauseIndex ]  Building full index for samelevelasenemy/2 with 18,267 assertions.
% [ LazyGroundClauseIndex ]  Building full index for rightofenemy/2 with 79,211 assertions.
% [ LazyGroundClauseIndex ]  Building full index for facingright/1 with 40,821 assertions.
% [ LazyGroundClauseIndex ]  Building full index for diversnotfull/1 with 55,369 assertions.
% [ LazyGroundNthArgumentClauseIndex ]  Argument 0:  Building full index for visibleenemysubmarine/2.
% [ LazyGroundNthArgumentClauseIndex ]  Argument 0:  Building full index for visiblediver/2.
% [ LazyGroundNthArgumentClauseIndex ]  Argument 0:  Building full index for visiblemissile/2.
% [ LazyGroundClauseIndex ]  Building full index for belowofsubmarine/2 with 71,823 assertions.
% [ LazyGroundClauseIndex ]  Building full index for aboveofdiver/2 with 47,497 assertions.
% [ LazyGroundClauseIndex ]  Building full index for facingleft/1 with 38,753 assertions.
% [ LazyGroundClauseIndex ]  Building full index for aboveofmissile/2 with 21,903 assertions.
% [ LazyGroundClauseIndex ]  Building full index for enemyfacingright/2 with 49,529 assertions.
% [ LazyGroundClauseIndex ]  Building full index for rightofsubmarine/2 with 68,023 assertions.
% [ LazyGroundClauseIndex ]  Building full index for diversempty/1 with 17,279 assertions.
% [ LazyGroundClauseIndex ]  Building full index for belowofmissile/2 with 11,961 assertions.
% [ LazyGroundClauseIndex ]  Building full index for rightofmissile/2 with 15,443 assertions.
% [ LazyGroundClauseIndex ]  Building full index for leftofdiver/2 with 32,351 assertions.
% No Gibbs sampling needed during inference.
Best F1 = 1.0
 (Arithmetic) Mean Probability Assigned to Correct Output Class: 5,715.712/10,816.00 = 0.528450

 The weighted count of positive examples = 5,370.000 and the weighted count of negative examples = 5,446.000

printExamples: Writing out predictions (for Tuffy?) on 10,816 examples for 'action' to:
  rdn_models/seaquest/all/negpos_1_trees_1_depth_3/fire/seed_123/train_infer/results_action.db
 and to:
  rdn_models/seaquest/all/negpos_1_trees_1_depth_3/fire/seed_123/train_infer/query_action.db
%    No need to compress since small: rdn_models/seaquest/all/negpos_1_trees_1_depth_3/fire/seed_123/train_infer/query_action.db

% Computing Area Under Curves.
%Pos=5370
%Neg=5446
%LL:-8167.7681478738195
%LL:-9182.497343884834

% Running command: java -jar rdnboost/src/edu/wisc/cs/will/DataSetUtils//auc.jar rdn_models/seaquest/all/negpos_1_trees_1_depth_3/fire/seed_123/train_infer/AUC/aucTemp.txt list 0.0
% WAITING FOR command: java -jar rdnboost/src/edu/wisc/cs/will/DataSetUtils//auc.jar rdn_models/seaquest/all/negpos_1_trees_1_depth_3/fire/seed_123/train_infer/AUC/aucTemp.txt list 0.0
% DONE WAITING FOR command: java -jar rdnboost/src/edu/wisc/cs/will/DataSetUtils//auc.jar rdn_models/seaquest/all/negpos_1_trees_1_depth_3/fire/seed_123/train_infer/AUC/aucTemp.txt list 0.0

%   AUC ROC   = 0.829266
%   AUC PR    = 0.792060
%   CLL	      = -0.848973
%   Precision = 0.795229 at threshold = 0.202
%   Recall    = 0.670391
%   F1        = 0.727493

% Total inference time (1 trees): 30.503 seconds.
[END] 2025-12-01 12:09:15 - Action: fire (Train Inference)
