[START] 2025-10-29 18:48:07 - Target: vertical
args[0] = -i
args[1] = -model
args[3] = -test
args[5] = -target
args[7] = -trees
args[9] = -aucJarPath
cmd.getTestDirVal()data/seaquest/vertical/test/
test
java.io.FileNotFoundException: test\test_bk.txt (No such file or directory)
	at java.base/java.io.FileInputStream.open0(Native Method)
	at java.base/java.io.FileInputStream.open(FileInputStream.java:185)
	at java.base/java.io.FileInputStream.<init>(FileInputStream.java:139)
	at java.base/java.io.FileInputStream.<init>(FileInputStream.java:109)
	at edu.wisc.cs.will.Utils.check_disc.checkflagvalues(check_disc.java:23)
	at edu.wisc.cs.will.Boosting.RDN.RunBoostedRDN.main(RunBoostedRDN.java:508)

% Starting an INFERENCE run of bRDN.
% Running on host: Varuns-Air

% Switching to VarIndicator = uppercase.

% Unset'ing VarIndicator.

Resetting the LazyGroundNthArgumentClauseIndex.

% Calling ILPouterLoop from createRegressionOuterLooper.

% getInputArgWithDefaultValue: args=[data/seaquest/vertical/test/test_pos.txt, data/seaquest/vertical/test/test_neg.txt, data/seaquest/vertical/test/test_bk.txt, data/seaquest/vertical/test/test_facts.txt]
%  for N=0: args[N]=data/seaquest/vertical/test/test_pos.txt

% getInputArgWithDefaultValue: args=[data/seaquest/vertical/test/test_pos.txt, data/seaquest/vertical/test/test_neg.txt, data/seaquest/vertical/test/test_bk.txt, data/seaquest/vertical/test/test_facts.txt]
%  for N=1: args[N]=data/seaquest/vertical/test/test_neg.txt

% getInputArgWithDefaultValue: args=[data/seaquest/vertical/test/test_pos.txt, data/seaquest/vertical/test/test_neg.txt, data/seaquest/vertical/test/test_bk.txt, data/seaquest/vertical/test/test_facts.txt]
%  for N=2: args[N]=data/seaquest/vertical/test/test_bk.txt

% getInputArgWithDefaultValue: args=[data/seaquest/vertical/test/test_pos.txt, data/seaquest/vertical/test/test_neg.txt, data/seaquest/vertical/test/test_bk.txt, data/seaquest/vertical/test/test_facts.txt]
%  for N=3: args[N]=data/seaquest/vertical/test/test_facts.txt

% Welcome to the WILL ILP/SRL systems.


% Switching to VarIndicator = uppercase.

% Unset'ing VarIndicator.
% Reading background theory from dir: null

% Switching to VarIndicator = uppercase.

***** Warning: % Since this is the first setting of the notation for variables, will keep:
%   variableIndicator = uppercase *****

% [ LazyGroundClauseIndex ]  Building full index for mode/1 with 1 assertions.
% LoadAllModes() called.  Currently loaded modes: []
% [ LazyGroundClauseIndex ]  Building full index for sameAs/2 with 2 assertions.
% [ LazyGroundNthArgumentClauseIndex ]  Argument 1:  Building full index for exp/3.
% [ LazyGroundNthArgumentClauseIndex ]  Argument 0:  Building full index for log/3.
% LoadAllLibraries() called.  Currently loaded libraries: [listsInLogic, differentInLogic, modes_arithmeticInLogic, inlines_comparisonInLogic, modes_listsInLogic, inlines_differentInLogic, modes_differentInLogic, arithmeticInLogic, inlines_listsInLogic, modes_comparisonInLogic, comparisonInLogic, inlines_arithmeticInLogic]

%  Read the facts.
%  Have read 66,308 facts.
% Have read 3,395 examples from 'data/seaquest/vertical/test' [data/seaquest/vertical/test/test*].
% Have read 6,790 examples from 'data/seaquest/vertical/test' [data/seaquest/vertical/test/test*].

%  LearnOneClause initialized.

% The outer looper has been created.

% Initializing the ILP inner looper.

% NEW target:                 vertical(D, E)
%  targetPred:                vertical/2
%  targetArgTypes:            signature = [const, const], types = [+state, #action]
%  targets:                   [vertical(D, E)]
%  targetPredicates:          [vertical/2]
%  targetArgSpecs:            [[D[+state], E[#action]]]
%  variablesInTargets:        [[D, E]]

% Started collecting constants

% Collecting the types of constants.

% Looking at the training examples to see if any types of new constants can be inferred.
% Time to collect constants: 192 milliseconds
% Time to collect examples: 0 seconds

% Read 3,395 pos examples and 6,790 neg examples.
% Time to init learnOneClause: 209 milliseconds
% Old dirrdn_models/seaquest/3class_unweighted_negpos_2_trees_1_depth_3/vertical/

% Have 3,395 'raw' positive examples and kept 3,395.
% Have 6,790 'raw' negative examples and kept 6,790.

% processing backup's for vertical
%  POS EX = 3,395
%  NEG EX = 6,790

% Memory usage by WILLSetup (just counts # targets?):
%  |backupPosExamples| = 1
%  |backupNegExamples| = 1
%  |predicatesAsFacts| = 0
%  |addedToFactBase|   = 0

% Getting bRDN's target predicates.
% Did not learn a model for 'vertical' this run.
%   loadModel (#0): rdn_models/seaquest/3class_unweighted_negpos_2_trees_1_depth_3/vertical/bRDNs/Trees/verticalTree0.tree
%  Done loading 1 models.
File: data/seaquest/vertical/test/advice.txt doesnt exist.Hence no advice loaded
% Trying to load weights from: data/seaquest/vertical/test/test_pos_weights.txt

% for vertical |lookupPos| = 3,395
% for vertical |lookupNeg| = 6,790
% getJointExamples: |pos| = 3,395, |neg| = 6,790

% Starting inference in bRDN.
% Trees = 1

% Starting getMarginalProbabilities.
% [ LazyGroundClauseIndex ]  Building full index for facingleft/1 with 1,835 assertions.
% [ LazyGroundClauseIndex ]  Building full index for diversnotfull/1 with 2,477 assertions.
% [ LazyGroundNthArgumentClauseIndex ]  Argument 0:  Building full index for visiblediver/2.
% [ LazyGroundNthArgumentClauseIndex ]  Argument 0:  Building full index for visibleenemy/2.
% [ LazyGroundClauseIndex ]  Building full index for facingright/1 with 1,526 assertions.
% [ LazyGroundClauseIndex ]  Building full index for diversempty/1 with 597 assertions.
% [ LazyGroundClauseIndex ]  Building full index for rightofdiver/2 with 904 assertions.
% [ LazyGroundNthArgumentClauseIndex ]  Argument 0:  Building full index for visibleenemysubmarine/2.
% [ LazyGroundClauseIndex ]  Building full index for enemyfacingleft/2 with 2,730 assertions.
% No Gibbs sampling needed during inference.
Best F1 = 0.9997055359246171
 (Arithmetic) Mean Probability Assigned to Correct Output Class: 6,223.733/10,185.00 = 0.611068

 The weighted count of positive examples = 3,395.000 and the weighted count of negative examples = 6,790.000

printExamples: Writing out predictions (for Tuffy?) on 10,185 examples for 'vertical' to:
  data/seaquest/vertical/test/results_vertical.db
 and to:
  data/seaquest/vertical/test/query_vertical.db
%    No need to compress since small: data/seaquest/vertical/test/query_vertical.db

% Computing Area Under Curves.
%Pos=3395
%Neg=6790
%LL:-6080.420252663495
%LL:-7319.425360649781

% Running command: java -jar rdnboost/src/edu/wisc/cs/will/DataSetUtils//auc.jar data/seaquest/vertical/test/AUC/aucTemp.txt list 0.0
% WAITING FOR command: java -jar rdnboost/src/edu/wisc/cs/will/DataSetUtils//auc.jar data/seaquest/vertical/test/AUC/aucTemp.txt list 0.0
% DONE WAITING FOR command: java -jar rdnboost/src/edu/wisc/cs/will/DataSetUtils//auc.jar data/seaquest/vertical/test/AUC/aucTemp.txt list 0.0

%   AUC ROC   = 0.500000
%   AUC PR    = 0.333333
%   CLL	      = -0.718648
%   Precision = 0.333333 at threshold = 0.167
%   Recall    = 0.200884
%   F1        = 0.250689

% Total inference time (1 trees): 1.012 seconds.
[END] 2025-10-29 18:48:09 - Target: vertical

