[START] 2025-10-31 14:29:31 - Target: left (Train Inference)
args[0] = -i
args[1] = -model
args[3] = -test
args[5] = -target
args[7] = -trees
args[9] = -aucJarPath
cmd.getTestDirVal()data/seaquest/all/left/train/train_infer/
train_infer
java.io.FileNotFoundException: train_infer\train_infer_bk.txt (No such file or directory)
	at java.base/java.io.FileInputStream.open0(Native Method)
	at java.base/java.io.FileInputStream.open(FileInputStream.java:185)
	at java.base/java.io.FileInputStream.<init>(FileInputStream.java:139)
	at java.base/java.io.FileInputStream.<init>(FileInputStream.java:109)
	at edu.wisc.cs.will.Utils.check_disc.checkflagvalues(check_disc.java:23)
	at edu.wisc.cs.will.Boosting.RDN.RunBoostedRDN.main(RunBoostedRDN.java:508)

% Starting an INFERENCE run of bRDN.
% Running on host: Varuns-MacBook-Air

% Switching to VarIndicator = uppercase.

% Unset'ing VarIndicator.

Resetting the LazyGroundNthArgumentClauseIndex.

% Calling ILPouterLoop from createRegressionOuterLooper.

% getInputArgWithDefaultValue: args=[data/seaquest/all/left/train/train_infer/train_infer_pos.txt, data/seaquest/all/left/train/train_infer/train_infer_neg.txt, data/seaquest/all/left/train/train_infer/train_infer_bk.txt, data/seaquest/all/left/train/train_infer/train_infer_facts.txt]
%  for N=0: args[N]=data/seaquest/all/left/train/train_infer/train_infer_pos.txt

% getInputArgWithDefaultValue: args=[data/seaquest/all/left/train/train_infer/train_infer_pos.txt, data/seaquest/all/left/train/train_infer/train_infer_neg.txt, data/seaquest/all/left/train/train_infer/train_infer_bk.txt, data/seaquest/all/left/train/train_infer/train_infer_facts.txt]
%  for N=1: args[N]=data/seaquest/all/left/train/train_infer/train_infer_neg.txt

% getInputArgWithDefaultValue: args=[data/seaquest/all/left/train/train_infer/train_infer_pos.txt, data/seaquest/all/left/train/train_infer/train_infer_neg.txt, data/seaquest/all/left/train/train_infer/train_infer_bk.txt, data/seaquest/all/left/train/train_infer/train_infer_facts.txt]
%  for N=2: args[N]=data/seaquest/all/left/train/train_infer/train_infer_bk.txt

% getInputArgWithDefaultValue: args=[data/seaquest/all/left/train/train_infer/train_infer_pos.txt, data/seaquest/all/left/train/train_infer/train_infer_neg.txt, data/seaquest/all/left/train/train_infer/train_infer_bk.txt, data/seaquest/all/left/train/train_infer/train_infer_facts.txt]
%  for N=3: args[N]=data/seaquest/all/left/train/train_infer/train_infer_facts.txt

% Welcome to the WILL ILP/SRL systems.


% Switching to VarIndicator = uppercase.

% Unset'ing VarIndicator.
% Reading background theory from dir: null

% Switching to VarIndicator = uppercase.

***** Warning: % Since this is the first setting of the notation for variables, will keep:
%   variableIndicator = uppercase *****

% [ LazyGroundClauseIndex ]  Building full index for mode/1 with 1 assertions.
% LoadAllModes() called.  Currently loaded modes: []
% [ LazyGroundClauseIndex ]  Building full index for sameAs/2 with 2 assertions.
% [ LazyGroundNthArgumentClauseIndex ]  Argument 1:  Building full index for exp/3.
% [ LazyGroundNthArgumentClauseIndex ]  Argument 0:  Building full index for log/3.
% LoadAllLibraries() called.  Currently loaded libraries: [listsInLogic, differentInLogic, modes_arithmeticInLogic, inlines_comparisonInLogic, modes_listsInLogic, inlines_differentInLogic, modes_differentInLogic, arithmeticInLogic, inlines_listsInLogic, modes_comparisonInLogic, comparisonInLogic, inlines_arithmeticInLogic]

%  Read the facts.
%  Have read 1,820,826 facts.
% Have read 8,850 examples from 'data/seaquest/all/left/train/train_infer' [data/seaquest/all/left/train/train_infer/train_infer*].
% Have read 72,949 examples from 'data/seaquest/all/left/train/train_infer' [data/seaquest/all/left/train/train_infer/train_infer*].

%  LearnOneClause initialized.

% The outer looper has been created.

% Initializing the ILP inner looper.

% NEW target:                 left(D)
%  targetPred:                left/1
%  targetArgTypes:            signature = [const], types = [+state]
%  targets:                   [left(D)]
%  targetPredicates:          [left/1]
%  targetArgSpecs:            [[D[+state]]]
%  variablesInTargets:        [[D]]

% Started collecting constants

% Collecting the types of constants.

% Looking at the training examples to see if any types of new constants can be inferred.
% Time to collect constants: 2 seconds
% Time to collect examples: 0 seconds

% Read 8,850 pos examples and 72,949 neg examples.
% Time to init learnOneClause: 2 seconds
% Old dirrdn_models/seaquest/negpos_2_trees_1_depth_5_all/left/

% Have 8,850 'raw' positive examples and kept 8,850.
% Have 72,949 'raw' negative examples and kept 72,949.

% processing backup's for left
%  POS EX = 8,850
%  NEG EX = 72,949

% Memory usage by WILLSetup (just counts # targets?):
%  |backupPosExamples| = 1
%  |backupNegExamples| = 1
%  |predicatesAsFacts| = 0
%  |addedToFactBase|   = 0

% Getting bRDN's target predicates.
% Did not learn a model for 'left' this run.
%   loadModel (#0): rdn_models/seaquest/negpos_2_trees_1_depth_5_all/left/bRDNs/Trees/leftTree0.tree
%  Done loading 1 models.
File: data/seaquest/all/left/train/train_infer/advice.txt doesnt exist.Hence no advice loaded
% Trying to load weights from: data/seaquest/all/left/train/train_infer/train_infer_pos_weights.txt

% for left |lookupPos| = 8,850
% for left |lookupNeg| = 72,949
% getJointExamples: |pos| = 8,850, |neg| = 72,949

% Starting inference in bRDN.
% Trees = 1

% Starting getMarginalProbabilities.
% [ LazyGroundClauseIndex ]  Building full index for facingleft/1 with 38,753 assertions.
% [ LazyGroundNthArgumentClauseIndex ]  Argument 0:  Building full index for visiblediver/2.
% [ LazyGroundClauseIndex ]  Building full index for diversnotfull/1 with 55,369 assertions.
% [ LazyGroundClauseIndex ]  Building full index for samelevelasdiver/2 with 11,480 assertions.
% [ LazyGroundNthArgumentClauseIndex ]  Argument 0:  Building full index for visibleenemy/2.
% [ LazyGroundClauseIndex ]  Building full index for samelevelasenemy/2 with 18,267 assertions.
% [ LazyGroundClauseIndex ]  Building full index for nearbydiver/2 with 9,610 assertions.
% [ LazyGroundClauseIndex ]  Building full index for rightofenemy/2 with 79,211 assertions.
% [ LazyGroundClauseIndex ]  Building full index for diversfull/1 with 6,926 assertions.
% [ LazyGroundClauseIndex ]  Building full index for leftofdiver/2 with 32,351 assertions.
% [ LazyGroundClauseIndex ]  Building full index for rightofdiver/2 with 32,449 assertions.
% [ LazyGroundNthArgumentClauseIndex ]  Argument 0:  Building full index for visibleenemysubmarine/2.
% [ LazyGroundClauseIndex ]  Building full index for belowofsubmarine/2 with 71,823 assertions.
% [ LazyGroundClauseIndex ]  Building full index for aboveofenemy/2 with 110,095 assertions.
% No Gibbs sampling needed during inference.
Best F1 = 1.0
 (Arithmetic) Mean Probability Assigned to Correct Output Class: 63,804.646/81,799.00 = 0.780017

 The weighted count of positive examples = 8,850.000 and the weighted count of negative examples = 72,949.000

printExamples: Writing out predictions (for Tuffy?) on 81,799 examples for 'left' to:
  data/seaquest/all/left/train/train_infer/results_left.db
 and to:
  data/seaquest/all/left/train/train_infer/query_left.db

***** Warning: Both regular and gzip'ed versions of this file exist; will use NEWER one:
 data/seaquest/all/left/train/train_infer/query_left.db *****


***** Warning: Both regular and gzip'ed versions of this file exist; will read NEWER one:
 data/seaquest/all/left/train/train_infer/query_left.db *****


% Computing Area Under Curves.
%Pos=8850
%Neg=72949
%LL:-13935.451652019427
%LL:-25922.449564325907

% Running command: java -jar rdnboost/src/edu/wisc/cs/will/DataSetUtils//auc.jar data/seaquest/all/left/train/train_infer/AUC/aucTemp.txt list 0.0
% WAITING FOR command: java -jar rdnboost/src/edu/wisc/cs/will/DataSetUtils//auc.jar data/seaquest/all/left/train/train_infer/AUC/aucTemp.txt list 0.0
% DONE WAITING FOR command: java -jar rdnboost/src/edu/wisc/cs/will/DataSetUtils//auc.jar data/seaquest/all/left/train/train_infer/AUC/aucTemp.txt list 0.0

%   AUC ROC   = 0.874319
%   AUC PR    = 0.504593
%   CLL	      = -0.316904
%   Precision = 0.261832 at threshold = 0.152
%   Recall    = 0.913898
%   F1        = 0.407046

% Total inference time (1 trees): 6.051 seconds.
[END] 2025-10-31 14:29:37 - Target: left (Train Inference)
