[START] 2025-11-21 21:25:55 - Action: up (Train Inference)
args[0] = -i
args[1] = -model
args[3] = -test
args[5] = -target
args[7] = -trees
args[9] = -testNegPosRatio
args[11] = -aucJarPath
cmd.getTestDirVal()data/seaquest/all/up/train/train_infer/
train_infer
java.io.FileNotFoundException: train_infer\train_infer_bk.txt (No such file or directory)
	at java.io.FileInputStream.open0(Native Method)
	at java.io.FileInputStream.open(FileInputStream.java:195)
	at java.io.FileInputStream.<init>(FileInputStream.java:138)
	at java.io.FileInputStream.<init>(FileInputStream.java:93)
	at edu.wisc.cs.will.Utils.check_disc.checkflagvalues(check_disc.java:23)
	at edu.wisc.cs.will.Boosting.RDN.RunBoostedRDN.main(RunBoostedRDN.java:517)

% Starting an INFERENCE run of bRDN.
% Running on host: xps-np

% Switching to VarIndicator = uppercase.

% Unset'ing VarIndicator.

Resetting the LazyGroundNthArgumentClauseIndex.

% Calling ILPouterLoop from createRegressionOuterLooper.

% getInputArgWithDefaultValue: args=[data/seaquest/all/up/train/train_infer/train_infer_pos.txt, data/seaquest/all/up/train/train_infer/train_infer_neg.txt, data/seaquest/all/up/train/train_infer/train_infer_bk.txt, data/seaquest/all/up/train/train_infer/train_infer_facts.txt]
%  for N=0: args[N]=data/seaquest/all/up/train/train_infer/train_infer_pos.txt

% getInputArgWithDefaultValue: args=[data/seaquest/all/up/train/train_infer/train_infer_pos.txt, data/seaquest/all/up/train/train_infer/train_infer_neg.txt, data/seaquest/all/up/train/train_infer/train_infer_bk.txt, data/seaquest/all/up/train/train_infer/train_infer_facts.txt]
%  for N=1: args[N]=data/seaquest/all/up/train/train_infer/train_infer_neg.txt

% getInputArgWithDefaultValue: args=[data/seaquest/all/up/train/train_infer/train_infer_pos.txt, data/seaquest/all/up/train/train_infer/train_infer_neg.txt, data/seaquest/all/up/train/train_infer/train_infer_bk.txt, data/seaquest/all/up/train/train_infer/train_infer_facts.txt]
%  for N=2: args[N]=data/seaquest/all/up/train/train_infer/train_infer_bk.txt

% getInputArgWithDefaultValue: args=[data/seaquest/all/up/train/train_infer/train_infer_pos.txt, data/seaquest/all/up/train/train_infer/train_infer_neg.txt, data/seaquest/all/up/train/train_infer/train_infer_bk.txt, data/seaquest/all/up/train/train_infer/train_infer_facts.txt]
%  for N=3: args[N]=data/seaquest/all/up/train/train_infer/train_infer_facts.txt

% Welcome to the WILL ILP/SRL systems.


% Switching to VarIndicator = uppercase.

% Unset'ing VarIndicator.
% Reading background theory from dir: null

% Switching to VarIndicator = uppercase.

***** Warning: % Since this is the first setting of the notation for variables, will keep:
%   variableIndicator = uppercase *****

% [ LazyGroundClauseIndex ]  Building full index for mode/1 with 1 assertions.
% LoadAllModes() called.  Currently loaded modes: []
% [ LazyGroundClauseIndex ]  Building full index for sameAs/2 with 2 assertions.
% [ LazyGroundNthArgumentClauseIndex ]  Argument 1:  Building full index for exp/3.
% [ LazyGroundNthArgumentClauseIndex ]  Argument 0:  Building full index for log/3.
% LoadAllLibraries() called.  Currently loaded libraries: [listsInLogic, differentInLogic, modes_arithmeticInLogic, inlines_comparisonInLogic, modes_listsInLogic, inlines_differentInLogic, modes_differentInLogic, arithmeticInLogic, inlines_listsInLogic, modes_comparisonInLogic, comparisonInLogic, inlines_arithmeticInLogic]

%  Read the facts.
%  Have read 1,820,826 facts.
% Have read 12,274 examples from 'data/seaquest/all/up/train/train_infer' [data/seaquest/all/up/train/train_infer/train_infer*].
% Have read 347,625 examples from 'data/seaquest/all/up/train/train_infer' [data/seaquest/all/up/train/train_infer/train_infer*].

%  LearnOneClause initialized.

% The outer looper has been created.

% Initializing the ILP inner looper.

% NEW target:                 action(D, E)
%  targetPred:                action/2
%  targetArgTypes:            signature = [const, const], types = [+state, #name]
%  targets:                   [action(D, E)]
%  targetPredicates:          [action/2]
%  targetArgSpecs:            [[D[+state], E[#name]]]
%  variablesInTargets:        [[D, E]]

% Started collecting constants

% Collecting the types of constants.

% Looking at the training examples to see if any types of new constants can be inferred.
% Time to collect constants: 4 seconds
% Time to collect examples: 0 seconds

% Read 12,274 pos examples and 347,625 neg examples.
% Time to init learnOneClause: 4 seconds
% Old dirrdn_models/seaquest/all/negpos_2_trees_1_depth_3_grounding_reward_0.5/up/

% Have 12,274 'raw' positive examples and kept 12,274.
% Have 347,625 'raw' negative examples and kept 347,625.

% processing backup's for action
%  POS EX = 12,274
%  NEG EX = 347,625

% Memory usage by WILLSetup (just counts # targets?):
%  |backupPosExamples| = 1
%  |backupNegExamples| = 1
%  |predicatesAsFacts| = 0
%  |addedToFactBase|   = 0

% Getting bRDN's target predicates.
% Did not learn a model for 'action' this run.
%   loadModel (#0): rdn_models/seaquest/all/negpos_2_trees_1_depth_3_grounding_reward_0.5/up/bRDNs/Trees/actionTree0.tree
%  Done loading 1 models.
File: data/seaquest/all/up/train/train_infer/advice.txt doesnt exist.Hence no advice loaded

% for action |lookupPos| = 12,274
% for action |lookupNeg| = 347,625
% getJointExamples: |pos| = 12,274, |neg| = 347,625

% Starting inference in bRDN.
% Initial size of testset negs: 347,625 for action
% Final size of negs: 24,492 for action
% Trees = 1

% Starting getMarginalProbabilities.
% [ LazyGroundNthArgumentClauseIndex ]  Argument 0:  Building full index for visiblemissile/2.
% [ LazyGroundClauseIndex ]  Building full index for aboveofmissile/2 with 21,903 assertions.
% [ LazyGroundClauseIndex ]  Building full index for oxygenok/1 with 79,574 assertions.
% [ LazyGroundClauseIndex ]  Building full index for diversnotfull/1 with 55,369 assertions.
% [ LazyGroundNthArgumentClauseIndex ]  Argument 0:  Building full index for visiblediver/2.
% [ LazyGroundNthArgumentClauseIndex ]  Argument 0:  Building full index for visibleenemysubmarine/2.
% [ LazyGroundClauseIndex ]  Building full index for belowofsubmarine/2 with 71,823 assertions.
% [ LazyGroundClauseIndex ]  Building full index for enemyfacingleft/2 with 105,101 assertions.
% [ LazyGroundClauseIndex ]  Building full index for facingright/1 with 40,821 assertions.
% [ LazyGroundNthArgumentClauseIndex ]  Argument 0:  Building full index for visibleenemy/2.
% [ LazyGroundClauseIndex ]  Building full index for belowofenemy/2 with 62,775 assertions.
% [ LazyGroundClauseIndex ]  Building full index for diversfull/1 with 6,926 assertions.
% No Gibbs sampling needed during inference.
Best F1 = 0.9999592651431831
 (Arithmetic) Mean Probability Assigned to Correct Output Class: 22,648.620/36,766.00 = 0.616021

 The weighted count of positive examples = 12,274.000 and the weighted count of negative examples = 24,492.000

printExamples: Writing out predictions (for Tuffy?) on 36,766 examples for 'action' to:
  data/seaquest/all/up/train/train_infer/results_action.db
 and to:
  data/seaquest/all/up/train/train_infer/query_action.db

% Computing Area Under Curves.
%Pos=12274
%Neg=24492
%LL:-21341.21825806758
%LL:-25724.366848116813

% Running command: java -jar rdnboost/src/edu/wisc/cs/will/DataSetUtils//auc.jar data/seaquest/all/up/train/train_infer/AUC/aucTemp.txt list 0.0
% WAITING FOR command: java -jar rdnboost/src/edu/wisc/cs/will/DataSetUtils//auc.jar data/seaquest/all/up/train/train_infer/AUC/aucTemp.txt list 0.0
% DONE WAITING FOR command: java -jar rdnboost/src/edu/wisc/cs/will/DataSetUtils//auc.jar data/seaquest/all/up/train/train_infer/AUC/aucTemp.txt list 0.0

%   AUC ROC   = 0.672698
%   AUC PR    = 0.468660
%   CLL	      = -0.699678
%   Precision = 0.447362 at threshold = 0.172
%   Recall    = 0.621802
%   F1        = 0.520352

% Total inference time (1 trees): 15.017 seconds.
[END] 2025-11-21 21:26:10 - Action: up (Train Inference)
