[START] 2025-12-01 14:00:09 - Action: down (Train Inference)
args[0] = -i
args[1] = -model
args[3] = -test
args[5] = -target
args[7] = -trees
args[9] = -testNegPosRatio
args[11] = -seed
args[13] = -aucJarPath
cmd.getTestDirVal()rdn_models/seaquest/all/negpos_1_trees_1_depth_3/down/seed_789/train_infer/
train_infer
java.io.FileNotFoundException: train_infer\train_infer_bk.txt (No such file or directory)
	at java.io.FileInputStream.open0(Native Method)
	at java.io.FileInputStream.open(FileInputStream.java:195)
	at java.io.FileInputStream.<init>(FileInputStream.java:138)
	at java.io.FileInputStream.<init>(FileInputStream.java:93)
	at edu.wisc.cs.will.Utils.check_disc.checkflagvalues(check_disc.java:23)
	at edu.wisc.cs.will.Boosting.RDN.RunBoostedRDN.main(RunBoostedRDN.java:517)

% Starting an INFERENCE run of bRDN.
% Running on host: xps-np

% Switching to VarIndicator = uppercase.

% Unset'ing VarIndicator.

Resetting the LazyGroundNthArgumentClauseIndex.

% Calling ILPouterLoop from createRegressionOuterLooper.

% getInputArgWithDefaultValue: args=[rdn_models/seaquest/all/negpos_1_trees_1_depth_3/down/seed_789/train_infer/train_infer_pos.txt, rdn_models/seaquest/all/negpos_1_trees_1_depth_3/down/seed_789/train_infer/train_infer_neg.txt, rdn_models/seaquest/all/negpos_1_trees_1_depth_3/down/seed_789/train_infer/train_infer_bk.txt, rdn_models/seaquest/all/negpos_1_trees_1_depth_3/down/seed_789/train_infer/train_infer_facts.txt]
%  for N=0: args[N]=rdn_models/seaquest/all/negpos_1_trees_1_depth_3/down/seed_789/train_infer/train_infer_pos.txt

% getInputArgWithDefaultValue: args=[rdn_models/seaquest/all/negpos_1_trees_1_depth_3/down/seed_789/train_infer/train_infer_pos.txt, rdn_models/seaquest/all/negpos_1_trees_1_depth_3/down/seed_789/train_infer/train_infer_neg.txt, rdn_models/seaquest/all/negpos_1_trees_1_depth_3/down/seed_789/train_infer/train_infer_bk.txt, rdn_models/seaquest/all/negpos_1_trees_1_depth_3/down/seed_789/train_infer/train_infer_facts.txt]
%  for N=1: args[N]=rdn_models/seaquest/all/negpos_1_trees_1_depth_3/down/seed_789/train_infer/train_infer_neg.txt

% getInputArgWithDefaultValue: args=[rdn_models/seaquest/all/negpos_1_trees_1_depth_3/down/seed_789/train_infer/train_infer_pos.txt, rdn_models/seaquest/all/negpos_1_trees_1_depth_3/down/seed_789/train_infer/train_infer_neg.txt, rdn_models/seaquest/all/negpos_1_trees_1_depth_3/down/seed_789/train_infer/train_infer_bk.txt, rdn_models/seaquest/all/negpos_1_trees_1_depth_3/down/seed_789/train_infer/train_infer_facts.txt]
%  for N=2: args[N]=rdn_models/seaquest/all/negpos_1_trees_1_depth_3/down/seed_789/train_infer/train_infer_bk.txt

% getInputArgWithDefaultValue: args=[rdn_models/seaquest/all/negpos_1_trees_1_depth_3/down/seed_789/train_infer/train_infer_pos.txt, rdn_models/seaquest/all/negpos_1_trees_1_depth_3/down/seed_789/train_infer/train_infer_neg.txt, rdn_models/seaquest/all/negpos_1_trees_1_depth_3/down/seed_789/train_infer/train_infer_bk.txt, rdn_models/seaquest/all/negpos_1_trees_1_depth_3/down/seed_789/train_infer/train_infer_facts.txt]
%  for N=3: args[N]=rdn_models/seaquest/all/negpos_1_trees_1_depth_3/down/seed_789/train_infer/train_infer_facts.txt

% Welcome to the WILL ILP/SRL systems.


% Switching to VarIndicator = uppercase.

% Unset'ing VarIndicator.
% Reading background theory from dir: null

% Switching to VarIndicator = uppercase.

***** Warning: % Since this is the first setting of the notation for variables, will keep:
%   variableIndicator = uppercase *****

% [ LazyGroundClauseIndex ]  Building full index for mode/1 with 1 assertions.
% LoadAllModes() called.  Currently loaded modes: []
% [ LazyGroundClauseIndex ]  Building full index for sameAs/2 with 2 assertions.
% [ LazyGroundNthArgumentClauseIndex ]  Argument 1:  Building full index for exp/3.
% [ LazyGroundNthArgumentClauseIndex ]  Argument 0:  Building full index for log/3.
% LoadAllLibraries() called.  Currently loaded libraries: [listsInLogic, differentInLogic, modes_arithmeticInLogic, inlines_comparisonInLogic, modes_listsInLogic, inlines_differentInLogic, modes_differentInLogic, arithmeticInLogic, inlines_listsInLogic, modes_comparisonInLogic, comparisonInLogic, inlines_arithmeticInLogic]

%  Read the facts.
%  Have read 1,820,826 facts.
% Have read 13,785 examples from 'rdn_models/seaquest/all/negpos_1_trees_1_depth_3/down/seed_789/train_infer' [rdn_models/seaquest/all/negpos_1_trees_1_depth_3/down/seed_789/train_infer/train_infer*].
% Have read 340,070 examples from 'rdn_models/seaquest/all/negpos_1_trees_1_depth_3/down/seed_789/train_infer' [rdn_models/seaquest/all/negpos_1_trees_1_depth_3/down/seed_789/train_infer/train_infer*].

%  LearnOneClause initialized.

% The outer looper has been created.

% Initializing the ILP inner looper.

% NEW target:                 action(D, E)
%  targetPred:                action/2
%  targetArgTypes:            signature = [const, const], types = [+state, #name]
%  targets:                   [action(D, E)]
%  targetPredicates:          [action/2]
%  targetArgSpecs:            [[D[+state], E[#name]]]
%  variablesInTargets:        [[D, E]]

% Started collecting constants

% Collecting the types of constants.

% Looking at the training examples to see if any types of new constants can be inferred.
% Time to collect constants: 9 seconds
% Time to collect examples: 0 seconds

% Read 13,785 pos examples and 340,070 neg examples.
% Time to init learnOneClause: 9 seconds
% Old dirrdn_models/seaquest/all/negpos_1_trees_1_depth_3/down/seed_789/

% Have 13,785 'raw' positive examples and kept 13,785.
% Have 340,070 'raw' negative examples and kept 340,070.

% processing backup's for action
%  POS EX = 13,785
%  NEG EX = 340,070

% Memory usage by WILLSetup (just counts # targets?):
%  |backupPosExamples| = 1
%  |backupNegExamples| = 1
%  |predicatesAsFacts| = 0
%  |addedToFactBase|   = 0

% Getting bRDN's target predicates.
% Did not learn a model for 'action' this run.
%   loadModel (#0): rdn_models/seaquest/all/negpos_1_trees_1_depth_3/down/seed_789/bRDNs/Trees/actionTree0.tree
%  Done loading 1 models.
File: rdn_models/seaquest/all/negpos_1_trees_1_depth_3/down/seed_789/train_infer/advice.txt doesnt exist.Hence no advice loaded

% for action |lookupPos| = 13,785
% for action |lookupNeg| = 340,070
% getJointExamples: |pos| = 13,785, |neg| = 340,070

% Starting inference in bRDN.
% Initial size of testset negs: 340,070 for action
% Final size of negs: 13,801 for action
% Trees = 1

% Starting getMarginalProbabilities.
% [ LazyGroundNthArgumentClauseIndex ]  Argument 0:  Building full index for visiblediver/2.
% [ LazyGroundClauseIndex ]  Building full index for aboveofdiver/2 with 47,497 assertions.
% [ LazyGroundNthArgumentClauseIndex ]  Argument 0:  Building full index for visibleenemysubmarine/2.
% [ LazyGroundClauseIndex ]  Building full index for aboveofsubmarine/2 with 64,138 assertions.
% [ LazyGroundNthArgumentClauseIndex ]  Argument 0:  Building full index for visibleenemy/2.
% [ LazyGroundClauseIndex ]  Building full index for aboveofenemy/2 with 110,095 assertions.
% [ LazyGroundClauseIndex ]  Building full index for nearbysubmarine/2 with 12,661 assertions.
% [ LazyGroundNthArgumentClauseIndex ]  Argument 0:  Building full index for visiblemissile/2.
% [ LazyGroundClauseIndex ]  Building full index for diversnotfull/1 with 55,369 assertions.
% [ LazyGroundClauseIndex ]  Building full index for belowofenemy/2 with 62,775 assertions.
% [ LazyGroundClauseIndex ]  Building full index for diversempty/1 with 17,279 assertions.
% [ LazyGroundClauseIndex ]  Building full index for samelevelasdiver/2 with 11,480 assertions.
% [ LazyGroundClauseIndex ]  Building full index for samelevelassubmarine/2 with 15,101 assertions.
% No Gibbs sampling needed during inference.
Best F1 = 1.0
 (Arithmetic) Mean Probability Assigned to Correct Output Class: 14,141.177/27,586.00 = 0.512622

 The weighted count of positive examples = 13,785.000 and the weighted count of negative examples = 13,801.000

printExamples: Writing out predictions (for Tuffy?) on 27,586 examples for 'action' to:
  rdn_models/seaquest/all/negpos_1_trees_1_depth_3/down/seed_789/train_infer/results_action.db
 and to:
  rdn_models/seaquest/all/negpos_1_trees_1_depth_3/down/seed_789/train_infer/query_action.db
%    No need to compress since small: rdn_models/seaquest/all/negpos_1_trees_1_depth_3/down/seed_789/train_infer/query_action.db

% Computing Area Under Curves.
%Pos=13785
%Neg=13801
%LL:-21941.337701720044
%LL:-24697.057452867648

% Running command: java -jar rdnboost/src/edu/wisc/cs/will/DataSetUtils//auc.jar rdn_models/seaquest/all/negpos_1_trees_1_depth_3/down/seed_789/train_infer/AUC/aucTemp.txt list 0.0
% WAITING FOR command: java -jar rdnboost/src/edu/wisc/cs/will/DataSetUtils//auc.jar rdn_models/seaquest/all/negpos_1_trees_1_depth_3/down/seed_789/train_infer/AUC/aucTemp.txt list 0.0
% DONE WAITING FOR command: java -jar rdnboost/src/edu/wisc/cs/will/DataSetUtils//auc.jar rdn_models/seaquest/all/negpos_1_trees_1_depth_3/down/seed_789/train_infer/AUC/aucTemp.txt list 0.0

%   AUC ROC   = 0.722949
%   AUC PR    = 0.704858
%   CLL	      = -0.895275
%   Precision = 0.733357 at threshold = 0.204
%   Recall    = 0.448313
%   F1        = 0.556456

% Total inference time (1 trees): 32.852 seconds.
[END] 2025-12-01 14:00:42 - Action: down (Train Inference)
