[START] 2025-11-23 16:58:11 - Action: right (Train Inference)
args[0] = -i
args[1] = -model
args[3] = -test
args[5] = -target
args[7] = -trees
args[9] = -testNegPosRatio
args[11] = -aucJarPath
cmd.getTestDirVal()data/seaquest/all/right/train/train_infer/
train_infer
java.io.FileNotFoundException: train_infer\train_infer_bk.txt (No such file or directory)
	at java.base/java.io.FileInputStream.open0(Native Method)
	at java.base/java.io.FileInputStream.open(FileInputStream.java:185)
	at java.base/java.io.FileInputStream.<init>(FileInputStream.java:139)
	at java.base/java.io.FileInputStream.<init>(FileInputStream.java:109)
	at edu.wisc.cs.will.Utils.check_disc.checkflagvalues(check_disc.java:23)
	at edu.wisc.cs.will.Boosting.RDN.RunBoostedRDN.main(RunBoostedRDN.java:517)

% Starting an INFERENCE run of bRDN.
% Running on host: Varuns-Air

% Switching to VarIndicator = uppercase.

% Unset'ing VarIndicator.

Resetting the LazyGroundNthArgumentClauseIndex.

% Calling ILPouterLoop from createRegressionOuterLooper.

% getInputArgWithDefaultValue: args=[data/seaquest/all/right/train/train_infer/train_infer_pos.txt, data/seaquest/all/right/train/train_infer/train_infer_neg.txt, data/seaquest/all/right/train/train_infer/train_infer_bk.txt, data/seaquest/all/right/train/train_infer/train_infer_facts.txt]
%  for N=0: args[N]=data/seaquest/all/right/train/train_infer/train_infer_pos.txt

% getInputArgWithDefaultValue: args=[data/seaquest/all/right/train/train_infer/train_infer_pos.txt, data/seaquest/all/right/train/train_infer/train_infer_neg.txt, data/seaquest/all/right/train/train_infer/train_infer_bk.txt, data/seaquest/all/right/train/train_infer/train_infer_facts.txt]
%  for N=1: args[N]=data/seaquest/all/right/train/train_infer/train_infer_neg.txt

% getInputArgWithDefaultValue: args=[data/seaquest/all/right/train/train_infer/train_infer_pos.txt, data/seaquest/all/right/train/train_infer/train_infer_neg.txt, data/seaquest/all/right/train/train_infer/train_infer_bk.txt, data/seaquest/all/right/train/train_infer/train_infer_facts.txt]
%  for N=2: args[N]=data/seaquest/all/right/train/train_infer/train_infer_bk.txt

% getInputArgWithDefaultValue: args=[data/seaquest/all/right/train/train_infer/train_infer_pos.txt, data/seaquest/all/right/train/train_infer/train_infer_neg.txt, data/seaquest/all/right/train/train_infer/train_infer_bk.txt, data/seaquest/all/right/train/train_infer/train_infer_facts.txt]
%  for N=3: args[N]=data/seaquest/all/right/train/train_infer/train_infer_facts.txt

% Welcome to the WILL ILP/SRL systems.


% Switching to VarIndicator = uppercase.

% Unset'ing VarIndicator.
% Reading background theory from dir: null

% Switching to VarIndicator = uppercase.

***** Warning: % Since this is the first setting of the notation for variables, will keep:
%   variableIndicator = uppercase *****

% [ LazyGroundClauseIndex ]  Building full index for mode/1 with 1 assertions.
% LoadAllModes() called.  Currently loaded modes: []
% [ LazyGroundClauseIndex ]  Building full index for sameAs/2 with 2 assertions.
% [ LazyGroundNthArgumentClauseIndex ]  Argument 1:  Building full index for exp/3.
% [ LazyGroundNthArgumentClauseIndex ]  Argument 0:  Building full index for log/3.
% LoadAllLibraries() called.  Currently loaded libraries: [listsInLogic, differentInLogic, modes_arithmeticInLogic, inlines_comparisonInLogic, modes_listsInLogic, inlines_differentInLogic, modes_differentInLogic, arithmeticInLogic, inlines_listsInLogic, modes_comparisonInLogic, comparisonInLogic, inlines_arithmeticInLogic]

%  Read the facts.
%  Have read 1,820,826 facts.
% Have read 8,798 examples from 'data/seaquest/all/right/train/train_infer' [data/seaquest/all/right/train/train_infer/train_infer*].
% Have read 365,005 examples from 'data/seaquest/all/right/train/train_infer' [data/seaquest/all/right/train/train_infer/train_infer*].

%  LearnOneClause initialized.

% The outer looper has been created.

% Initializing the ILP inner looper.

% NEW target:                 action(D, E)
%  targetPred:                action/2
%  targetArgTypes:            signature = [const, const], types = [+state, #name]
%  targets:                   [action(D, E)]
%  targetPredicates:          [action/2]
%  targetArgSpecs:            [[D[+state], E[#name]]]
%  variablesInTargets:        [[D, E]]

% Started collecting constants

% Collecting the types of constants.

% Looking at the training examples to see if any types of new constants can be inferred.
% Time to collect constants: 3 seconds
% Time to collect examples: 0 seconds

% Read 8,798 pos examples and 365,005 neg examples.
% Time to init learnOneClause: 3 seconds
% Old dirrdn_models/seaquest/all/negpos_2_trees_20_depth_3_grounding_penalty/right/

% Have 8,798 'raw' positive examples and kept 8,798.
% Have 365,005 'raw' negative examples and kept 365,005.

% processing backup's for action
%  POS EX = 8,798
%  NEG EX = 365,005

% Memory usage by WILLSetup (just counts # targets?):
%  |backupPosExamples| = 1
%  |backupNegExamples| = 1
%  |predicatesAsFacts| = 0
%  |addedToFactBase|   = 0

% Getting bRDN's target predicates.
% Did not learn a model for 'action' this run.
%   loadModel (#0): rdn_models/seaquest/all/negpos_2_trees_20_depth_3_grounding_penalty/right/bRDNs/Trees/actionTree0.tree
%   loadModel (#1): rdn_models/seaquest/all/negpos_2_trees_20_depth_3_grounding_penalty/right/bRDNs/Trees/actionTree1.tree
%   loadModel (#2): rdn_models/seaquest/all/negpos_2_trees_20_depth_3_grounding_penalty/right/bRDNs/Trees/actionTree2.tree
%   loadModel (#3): rdn_models/seaquest/all/negpos_2_trees_20_depth_3_grounding_penalty/right/bRDNs/Trees/actionTree3.tree
%   loadModel (#4): rdn_models/seaquest/all/negpos_2_trees_20_depth_3_grounding_penalty/right/bRDNs/Trees/actionTree4.tree
%   loadModel (#5): rdn_models/seaquest/all/negpos_2_trees_20_depth_3_grounding_penalty/right/bRDNs/Trees/actionTree5.tree
%   loadModel (#6): rdn_models/seaquest/all/negpos_2_trees_20_depth_3_grounding_penalty/right/bRDNs/Trees/actionTree6.tree
%   loadModel (#7): rdn_models/seaquest/all/negpos_2_trees_20_depth_3_grounding_penalty/right/bRDNs/Trees/actionTree7.tree
%   loadModel (#8): rdn_models/seaquest/all/negpos_2_trees_20_depth_3_grounding_penalty/right/bRDNs/Trees/actionTree8.tree
%   loadModel (#9): rdn_models/seaquest/all/negpos_2_trees_20_depth_3_grounding_penalty/right/bRDNs/Trees/actionTree9.tree
%   loadModel (#10): rdn_models/seaquest/all/negpos_2_trees_20_depth_3_grounding_penalty/right/bRDNs/Trees/actionTree10.tree
%   loadModel (#11): rdn_models/seaquest/all/negpos_2_trees_20_depth_3_grounding_penalty/right/bRDNs/Trees/actionTree11.tree
%   loadModel (#12): rdn_models/seaquest/all/negpos_2_trees_20_depth_3_grounding_penalty/right/bRDNs/Trees/actionTree12.tree
%   loadModel (#13): rdn_models/seaquest/all/negpos_2_trees_20_depth_3_grounding_penalty/right/bRDNs/Trees/actionTree13.tree
%   loadModel (#14): rdn_models/seaquest/all/negpos_2_trees_20_depth_3_grounding_penalty/right/bRDNs/Trees/actionTree14.tree
%   loadModel (#15): rdn_models/seaquest/all/negpos_2_trees_20_depth_3_grounding_penalty/right/bRDNs/Trees/actionTree15.tree
%   loadModel (#16): rdn_models/seaquest/all/negpos_2_trees_20_depth_3_grounding_penalty/right/bRDNs/Trees/actionTree16.tree
%   loadModel (#17): rdn_models/seaquest/all/negpos_2_trees_20_depth_3_grounding_penalty/right/bRDNs/Trees/actionTree17.tree
%   loadModel (#18): rdn_models/seaquest/all/negpos_2_trees_20_depth_3_grounding_penalty/right/bRDNs/Trees/actionTree18.tree
%   loadModel (#19): rdn_models/seaquest/all/negpos_2_trees_20_depth_3_grounding_penalty/right/bRDNs/Trees/actionTree19.tree
%  Done loading 20 models.
File: data/seaquest/all/right/train/train_infer/advice.txt doesnt exist.Hence no advice loaded

% for action |lookupPos| = 8,798
% for action |lookupNeg| = 365,005
% getJointExamples: |pos| = 8,798, |neg| = 365,005

% Starting inference in bRDN.
% Initial size of testset negs: 365,005 for action
% Final size of negs: 17,509 for action
% Trees = 20

% Starting getMarginalProbabilities.
% [ LazyGroundNthArgumentClauseIndex ]  Argument 0:  Building full index for visibleenemy/2.
% [ LazyGroundClauseIndex ]  Building full index for facingright/1 with 40,821 assertions.
% [ LazyGroundClauseIndex ]  Building full index for samelevelasenemy/2 with 18,267 assertions.
% [ LazyGroundNthArgumentClauseIndex ]  Argument 0:  Building full index for visiblediver/2.
% [ LazyGroundClauseIndex ]  Building full index for samelevelasdiver/2 with 11,480 assertions.
% [ LazyGroundClauseIndex ]  Building full index for leftofenemy/2 with 85,341 assertions.
% [ LazyGroundNthArgumentClauseIndex ]  Argument 0:  Building full index for visibleenemysubmarine/2.
% [ LazyGroundClauseIndex ]  Building full index for samelevelassubmarine/2 with 15,101 assertions.
% [ LazyGroundClauseIndex ]  Building full index for leftofdiver/2 with 32,351 assertions.
% [ LazyGroundClauseIndex ]  Building full index for diversnotfull/1 with 55,369 assertions.
% [ LazyGroundClauseIndex ]  Building full index for nearbydiver/2 with 9,610 assertions.
% [ LazyGroundNthArgumentClauseIndex ]  Argument 0:  Building full index for visiblemissile/2.
% [ LazyGroundClauseIndex ]  Building full index for aboveofdiver/2 with 47,497 assertions.
% [ LazyGroundClauseIndex ]  Building full index for oxygenok/1 with 79,574 assertions.
% [ LazyGroundClauseIndex ]  Building full index for aboveofenemy/2 with 110,095 assertions.
% [ LazyGroundClauseIndex ]  Building full index for belowofsubmarine/2 with 71,823 assertions.
% [ LazyGroundClauseIndex ]  Building full index for enemyfacingleft/2 with 105,101 assertions.
% [ LazyGroundClauseIndex ]  Building full index for aboveofmissile/2 with 21,903 assertions.
% [ LazyGroundClauseIndex ]  Building full index for rightofenemy/2 with 79,211 assertions.
% [ LazyGroundClauseIndex ]  Building full index for belowofdiver/2 with 17,692 assertions.
% [ LazyGroundClauseIndex ]  Building full index for facingleft/1 with 38,753 assertions.
% [ LazyGroundClauseIndex ]  Building full index for belowofenemy/2 with 62,775 assertions.
% [ LazyGroundClauseIndex ]  Building full index for diversempty/1 with 17,279 assertions.
% [ LazyGroundClauseIndex ]  Building full index for nearbyenemy/2 with 14,075 assertions.
% [ LazyGroundClauseIndex ]  Building full index for rightofdiver/2 with 32,449 assertions.
% [ LazyGroundClauseIndex ]  Building full index for rightofsubmarine/2 with 68,023 assertions.
% No Gibbs sampling needed during inference.
Best F1 = 1.0
 (Arithmetic) Mean Probability Assigned to Correct Output Class: 19,286.942/26,307.00 = 0.733149

 The weighted count of positive examples = 8,798.000 and the weighted count of negative examples = 17,509.000

printExamples: Writing out predictions (for Tuffy?) on 26,307 examples for 'action' to:
  data/seaquest/all/right/train/train_infer/results_action.db
 and to:
  data/seaquest/all/right/train/train_infer/query_action.db
%    No need to compress since small: data/seaquest/all/right/train/train_infer/query_action.db

% Computing Area Under Curves.
%Pos=8798
%Neg=17509
%LL:-5488.5867039795685
%LL:-10134.54380539029

% Running command: java -jar rdnboost/src/edu/wisc/cs/will/DataSetUtils//auc.jar data/seaquest/all/right/train/train_infer/AUC/aucTemp.txt list 0.0
% WAITING FOR command: java -jar rdnboost/src/edu/wisc/cs/will/DataSetUtils//auc.jar data/seaquest/all/right/train/train_infer/AUC/aucTemp.txt list 0.0
% DONE WAITING FOR command: java -jar rdnboost/src/edu/wisc/cs/will/DataSetUtils//auc.jar data/seaquest/all/right/train/train_infer/AUC/aucTemp.txt list 0.0

%   AUC ROC   = 0.896725
%   AUC PR    = 0.813213
%   CLL	      = -0.385241
%   Precision = 0.778127 at threshold = 0.523
%   Recall    = 0.591157
%   F1        = 0.671877

% Total inference time (20 trees): 9.946 seconds.
[END] 2025-11-23 16:58:21 - Action: right (Train Inference)
