[START] 2025-11-06 10:44:21 - Target: action (Train Inference)
args[0] = -i
args[1] = -model
args[3] = -test
args[5] = -target
args[7] = -trees
args[9] = -aucJarPath
cmd.getTestDirVal()data/seaquest/noop/train/train_infer/
train_infer
java.io.FileNotFoundException: train_infer\train_infer_bk.txt (No such file or directory)
	at java.base/java.io.FileInputStream.open0(Native Method)
	at java.base/java.io.FileInputStream.open(FileInputStream.java:185)
	at java.base/java.io.FileInputStream.<init>(FileInputStream.java:139)
	at java.base/java.io.FileInputStream.<init>(FileInputStream.java:109)
	at edu.wisc.cs.will.Utils.check_disc.checkflagvalues(check_disc.java:23)
	at edu.wisc.cs.will.Boosting.RDN.RunBoostedRDN.main(RunBoostedRDN.java:508)

% Starting an INFERENCE run of bRDN.
% Running on host: Varuns-MacBook-Air

% Switching to VarIndicator = uppercase.

% Unset'ing VarIndicator.

Resetting the LazyGroundNthArgumentClauseIndex.

% Calling ILPouterLoop from createRegressionOuterLooper.

% getInputArgWithDefaultValue: args=[data/seaquest/noop/train/train_infer/train_infer_pos.txt, data/seaquest/noop/train/train_infer/train_infer_neg.txt, data/seaquest/noop/train/train_infer/train_infer_bk.txt, data/seaquest/noop/train/train_infer/train_infer_facts.txt]
%  for N=0: args[N]=data/seaquest/noop/train/train_infer/train_infer_pos.txt

% getInputArgWithDefaultValue: args=[data/seaquest/noop/train/train_infer/train_infer_pos.txt, data/seaquest/noop/train/train_infer/train_infer_neg.txt, data/seaquest/noop/train/train_infer/train_infer_bk.txt, data/seaquest/noop/train/train_infer/train_infer_facts.txt]
%  for N=1: args[N]=data/seaquest/noop/train/train_infer/train_infer_neg.txt

% getInputArgWithDefaultValue: args=[data/seaquest/noop/train/train_infer/train_infer_pos.txt, data/seaquest/noop/train/train_infer/train_infer_neg.txt, data/seaquest/noop/train/train_infer/train_infer_bk.txt, data/seaquest/noop/train/train_infer/train_infer_facts.txt]
%  for N=2: args[N]=data/seaquest/noop/train/train_infer/train_infer_bk.txt

% getInputArgWithDefaultValue: args=[data/seaquest/noop/train/train_infer/train_infer_pos.txt, data/seaquest/noop/train/train_infer/train_infer_neg.txt, data/seaquest/noop/train/train_infer/train_infer_bk.txt, data/seaquest/noop/train/train_infer/train_infer_facts.txt]
%  for N=3: args[N]=data/seaquest/noop/train/train_infer/train_infer_facts.txt

% Welcome to the WILL ILP/SRL systems.


% Switching to VarIndicator = uppercase.

% Unset'ing VarIndicator.
% Reading background theory from dir: null

% Switching to VarIndicator = uppercase.

***** Warning: % Since this is the first setting of the notation for variables, will keep:
%   variableIndicator = uppercase *****

% [ LazyGroundClauseIndex ]  Building full index for mode/1 with 1 assertions.
% LoadAllModes() called.  Currently loaded modes: []
% [ LazyGroundClauseIndex ]  Building full index for sameAs/2 with 2 assertions.
% [ LazyGroundNthArgumentClauseIndex ]  Argument 1:  Building full index for exp/3.
% [ LazyGroundNthArgumentClauseIndex ]  Argument 0:  Building full index for log/3.
% LoadAllLibraries() called.  Currently loaded libraries: [listsInLogic, differentInLogic, modes_arithmeticInLogic, inlines_comparisonInLogic, modes_listsInLogic, inlines_differentInLogic, modes_differentInLogic, arithmeticInLogic, inlines_listsInLogic, modes_comparisonInLogic, comparisonInLogic, inlines_arithmeticInLogic]

%  Read the facts.
%  Have read 227,792 facts.
% Have read 3,013 examples from 'data/seaquest/noop/train/train_infer' [data/seaquest/noop/train/train_infer/train_infer*].
% Have read 53,556 examples from 'data/seaquest/noop/train/train_infer' [data/seaquest/noop/train/train_infer/train_infer*].

%  LearnOneClause initialized.

% The outer looper has been created.

% Initializing the ILP inner looper.

% NEW target:                 action(D, E)
%  targetPred:                action/2
%  targetArgTypes:            signature = [const, const], types = [+state, #name]
%  targets:                   [action(D, E)]
%  targetPredicates:          [action/2]
%  targetArgSpecs:            [[D[+state], E[#name]]]
%  variablesInTargets:        [[D, E]]

% Started collecting constants

% Collecting the types of constants.

% Looking at the training examples to see if any types of new constants can be inferred.
% Time to collect constants: 361 milliseconds
% Time to collect examples: 0 seconds

% Read 3,013 pos examples and 53,556 neg examples.
% Time to init learnOneClause: 387 milliseconds
% Old dirrdn_models/seaquest/negpos_2_trees_10_depth_4_new/noop/

% Have 3,013 'raw' positive examples and kept 3,013.
% Have 53,556 'raw' negative examples and kept 53,556.

% processing backup's for action
%  POS EX = 3,013
%  NEG EX = 53,556

% Memory usage by WILLSetup (just counts # targets?):
%  |backupPosExamples| = 1
%  |backupNegExamples| = 1
%  |predicatesAsFacts| = 0
%  |addedToFactBase|   = 0

% Getting bRDN's target predicates.
% Did not learn a model for 'action' this run.
%   loadModel (#0): rdn_models/seaquest/negpos_2_trees_10_depth_4_new/noop/bRDNs/Trees/actionTree0.tree
%   loadModel (#1): rdn_models/seaquest/negpos_2_trees_10_depth_4_new/noop/bRDNs/Trees/actionTree1.tree
%   loadModel (#2): rdn_models/seaquest/negpos_2_trees_10_depth_4_new/noop/bRDNs/Trees/actionTree2.tree
%   loadModel (#3): rdn_models/seaquest/negpos_2_trees_10_depth_4_new/noop/bRDNs/Trees/actionTree3.tree
%   loadModel (#4): rdn_models/seaquest/negpos_2_trees_10_depth_4_new/noop/bRDNs/Trees/actionTree4.tree
%   loadModel (#5): rdn_models/seaquest/negpos_2_trees_10_depth_4_new/noop/bRDNs/Trees/actionTree5.tree
%   loadModel (#6): rdn_models/seaquest/negpos_2_trees_10_depth_4_new/noop/bRDNs/Trees/actionTree6.tree
%   loadModel (#7): rdn_models/seaquest/negpos_2_trees_10_depth_4_new/noop/bRDNs/Trees/actionTree7.tree
%   loadModel (#8): rdn_models/seaquest/negpos_2_trees_10_depth_4_new/noop/bRDNs/Trees/actionTree8.tree
%   loadModel (#9): rdn_models/seaquest/negpos_2_trees_10_depth_4_new/noop/bRDNs/Trees/actionTree9.tree
%  Done loading 10 models.
File: data/seaquest/noop/train/train_infer/advice.txt doesnt exist.Hence no advice loaded
% Trying to load weights from: data/seaquest/noop/train/train_infer/train_infer_pos_weights.txt

% for action |lookupPos| = 3,013
% for action |lookupNeg| = 53,556
% getJointExamples: |pos| = 3,013, |neg| = 53,556

% Starting inference in bRDN.
% Trees = 10

% Starting getMarginalProbabilities.
% [ LazyGroundNthArgumentClauseIndex ]  Argument 0:  Building full index for visibleenemysubmarine/2.
% [ LazyGroundClauseIndex ]  Building full index for belowofsubmarine/2 with 6,872 assertions.
% [ LazyGroundClauseIndex ]  Building full index for diversnotfull/1 with 8,334 assertions.
% [ LazyGroundClauseIndex ]  Building full index for facingright/1 with 5,458 assertions.
% [ LazyGroundNthArgumentClauseIndex ]  Argument 0:  Building full index for visibleenemy/2.
% [ LazyGroundClauseIndex ]  Building full index for belowofenemy/2 with 9,919 assertions.
% [ LazyGroundClauseIndex ]  Building full index for rightofenemy/2 with 14,929 assertions.
% [ LazyGroundClauseIndex ]  Building full index for aboveofenemy/2 with 19,312 assertions.
% [ LazyGroundClauseIndex ]  Building full index for leftofenemy/2 with 13,484 assertions.
% [ LazyGroundClauseIndex ]  Building full index for diversfull/1 with 1,089 assertions.
% [ LazyGroundClauseIndex ]  Building full index for rightofsubmarine/2 with 7,520 assertions.
% [ LazyGroundNthArgumentClauseIndex ]  Argument 0:  Building full index for visiblediver/2.
% [ LazyGroundClauseIndex ]  Building full index for nearbyenemy/2 with 1,920 assertions.
% [ LazyGroundClauseIndex ]  Building full index for enemyfacingleft/2 with 9,386 assertions.
% [ LazyGroundClauseIndex ]  Building full index for samelevelassubmarine/2 with 1,523 assertions.
% [ LazyGroundClauseIndex ]  Building full index for oxygenok/1 with 11,797 assertions.
% [ LazyGroundClauseIndex ]  Building full index for aboveofsubmarine/2 with 5,240 assertions.
% [ LazyGroundClauseIndex ]  Building full index for samelevelasenemy/2 with 2,708 assertions.
% [ LazyGroundClauseIndex ]  Building full index for samelevelasdiver/2 with 2,149 assertions.
% [ LazyGroundClauseIndex ]  Building full index for belowofdiver/2 with 1,688 assertions.
% [ LazyGroundClauseIndex ]  Building full index for leftofdiver/2 with 3,619 assertions.
% [ LazyGroundClauseIndex ]  Building full index for diversempty/1 with 2,374 assertions.
% [ LazyGroundClauseIndex ]  Building full index for facingleft/1 with 6,339 assertions.
% [ LazyGroundClauseIndex ]  Building full index for aboveofdiver/2 with 4,120 assertions.
% [ LazyGroundClauseIndex ]  Building full index for nearbydiver/2 with 1,248 assertions.
% [ LazyGroundClauseIndex ]  Building full index for leftofsubmarine/2 with 4,521 assertions.
% [ LazyGroundNthArgumentClauseIndex ]  Argument 0:  Building full index for visiblemissile/2.
% [ LazyGroundClauseIndex ]  Building full index for rightofdiver/2 with 3,161 assertions.
% No Gibbs sampling needed during inference.
Best F1 = 1.0
 (Arithmetic) Mean Probability Assigned to Correct Output Class: 48,472.412/56,569.00 = 0.856872

 The weighted count of positive examples = 3,013.000 and the weighted count of negative examples = 53,556.000

printExamples: Writing out predictions (for Tuffy?) on 56,569 examples for 'action' to:
  data/seaquest/noop/train/train_infer/results_action.db
 and to:
  data/seaquest/noop/train/train_infer/query_action.db

***** Warning: Both regular and gzip'ed versions of this file exist; will use NEWER one:
 data/seaquest/noop/train/train_infer/query_action.db *****


***** Warning: Both regular and gzip'ed versions of this file exist; will read NEWER one:
 data/seaquest/noop/train/train_infer/query_action.db *****


% Computing Area Under Curves.
%Pos=3013
%Neg=53556
%LL:-1033.118923017856
%LL:-10809.173508129596

% Running command: java -jar rdnboost/src/edu/wisc/cs/will/DataSetUtils//auc.jar data/seaquest/noop/train/train_infer/AUC/aucTemp.txt list 0.0
% WAITING FOR command: java -jar rdnboost/src/edu/wisc/cs/will/DataSetUtils//auc.jar data/seaquest/noop/train/train_infer/AUC/aucTemp.txt list 0.0
% DONE WAITING FOR command: java -jar rdnboost/src/edu/wisc/cs/will/DataSetUtils//auc.jar data/seaquest/noop/train/train_infer/AUC/aucTemp.txt list 0.0

%   AUC ROC   = 0.973848
%   AUC PR    = 0.607497
%   CLL	      = -0.191079
%   Precision = 0.351567 at threshold = 0.437
%   Recall    = 0.964155
%   F1        = 0.515254

% Total inference time (10 trees): 6.001 seconds.
[END] 2025-11-06 10:44:27 - Target: action (Train Inference)
