<<<<<<<< HEAD:data/seaquest/all/left/train/train_infer/train_infer_infer_dribble.txt
========
[START] 2025-11-24 13:23:39 - Action: left (Train Inference)
args[0] = -i
args[1] = -model
args[3] = -test
args[5] = -target
args[7] = -trees
args[9] = -testNegPosRatio
args[11] = -aucJarPath
cmd.getTestDirVal()data/seaquest/all/left/train/train_infer/
train_infer
java.io.FileNotFoundException: train_infer\train_infer_bk.txt (No such file or directory)
	at java.io.FileInputStream.open0(Native Method)
	at java.io.FileInputStream.open(FileInputStream.java:195)
	at java.io.FileInputStream.<init>(FileInputStream.java:138)
	at java.io.FileInputStream.<init>(FileInputStream.java:93)
	at edu.wisc.cs.will.Utils.check_disc.checkflagvalues(check_disc.java:23)
	at edu.wisc.cs.will.Boosting.RDN.RunBoostedRDN.main(RunBoostedRDN.java:517)

% Starting an INFERENCE run of bRDN.
>>>>>>>> c48fc9efa2eb5efe7757a3119cbda099e1fb4769:rdn_models/seaquest/all/negpos_2_trees_1_depth_2/left/action_train_infer.log
% Running on host: xps-np

% Switching to VarIndicator = uppercase.

% Unset'ing VarIndicator.

% Calling ILPouterLoop from createRegressionOuterLooper.

% getInputArgWithDefaultValue: args=[data/seaquest/all/left/train/train_infer/train_infer_pos.txt, data/seaquest/all/left/train/train_infer/train_infer_neg.txt, data/seaquest/all/left/train/train_infer/train_infer_bk.txt, data/seaquest/all/left/train/train_infer/train_infer_facts.txt]
%  for N=0: args[N]=data/seaquest/all/left/train/train_infer/train_infer_pos.txt

% getInputArgWithDefaultValue: args=[data/seaquest/all/left/train/train_infer/train_infer_pos.txt, data/seaquest/all/left/train/train_infer/train_infer_neg.txt, data/seaquest/all/left/train/train_infer/train_infer_bk.txt, data/seaquest/all/left/train/train_infer/train_infer_facts.txt]
%  for N=1: args[N]=data/seaquest/all/left/train/train_infer/train_infer_neg.txt

% getInputArgWithDefaultValue: args=[data/seaquest/all/left/train/train_infer/train_infer_pos.txt, data/seaquest/all/left/train/train_infer/train_infer_neg.txt, data/seaquest/all/left/train/train_infer/train_infer_bk.txt, data/seaquest/all/left/train/train_infer/train_infer_facts.txt]
%  for N=2: args[N]=data/seaquest/all/left/train/train_infer/train_infer_bk.txt

% getInputArgWithDefaultValue: args=[data/seaquest/all/left/train/train_infer/train_infer_pos.txt, data/seaquest/all/left/train/train_infer/train_infer_neg.txt, data/seaquest/all/left/train/train_infer/train_infer_bk.txt, data/seaquest/all/left/train/train_infer/train_infer_facts.txt]
%  for N=3: args[N]=data/seaquest/all/left/train/train_infer/train_infer_facts.txt

% Welcome to the WILL ILP/SRL systems.


% Switching to VarIndicator = uppercase.

% Unset'ing VarIndicator.
% Reading background theory from dir: null

% Switching to VarIndicator = uppercase.

***** Warning: % Since this is the first setting of the notation for variables, will keep:
%   variableIndicator = uppercase *****

% [ LazyGroundClauseIndex ]  Building full index for mode/1 with 1 assertions.
% LoadAllModes() called.  Currently loaded modes: []
% [ LazyGroundClauseIndex ]  Building full index for sameAs/2 with 2 assertions.
% [ LazyGroundNthArgumentClauseIndex ]  Argument 1:  Building full index for exp/3.
% [ LazyGroundNthArgumentClauseIndex ]  Argument 0:  Building full index for log/3.
% LoadAllLibraries() called.  Currently loaded libraries: [listsInLogic, differentInLogic, modes_arithmeticInLogic, inlines_comparisonInLogic, modes_listsInLogic, inlines_differentInLogic, modes_differentInLogic, arithmeticInLogic, inlines_listsInLogic, modes_comparisonInLogic, comparisonInLogic, inlines_arithmeticInLogic]

%  Read the facts.
%  Have read 1,820,826 facts.
% Have read 8,850 examples from 'data/seaquest/all/left/train/train_infer' [data/seaquest/all/left/train/train_infer/train_infer*].
% Have read 364,745 examples from 'data/seaquest/all/left/train/train_infer' [data/seaquest/all/left/train/train_infer/train_infer*].

%  LearnOneClause initialized.

% The outer looper has been created.

% Initializing the ILP inner looper.

% NEW target:                 action(D, E)
%  targetPred:                action/2
%  targetArgTypes:            signature = [const, const], types = [+state, #name]
%  targets:                   [action(D, E)]
%  targetPredicates:          [action/2]
%  targetArgSpecs:            [[D[+state], E[#name]]]
%  variablesInTargets:        [[D, E]]

% Started collecting constants

% Collecting the types of constants.

% Looking at the training examples to see if any types of new constants can be inferred.
<<<<<<<< HEAD:data/seaquest/all/left/train/train_infer/train_infer_infer_dribble.txt
% Time to collect constants: 7 seconds
% Time to collect examples: 0 seconds

% Read 8,850 pos examples and 364,745 neg examples.
% Time to init learnOneClause: 7 seconds
% Old dirrdn_models/seaquest/all/negpos_2_trees_1_depth_3/left/
========
% Time to collect constants: 9 seconds
% Time to collect examples: 0 seconds

% Read 8,850 pos examples and 364,745 neg examples.
% Time to init learnOneClause: 9 seconds
% Old dirrdn_models/seaquest/all/negpos_2_trees_1_depth_2/left/
>>>>>>>> c48fc9efa2eb5efe7757a3119cbda099e1fb4769:rdn_models/seaquest/all/negpos_2_trees_1_depth_2/left/action_train_infer.log

% Have 8,850 'raw' positive examples and kept 8,850.
% Have 364,745 'raw' negative examples and kept 364,745.

% processing backup's for action
%  POS EX = 8,850
%  NEG EX = 364,745

% Memory usage by WILLSetup (just counts # targets?):
%  |backupPosExamples| = 1
%  |backupNegExamples| = 1
%  |predicatesAsFacts| = 0
%  |addedToFactBase|   = 0

% Getting bRDN's target predicates.
% Did not learn a model for 'action' this run.
<<<<<<<< HEAD:data/seaquest/all/left/train/train_infer/train_infer_infer_dribble.txt
%   loadModel (#0): rdn_models/seaquest/all/negpos_2_trees_1_depth_3/left/bRDNs/Trees/actionTree0.tree
========
%   loadModel (#0): rdn_models/seaquest/all/negpos_2_trees_1_depth_2/left/bRDNs/Trees/actionTree0.tree
>>>>>>>> c48fc9efa2eb5efe7757a3119cbda099e1fb4769:rdn_models/seaquest/all/negpos_2_trees_1_depth_2/left/action_train_infer.log
%  Done loading 1 models.
File: data/seaquest/all/left/train/train_infer/advice.txt doesnt exist.Hence no advice loaded

% for action |lookupPos| = 8,850
% for action |lookupNeg| = 364,745
% getJointExamples: |pos| = 8,850, |neg| = 364,745

% Starting inference in bRDN.
% Initial size of testset negs: 364,745 for action
% Final size of negs: 17,629 for action
% Trees = 1

% Starting getMarginalProbabilities.
% [ LazyGroundClauseIndex ]  Building full index for belowwatersurface/1 with 59,204 assertions.
% [ LazyGroundClauseIndex ]  Building full index for facingleft/1 with 38,753 assertions.
% [ LazyGroundNthArgumentClauseIndex ]  Argument 0:  Building full index for visiblediver/2.
% [ LazyGroundNthArgumentClauseIndex ]  Argument 0:  Building full index for visibleenemysubmarine/2.
% [ LazyGroundClauseIndex ]  Building full index for samelevelasdiver/2 with 11,480 assertions.
% [ LazyGroundClauseIndex ]  Building full index for rightofdiver/2 with 32,449 assertions.
% [ LazyGroundNthArgumentClauseIndex ]  Argument 0:  Building full index for visiblemissile/2.
% [ LazyGroundNthArgumentClauseIndex ]  Argument 0:  Building full index for visibleenemy/2.
% [ LazyGroundClauseIndex ]  Building full index for rightofenemy/2 with 79,211 assertions.
<<<<<<<< HEAD:data/seaquest/all/left/train/train_infer/train_infer_infer_dribble.txt
% [ LazyGroundClauseIndex ]  Building full index for samelevelasenemy/2 with 18,267 assertions.
% [ LazyGroundClauseIndex ]  Building full index for diversnotfull/1 with 55,369 assertions.
% [ LazyGroundClauseIndex ]  Building full index for aboveofdiver/2 with 47,497 assertions.
% [ LazyGroundClauseIndex ]  Building full index for leftofsubmarine/2 with 61,464 assertions.
% [ LazyGroundClauseIndex ]  Building full index for belowofdiver/2 with 17,692 assertions.
% [ LazyGroundClauseIndex ]  Building full index for leftofdiver/2 with 32,351 assertions.
% [ LazyGroundClauseIndex ]  Building full index for diversfull/1 with 6,926 assertions.
% No Gibbs sampling needed during inference.
 (Arithmetic) Mean Probability Assigned to Correct Output Class: 16,914.539/26,479.00 = 0.638791
========
% [ LazyGroundClauseIndex ]  Building full index for leftofdiver/2 with 32,351 assertions.
% [ LazyGroundClauseIndex ]  Building full index for nearbydiver/2 with 9,610 assertions.
% [ LazyGroundClauseIndex ]  Building full index for samelevelasenemy/2 with 18,267 assertions.
% [ LazyGroundNthArgumentClauseIndex ]  Argument 0:  Building full index for visibleenemysubmarine/2.
% [ LazyGroundClauseIndex ]  Building full index for belowofsubmarine/2 with 71,823 assertions.
% [ LazyGroundClauseIndex ]  Building full index for enemyfacingright/2 with 49,529 assertions.
% [ LazyGroundClauseIndex ]  Building full index for rightofsubmarine/2 with 68,023 assertions.
% No Gibbs sampling needed during inference.
Best F1 = 1.0
 (Arithmetic) Mean Probability Assigned to Correct Output Class: 16,840.294/26,479.00 = 0.635987
>>>>>>>> c48fc9efa2eb5efe7757a3119cbda099e1fb4769:rdn_models/seaquest/all/negpos_2_trees_1_depth_2/left/action_train_infer.log

 The weighted count of positive examples = 8,850.000 and the weighted count of negative examples = 17,629.000

printExamples: Writing out predictions (for Tuffy?) on 26,479 examples for 'action' to:
  data/seaquest/all/left/train/train_infer/results_action.db
 and to:
  data/seaquest/all/left/train/train_infer/query_action.db
%    No need to compress since small: data/seaquest/all/left/train/train_infer/query_action.db

% Computing Area Under Curves.
%Pos=8850
%Neg=17629
<<<<<<<< HEAD:data/seaquest/all/left/train/train_infer/train_infer_infer_dribble.txt
%LL:-13691.727943298767
%LL:-16548.78368937348
========
%LL:-13931.439148685027
%LL:-16823.876533804265
>>>>>>>> c48fc9efa2eb5efe7757a3119cbda099e1fb4769:rdn_models/seaquest/all/negpos_2_trees_1_depth_2/left/action_train_infer.log

% Running command: java -jar rdnboost/src/edu/wisc/cs/will/DataSetUtils//auc.jar data/seaquest/all/left/train/train_infer/AUC/aucTemp.txt list 0.0
% WAITING FOR command: java -jar rdnboost/src/edu/wisc/cs/will/DataSetUtils//auc.jar data/seaquest/all/left/train/train_infer/AUC/aucTemp.txt list 0.0
% DONE WAITING FOR command: java -jar rdnboost/src/edu/wisc/cs/will/DataSetUtils//auc.jar data/seaquest/all/left/train/train_infer/AUC/aucTemp.txt list 0.0

<<<<<<<< HEAD:data/seaquest/all/left/train/train_infer/train_infer_infer_dribble.txt
%   AUC ROC   = 0.897754
%   AUC PR    = 0.798258
%   CLL	      = -0.624978
%   Precision = 0.624832 at threshold = 0.163
%   Recall    = 0.944520
%   F1        = 0.752114

% Total inference time (1 trees): 28.213 seconds.
========
%   AUC ROC   = 0.875213
%   AUC PR    = 0.774888
%   CLL	      = -0.635367
%   Precision = 0.595055 at threshold = 0.154
%   Recall    = 0.916384
%   F1        = 0.721562

% Total inference time (1 trees): 32.640 seconds.
[END] 2025-11-24 13:24:12 - Action: left (Train Inference)
>>>>>>>> c48fc9efa2eb5efe7757a3119cbda099e1fb4769:rdn_models/seaquest/all/negpos_2_trees_1_depth_2/left/action_train_infer.log
