[START] 2025-11-06 12:18:50 - Target: action (Train Inference)
args[0] = -i
args[1] = -model
args[3] = -test
args[5] = -target
args[7] = -trees
args[9] = -aucJarPath
cmd.getTestDirVal()data/seaquest/up/train/train_infer/
train_infer
java.io.FileNotFoundException: train_infer\train_infer_bk.txt (No such file or directory)
	at java.base/java.io.FileInputStream.open0(Native Method)
	at java.base/java.io.FileInputStream.open(FileInputStream.java:185)
	at java.base/java.io.FileInputStream.<init>(FileInputStream.java:139)
	at java.base/java.io.FileInputStream.<init>(FileInputStream.java:109)
	at edu.wisc.cs.will.Utils.check_disc.checkflagvalues(check_disc.java:23)
	at edu.wisc.cs.will.Boosting.RDN.RunBoostedRDN.main(RunBoostedRDN.java:508)

% Starting an INFERENCE run of bRDN.
% Running on host: Varuns-MacBook-Air

% Switching to VarIndicator = uppercase.

% Unset'ing VarIndicator.

Resetting the LazyGroundNthArgumentClauseIndex.

% Calling ILPouterLoop from createRegressionOuterLooper.

% getInputArgWithDefaultValue: args=[data/seaquest/up/train/train_infer/train_infer_pos.txt, data/seaquest/up/train/train_infer/train_infer_neg.txt, data/seaquest/up/train/train_infer/train_infer_bk.txt, data/seaquest/up/train/train_infer/train_infer_facts.txt]
%  for N=0: args[N]=data/seaquest/up/train/train_infer/train_infer_pos.txt

% getInputArgWithDefaultValue: args=[data/seaquest/up/train/train_infer/train_infer_pos.txt, data/seaquest/up/train/train_infer/train_infer_neg.txt, data/seaquest/up/train/train_infer/train_infer_bk.txt, data/seaquest/up/train/train_infer/train_infer_facts.txt]
%  for N=1: args[N]=data/seaquest/up/train/train_infer/train_infer_neg.txt

% getInputArgWithDefaultValue: args=[data/seaquest/up/train/train_infer/train_infer_pos.txt, data/seaquest/up/train/train_infer/train_infer_neg.txt, data/seaquest/up/train/train_infer/train_infer_bk.txt, data/seaquest/up/train/train_infer/train_infer_facts.txt]
%  for N=2: args[N]=data/seaquest/up/train/train_infer/train_infer_bk.txt

% getInputArgWithDefaultValue: args=[data/seaquest/up/train/train_infer/train_infer_pos.txt, data/seaquest/up/train/train_infer/train_infer_neg.txt, data/seaquest/up/train/train_infer/train_infer_bk.txt, data/seaquest/up/train/train_infer/train_infer_facts.txt]
%  for N=3: args[N]=data/seaquest/up/train/train_infer/train_infer_facts.txt

% Welcome to the WILL ILP/SRL systems.


% Switching to VarIndicator = uppercase.

% Unset'ing VarIndicator.
% Reading background theory from dir: null

% Switching to VarIndicator = uppercase.

***** Warning: % Since this is the first setting of the notation for variables, will keep:
%   variableIndicator = uppercase *****

% [ LazyGroundClauseIndex ]  Building full index for mode/1 with 1 assertions.
% LoadAllModes() called.  Currently loaded modes: []
% [ LazyGroundClauseIndex ]  Building full index for sameAs/2 with 2 assertions.
% [ LazyGroundNthArgumentClauseIndex ]  Argument 1:  Building full index for exp/3.
% [ LazyGroundNthArgumentClauseIndex ]  Argument 0:  Building full index for log/3.
% LoadAllLibraries() called.  Currently loaded libraries: [listsInLogic, differentInLogic, modes_arithmeticInLogic, inlines_comparisonInLogic, modes_listsInLogic, inlines_differentInLogic, modes_differentInLogic, arithmeticInLogic, inlines_listsInLogic, modes_comparisonInLogic, comparisonInLogic, inlines_arithmeticInLogic]

%  Read the facts.
%  Have read 227,792 facts.
% Have read 2,053 examples from 'data/seaquest/up/train/train_infer' [data/seaquest/up/train/train_infer/train_infer*].
% Have read 49,430 examples from 'data/seaquest/up/train/train_infer' [data/seaquest/up/train/train_infer/train_infer*].

%  LearnOneClause initialized.

% The outer looper has been created.

% Initializing the ILP inner looper.

% NEW target:                 action(D, E)
%  targetPred:                action/2
%  targetArgTypes:            signature = [const, const], types = [+state, #name]
%  targets:                   [action(D, E)]
%  targetPredicates:          [action/2]
%  targetArgSpecs:            [[D[+state], E[#name]]]
%  variablesInTargets:        [[D, E]]

% Started collecting constants

% Collecting the types of constants.

% Looking at the training examples to see if any types of new constants can be inferred.
% Time to collect constants: 329 milliseconds
% Time to collect examples: 0 seconds

% Read 2,053 pos examples and 49,430 neg examples.
% Time to init learnOneClause: 354 milliseconds
% Old dirrdn_models/seaquest/negpos_2_trees_1_depth_4_new/up/

% Have 2,053 'raw' positive examples and kept 2,053.
% Have 49,430 'raw' negative examples and kept 49,430.

% processing backup's for action
%  POS EX = 2,053
%  NEG EX = 49,430

% Memory usage by WILLSetup (just counts # targets?):
%  |backupPosExamples| = 1
%  |backupNegExamples| = 1
%  |predicatesAsFacts| = 0
%  |addedToFactBase|   = 0

% Getting bRDN's target predicates.
% Did not learn a model for 'action' this run.
%   loadModel (#0): rdn_models/seaquest/negpos_2_trees_1_depth_4_new/up/bRDNs/Trees/actionTree0.tree
%  Done loading 1 models.
File: data/seaquest/up/train/train_infer/advice.txt doesnt exist.Hence no advice loaded
% Trying to load weights from: data/seaquest/up/train/train_infer/train_infer_pos_weights.txt

% for action |lookupPos| = 2,053
% for action |lookupNeg| = 49,430
% getJointExamples: |pos| = 2,053, |neg| = 49,430

% Starting inference in bRDN.
% Trees = 1

% Starting getMarginalProbabilities.
% [ LazyGroundNthArgumentClauseIndex ]  Argument 0:  Building full index for visibleenemy/2.
% [ LazyGroundClauseIndex ]  Building full index for belowofenemy/2 with 9,919 assertions.
% [ LazyGroundNthArgumentClauseIndex ]  Argument 0:  Building full index for visiblediver/2.
% [ LazyGroundClauseIndex ]  Building full index for samelevelasdiver/2 with 2,149 assertions.
% [ LazyGroundClauseIndex ]  Building full index for diversnotfull/1 with 8,334 assertions.
% [ LazyGroundClauseIndex ]  Building full index for belowofdiver/2 with 1,688 assertions.
% [ LazyGroundNthArgumentClauseIndex ]  Argument 0:  Building full index for visibleenemysubmarine/2.
% [ LazyGroundClauseIndex ]  Building full index for belowofsubmarine/2 with 6,872 assertions.
% [ LazyGroundNthArgumentClauseIndex ]  Argument 0:  Building full index for visiblemissile/2.
% [ LazyGroundClauseIndex ]  Building full index for rightofsubmarine/2 with 7,520 assertions.
% [ LazyGroundClauseIndex ]  Building full index for belowofmissile/2 with 880 assertions.
% [ LazyGroundClauseIndex ]  Building full index for leftofenemy/2 with 13,484 assertions.
% [ LazyGroundClauseIndex ]  Building full index for diversfull/1 with 1,089 assertions.
% [ LazyGroundClauseIndex ]  Building full index for nearbyenemy/2 with 1,920 assertions.
% [ LazyGroundClauseIndex ]  Building full index for samelevelasenemy/2 with 2,708 assertions.
% [ LazyGroundClauseIndex ]  Building full index for nearbymissile/2 with 89 assertions.
% [ LazyGroundClauseIndex ]  Building full index for nearbydiver/2 with 1,248 assertions.
% [ LazyGroundClauseIndex ]  Building full index for facingleft/1 with 6,339 assertions.
% No Gibbs sampling needed during inference.
Best F1 = 1.0
 (Arithmetic) Mean Probability Assigned to Correct Output Class: 42,051.801/51,483.00 = 0.816809

 The weighted count of positive examples = 2,053.000 and the weighted count of negative examples = 49,430.000

printExamples: Writing out predictions (for Tuffy?) on 51,483 examples for 'action' to:
  data/seaquest/up/train/train_infer/results_action.db
 and to:
  data/seaquest/up/train/train_infer/query_action.db

***** Warning: Both regular and gzip'ed versions of this file exist; will use NEWER one:
 data/seaquest/up/train/train_infer/query_action.db *****


***** Warning: Both regular and gzip'ed versions of this file exist; will read NEWER one:
 data/seaquest/up/train/train_infer/query_action.db *****


% Computing Area Under Curves.
%Pos=2053
%Neg=49430
%LL:-3429.201821037315
%LL:-11909.354032152656

% Running command: java -jar rdnboost/src/edu/wisc/cs/will/DataSetUtils//auc.jar data/seaquest/up/train/train_infer/AUC/aucTemp.txt list 0.0
% WAITING FOR command: java -jar rdnboost/src/edu/wisc/cs/will/DataSetUtils//auc.jar data/seaquest/up/train/train_infer/AUC/aucTemp.txt list 0.0
% DONE WAITING FOR command: java -jar rdnboost/src/edu/wisc/cs/will/DataSetUtils//auc.jar data/seaquest/up/train/train_infer/AUC/aucTemp.txt list 0.0

%   AUC ROC   = 0.787756
%   AUC PR    = 0.142087
%   CLL	      = -0.231326
%   Precision = 0.119139 at threshold = 0.198
%   Recall    = 0.606430
%   F1        = 0.199152

% Total inference time (1 trees): 2.108 seconds.
[END] 2025-11-06 12:18:53 - Target: action (Train Inference)
