[START] 2025-11-22 08:30:22 - Action: down (Train Inference)
args[0] = -i
args[1] = -model
args[3] = -test
args[5] = -target
args[7] = -trees
args[9] = -testNegPosRatio
args[11] = -aucJarPath
cmd.getTestDirVal()data/seaquest/all/down/train/train_infer/
train_infer
java.io.FileNotFoundException: train_infer\train_infer_bk.txt (No such file or directory)
	at java.base/java.io.FileInputStream.open0(Native Method)
	at java.base/java.io.FileInputStream.open(FileInputStream.java:185)
	at java.base/java.io.FileInputStream.<init>(FileInputStream.java:139)
	at java.base/java.io.FileInputStream.<init>(FileInputStream.java:109)
	at edu.wisc.cs.will.Utils.check_disc.checkflagvalues(check_disc.java:23)
	at edu.wisc.cs.will.Boosting.RDN.RunBoostedRDN.main(RunBoostedRDN.java:517)

% Starting an INFERENCE run of bRDN.
% Running on host: Varuns-Air

% Switching to VarIndicator = uppercase.

% Unset'ing VarIndicator.

Resetting the LazyGroundNthArgumentClauseIndex.

% Calling ILPouterLoop from createRegressionOuterLooper.

% getInputArgWithDefaultValue: args=[data/seaquest/all/down/train/train_infer/train_infer_pos.txt, data/seaquest/all/down/train/train_infer/train_infer_neg.txt, data/seaquest/all/down/train/train_infer/train_infer_bk.txt, data/seaquest/all/down/train/train_infer/train_infer_facts.txt]
%  for N=0: args[N]=data/seaquest/all/down/train/train_infer/train_infer_pos.txt

% getInputArgWithDefaultValue: args=[data/seaquest/all/down/train/train_infer/train_infer_pos.txt, data/seaquest/all/down/train/train_infer/train_infer_neg.txt, data/seaquest/all/down/train/train_infer/train_infer_bk.txt, data/seaquest/all/down/train/train_infer/train_infer_facts.txt]
%  for N=1: args[N]=data/seaquest/all/down/train/train_infer/train_infer_neg.txt

% getInputArgWithDefaultValue: args=[data/seaquest/all/down/train/train_infer/train_infer_pos.txt, data/seaquest/all/down/train/train_infer/train_infer_neg.txt, data/seaquest/all/down/train/train_infer/train_infer_bk.txt, data/seaquest/all/down/train/train_infer/train_infer_facts.txt]
%  for N=2: args[N]=data/seaquest/all/down/train/train_infer/train_infer_bk.txt

% getInputArgWithDefaultValue: args=[data/seaquest/all/down/train/train_infer/train_infer_pos.txt, data/seaquest/all/down/train/train_infer/train_infer_neg.txt, data/seaquest/all/down/train/train_infer/train_infer_bk.txt, data/seaquest/all/down/train/train_infer/train_infer_facts.txt]
%  for N=3: args[N]=data/seaquest/all/down/train/train_infer/train_infer_facts.txt

% Welcome to the WILL ILP/SRL systems.


% Switching to VarIndicator = uppercase.

% Unset'ing VarIndicator.
% Reading background theory from dir: null

% Switching to VarIndicator = uppercase.

***** Warning: % Since this is the first setting of the notation for variables, will keep:
%   variableIndicator = uppercase *****

% [ LazyGroundClauseIndex ]  Building full index for mode/1 with 1 assertions.
% LoadAllModes() called.  Currently loaded modes: []
% [ LazyGroundClauseIndex ]  Building full index for sameAs/2 with 2 assertions.
% [ LazyGroundNthArgumentClauseIndex ]  Argument 1:  Building full index for exp/3.
% [ LazyGroundNthArgumentClauseIndex ]  Argument 0:  Building full index for log/3.
% LoadAllLibraries() called.  Currently loaded libraries: [listsInLogic, differentInLogic, modes_arithmeticInLogic, inlines_comparisonInLogic, modes_listsInLogic, inlines_differentInLogic, modes_differentInLogic, arithmeticInLogic, inlines_listsInLogic, modes_comparisonInLogic, comparisonInLogic, inlines_arithmeticInLogic]

%  Read the facts.
%  Have read 1,820,826 facts.
% Have read 13,785 examples from 'data/seaquest/all/down/train/train_infer' [data/seaquest/all/down/train/train_infer/train_infer*].
% Have read 340,070 examples from 'data/seaquest/all/down/train/train_infer' [data/seaquest/all/down/train/train_infer/train_infer*].

%  LearnOneClause initialized.

% The outer looper has been created.

% Initializing the ILP inner looper.

% NEW target:                 action(D, E)
%  targetPred:                action/2
%  targetArgTypes:            signature = [const, const], types = [+state, #name]
%  targets:                   [action(D, E)]
%  targetPredicates:          [action/2]
%  targetArgSpecs:            [[D[+state], E[#name]]]
%  variablesInTargets:        [[D, E]]

% Started collecting constants

% Collecting the types of constants.

% Looking at the training examples to see if any types of new constants can be inferred.
% Time to collect constants: 2 seconds
% Time to collect examples: 0 seconds

% Read 13,785 pos examples and 340,070 neg examples.
% Time to init learnOneClause: 3 seconds
% Old dirrdn_models/seaquest/all/negpos_2_trees_10_depth_3_grounding_penalty/down/

% Have 13,785 'raw' positive examples and kept 13,785.
% Have 340,070 'raw' negative examples and kept 340,070.

% processing backup's for action
%  POS EX = 13,785
%  NEG EX = 340,070

% Memory usage by WILLSetup (just counts # targets?):
%  |backupPosExamples| = 1
%  |backupNegExamples| = 1
%  |predicatesAsFacts| = 0
%  |addedToFactBase|   = 0

% Getting bRDN's target predicates.
% Did not learn a model for 'action' this run.
%   loadModel (#0): rdn_models/seaquest/all/negpos_2_trees_10_depth_3_grounding_penalty/down/bRDNs/Trees/actionTree0.tree
%   loadModel (#1): rdn_models/seaquest/all/negpos_2_trees_10_depth_3_grounding_penalty/down/bRDNs/Trees/actionTree1.tree
%   loadModel (#2): rdn_models/seaquest/all/negpos_2_trees_10_depth_3_grounding_penalty/down/bRDNs/Trees/actionTree2.tree
%   loadModel (#3): rdn_models/seaquest/all/negpos_2_trees_10_depth_3_grounding_penalty/down/bRDNs/Trees/actionTree3.tree
%   loadModel (#4): rdn_models/seaquest/all/negpos_2_trees_10_depth_3_grounding_penalty/down/bRDNs/Trees/actionTree4.tree
%   loadModel (#5): rdn_models/seaquest/all/negpos_2_trees_10_depth_3_grounding_penalty/down/bRDNs/Trees/actionTree5.tree
%   loadModel (#6): rdn_models/seaquest/all/negpos_2_trees_10_depth_3_grounding_penalty/down/bRDNs/Trees/actionTree6.tree
%   loadModel (#7): rdn_models/seaquest/all/negpos_2_trees_10_depth_3_grounding_penalty/down/bRDNs/Trees/actionTree7.tree
%   loadModel (#8): rdn_models/seaquest/all/negpos_2_trees_10_depth_3_grounding_penalty/down/bRDNs/Trees/actionTree8.tree
%   loadModel (#9): rdn_models/seaquest/all/negpos_2_trees_10_depth_3_grounding_penalty/down/bRDNs/Trees/actionTree9.tree
%  Done loading 10 models.
File: data/seaquest/all/down/train/train_infer/advice.txt doesnt exist.Hence no advice loaded

% for action |lookupPos| = 13,785
% for action |lookupNeg| = 340,070
% getJointExamples: |pos| = 13,785, |neg| = 340,070

% Starting inference in bRDN.
% Initial size of testset negs: 340,070 for action
% Final size of negs: 27,339 for action
% Trees = 10

% Starting getMarginalProbabilities.
% [ LazyGroundNthArgumentClauseIndex ]  Argument 0:  Building full index for visiblediver/2.
% [ LazyGroundClauseIndex ]  Building full index for aboveofdiver/2 with 47,497 assertions.
% [ LazyGroundClauseIndex ]  Building full index for diversnotfull/1 with 55,369 assertions.
% [ LazyGroundNthArgumentClauseIndex ]  Argument 0:  Building full index for visiblemissile/2.
% [ LazyGroundClauseIndex ]  Building full index for facingright/1 with 40,821 assertions.
% [ LazyGroundClauseIndex ]  Building full index for leftofdiver/2 with 32,351 assertions.
% [ LazyGroundClauseIndex ]  Building full index for rightofdiver/2 with 32,449 assertions.
% [ LazyGroundClauseIndex ]  Building full index for oxygenok/1 with 79,574 assertions.
% [ LazyGroundNthArgumentClauseIndex ]  Argument 0:  Building full index for visibleenemysubmarine/2.
% [ LazyGroundNthArgumentClauseIndex ]  Argument 0:  Building full index for visibleenemy/2.
% [ LazyGroundClauseIndex ]  Building full index for rightofenemy/2 with 79,211 assertions.
% [ LazyGroundClauseIndex ]  Building full index for leftofenemy/2 with 85,341 assertions.
% [ LazyGroundClauseIndex ]  Building full index for aboveofenemy/2 with 110,095 assertions.
% [ LazyGroundClauseIndex ]  Building full index for aboveofmissile/2 with 21,903 assertions.
% [ LazyGroundClauseIndex ]  Building full index for belowofsubmarine/2 with 71,823 assertions.
% [ LazyGroundClauseIndex ]  Building full index for enemyfacingleft/2 with 105,101 assertions.
% [ LazyGroundClauseIndex ]  Building full index for samelevelassubmarine/2 with 15,101 assertions.
% [ LazyGroundClauseIndex ]  Building full index for diversempty/1 with 17,279 assertions.
% [ LazyGroundClauseIndex ]  Building full index for samelevelasdiver/2 with 11,480 assertions.
% [ LazyGroundClauseIndex ]  Building full index for diversfull/1 with 6,926 assertions.
% [ LazyGroundClauseIndex ]  Building full index for belowofenemy/2 with 62,775 assertions.
% No Gibbs sampling needed during inference.
Best F1 = 1.0
 (Arithmetic) Mean Probability Assigned to Correct Output Class: 25,136.066/41,124.00 = 0.611226

 The weighted count of positive examples = 13,785.000 and the weighted count of negative examples = 27,339.000

printExamples: Writing out predictions (for Tuffy?) on 41,124 examples for 'action' to:
  data/seaquest/all/down/train/train_infer/results_action.db
 and to:
  data/seaquest/all/down/train/train_infer/query_action.db

***** Warning: Both regular and gzip'ed versions of this file exist; will use NEWER one:
 data/seaquest/all/down/train/train_infer/query_action.db *****


***** Warning: Both regular and gzip'ed versions of this file exist; will read NEWER one:
 data/seaquest/all/down/train/train_infer/query_action.db *****


% Computing Area Under Curves.
%Pos=13785
%Neg=27339
%LL:-13754.346561569138
%LL:-23221.36819501656

% Running command: java -jar rdnboost/src/edu/wisc/cs/will/DataSetUtils//auc.jar data/seaquest/all/down/train/train_infer/AUC/aucTemp.txt list 0.0
% WAITING FOR command: java -jar rdnboost/src/edu/wisc/cs/will/DataSetUtils//auc.jar data/seaquest/all/down/train/train_infer/AUC/aucTemp.txt list 0.0
% DONE WAITING FOR command: java -jar rdnboost/src/edu/wisc/cs/will/DataSetUtils//auc.jar data/seaquest/all/down/train/train_infer/AUC/aucTemp.txt list 0.0

%   AUC ROC   = 0.729886
%   AUC PR    = 0.537840
%   CLL	      = -0.564667
%   Precision = 0.474096 at threshold = 0.327
%   Recall    = 0.738194
%   F1        = 0.577378

% Total inference time (10 trees): 8.654 seconds.
[END] 2025-11-22 08:30:31 - Action: down (Train Inference)
