[START] 2025-11-06 10:44:07 - Target: action (Train Inference)
args[0] = -i
args[1] = -model
args[3] = -test
args[5] = -target
args[7] = -trees
args[9] = -aucJarPath
cmd.getTestDirVal()data/seaquest/left/train/train_infer/
train_infer
java.io.FileNotFoundException: train_infer\train_infer_bk.txt (No such file or directory)
	at java.base/java.io.FileInputStream.open0(Native Method)
	at java.base/java.io.FileInputStream.open(FileInputStream.java:185)
	at java.base/java.io.FileInputStream.<init>(FileInputStream.java:139)
	at java.base/java.io.FileInputStream.<init>(FileInputStream.java:109)
	at edu.wisc.cs.will.Utils.check_disc.checkflagvalues(check_disc.java:23)
	at edu.wisc.cs.will.Boosting.RDN.RunBoostedRDN.main(RunBoostedRDN.java:508)

% Starting an INFERENCE run of bRDN.
% Running on host: Varuns-MacBook-Air

% Switching to VarIndicator = uppercase.

% Unset'ing VarIndicator.

Resetting the LazyGroundNthArgumentClauseIndex.

% Calling ILPouterLoop from createRegressionOuterLooper.

% getInputArgWithDefaultValue: args=[data/seaquest/left/train/train_infer/train_infer_pos.txt, data/seaquest/left/train/train_infer/train_infer_neg.txt, data/seaquest/left/train/train_infer/train_infer_bk.txt, data/seaquest/left/train/train_infer/train_infer_facts.txt]
%  for N=0: args[N]=data/seaquest/left/train/train_infer/train_infer_pos.txt

% getInputArgWithDefaultValue: args=[data/seaquest/left/train/train_infer/train_infer_pos.txt, data/seaquest/left/train/train_infer/train_infer_neg.txt, data/seaquest/left/train/train_infer/train_infer_bk.txt, data/seaquest/left/train/train_infer/train_infer_facts.txt]
%  for N=1: args[N]=data/seaquest/left/train/train_infer/train_infer_neg.txt

% getInputArgWithDefaultValue: args=[data/seaquest/left/train/train_infer/train_infer_pos.txt, data/seaquest/left/train/train_infer/train_infer_neg.txt, data/seaquest/left/train/train_infer/train_infer_bk.txt, data/seaquest/left/train/train_infer/train_infer_facts.txt]
%  for N=2: args[N]=data/seaquest/left/train/train_infer/train_infer_bk.txt

% getInputArgWithDefaultValue: args=[data/seaquest/left/train/train_infer/train_infer_pos.txt, data/seaquest/left/train/train_infer/train_infer_neg.txt, data/seaquest/left/train/train_infer/train_infer_bk.txt, data/seaquest/left/train/train_infer/train_infer_facts.txt]
%  for N=3: args[N]=data/seaquest/left/train/train_infer/train_infer_facts.txt

% Welcome to the WILL ILP/SRL systems.


% Switching to VarIndicator = uppercase.

% Unset'ing VarIndicator.
% Reading background theory from dir: null

% Switching to VarIndicator = uppercase.

***** Warning: % Since this is the first setting of the notation for variables, will keep:
%   variableIndicator = uppercase *****

% [ LazyGroundClauseIndex ]  Building full index for mode/1 with 1 assertions.
% LoadAllModes() called.  Currently loaded modes: []
% [ LazyGroundClauseIndex ]  Building full index for sameAs/2 with 2 assertions.
% [ LazyGroundNthArgumentClauseIndex ]  Argument 1:  Building full index for exp/3.
% [ LazyGroundNthArgumentClauseIndex ]  Argument 0:  Building full index for log/3.
% LoadAllLibraries() called.  Currently loaded libraries: [listsInLogic, differentInLogic, modes_arithmeticInLogic, inlines_comparisonInLogic, modes_listsInLogic, inlines_differentInLogic, modes_differentInLogic, arithmeticInLogic, inlines_listsInLogic, modes_comparisonInLogic, comparisonInLogic, inlines_arithmeticInLogic]

%  Read the facts.
%  Have read 227,792 facts.
% Have read 2,359 examples from 'data/seaquest/left/train/train_infer' [data/seaquest/left/train/train_infer/train_infer*].
% Have read 57,480 examples from 'data/seaquest/left/train/train_infer' [data/seaquest/left/train/train_infer/train_infer*].

%  LearnOneClause initialized.

% The outer looper has been created.

% Initializing the ILP inner looper.

% NEW target:                 action(D, E)
%  targetPred:                action/2
%  targetArgTypes:            signature = [const, const], types = [+state, #name]
%  targets:                   [action(D, E)]
%  targetPredicates:          [action/2]
%  targetArgSpecs:            [[D[+state], E[#name]]]
%  variablesInTargets:        [[D, E]]

% Started collecting constants

% Collecting the types of constants.

% Looking at the training examples to see if any types of new constants can be inferred.
% Time to collect constants: 362 milliseconds
% Time to collect examples: 0 seconds

% Read 2,359 pos examples and 57,480 neg examples.
% Time to init learnOneClause: 389 milliseconds
% Old dirrdn_models/seaquest/negpos_2_trees_10_depth_4_new/left/

% Have 2,359 'raw' positive examples and kept 2,359.
% Have 57,480 'raw' negative examples and kept 57,480.

% processing backup's for action
%  POS EX = 2,359
%  NEG EX = 57,480

% Memory usage by WILLSetup (just counts # targets?):
%  |backupPosExamples| = 1
%  |backupNegExamples| = 1
%  |predicatesAsFacts| = 0
%  |addedToFactBase|   = 0

% Getting bRDN's target predicates.
% Did not learn a model for 'action' this run.
%   loadModel (#0): rdn_models/seaquest/negpos_2_trees_10_depth_4_new/left/bRDNs/Trees/actionTree0.tree
%   loadModel (#1): rdn_models/seaquest/negpos_2_trees_10_depth_4_new/left/bRDNs/Trees/actionTree1.tree
%   loadModel (#2): rdn_models/seaquest/negpos_2_trees_10_depth_4_new/left/bRDNs/Trees/actionTree2.tree
%   loadModel (#3): rdn_models/seaquest/negpos_2_trees_10_depth_4_new/left/bRDNs/Trees/actionTree3.tree
%   loadModel (#4): rdn_models/seaquest/negpos_2_trees_10_depth_4_new/left/bRDNs/Trees/actionTree4.tree
%   loadModel (#5): rdn_models/seaquest/negpos_2_trees_10_depth_4_new/left/bRDNs/Trees/actionTree5.tree
%   loadModel (#6): rdn_models/seaquest/negpos_2_trees_10_depth_4_new/left/bRDNs/Trees/actionTree6.tree
%   loadModel (#7): rdn_models/seaquest/negpos_2_trees_10_depth_4_new/left/bRDNs/Trees/actionTree7.tree
%   loadModel (#8): rdn_models/seaquest/negpos_2_trees_10_depth_4_new/left/bRDNs/Trees/actionTree8.tree
%   loadModel (#9): rdn_models/seaquest/negpos_2_trees_10_depth_4_new/left/bRDNs/Trees/actionTree9.tree
%  Done loading 10 models.
File: data/seaquest/left/train/train_infer/advice.txt doesnt exist.Hence no advice loaded
% Trying to load weights from: data/seaquest/left/train/train_infer/train_infer_pos_weights.txt

% for action |lookupPos| = 2,359
% for action |lookupNeg| = 57,480
% getJointExamples: |pos| = 2,359, |neg| = 57,480

% Starting inference in bRDN.
% Trees = 10

% Starting getMarginalProbabilities.
% [ LazyGroundClauseIndex ]  Building full index for facingleft/1 with 6,339 assertions.
% [ LazyGroundNthArgumentClauseIndex ]  Argument 0:  Building full index for visiblediver/2.
% [ LazyGroundClauseIndex ]  Building full index for diversnotfull/1 with 8,334 assertions.
% [ LazyGroundNthArgumentClauseIndex ]  Argument 0:  Building full index for visibleenemysubmarine/2.
% [ LazyGroundNthArgumentClauseIndex ]  Argument 0:  Building full index for visibleenemy/2.
% [ LazyGroundClauseIndex ]  Building full index for belowofenemy/2 with 9,919 assertions.
% [ LazyGroundClauseIndex ]  Building full index for samelevelasenemy/2 with 2,708 assertions.
% [ LazyGroundClauseIndex ]  Building full index for nearbyenemy/2 with 1,920 assertions.
% [ LazyGroundClauseIndex ]  Building full index for leftofenemy/2 with 13,484 assertions.
% [ LazyGroundClauseIndex ]  Building full index for aboveofenemy/2 with 19,312 assertions.
% [ LazyGroundNthArgumentClauseIndex ]  Argument 0:  Building full index for visiblemissile/2.
% [ LazyGroundClauseIndex ]  Building full index for samelevelasdiver/2 with 2,149 assertions.
% [ LazyGroundClauseIndex ]  Building full index for aboveofdiver/2 with 4,120 assertions.
% [ LazyGroundClauseIndex ]  Building full index for rightofdiver/2 with 3,161 assertions.
% [ LazyGroundClauseIndex ]  Building full index for rightofenemy/2 with 14,929 assertions.
% [ LazyGroundClauseIndex ]  Building full index for belowofsubmarine/2 with 6,872 assertions.
% [ LazyGroundClauseIndex ]  Building full index for rightofsubmarine/2 with 7,520 assertions.
% [ LazyGroundClauseIndex ]  Building full index for leftofdiver/2 with 3,619 assertions.
% [ LazyGroundClauseIndex ]  Building full index for nearbysubmarine/2 with 792 assertions.
% [ LazyGroundClauseIndex ]  Building full index for diversfull/1 with 1,089 assertions.
% [ LazyGroundClauseIndex ]  Building full index for samelevelassubmarine/2 with 1,523 assertions.
% [ LazyGroundClauseIndex ]  Building full index for diversempty/1 with 2,374 assertions.
% [ LazyGroundClauseIndex ]  Building full index for nearbydiver/2 with 1,248 assertions.
% [ LazyGroundClauseIndex ]  Building full index for leftofmissile/2 with 1,026 assertions.
% [ LazyGroundClauseIndex ]  Building full index for enemyfacingright/2 with 4,252 assertions.
% [ LazyGroundClauseIndex ]  Building full index for aboveofsubmarine/2 with 5,240 assertions.
% [ LazyGroundClauseIndex ]  Building full index for enemyfacingleft/2 with 9,386 assertions.
% [ LazyGroundClauseIndex ]  Building full index for facingright/1 with 5,458 assertions.
% [ LazyGroundClauseIndex ]  Building full index for leftofsubmarine/2 with 4,521 assertions.
% [ LazyGroundClauseIndex ]  Building full index for samelevelasmissile/2 with 216 assertions.
% [ LazyGroundClauseIndex ]  Building full index for belowofdiver/2 with 1,688 assertions.
% [ LazyGroundClauseIndex ]  Building full index for rightofmissile/2 with 1,294 assertions.
% No Gibbs sampling needed during inference.
Best F1 = 1.0
 (Arithmetic) Mean Probability Assigned to Correct Output Class: 48,021.844/59,839.00 = 0.802517

 The weighted count of positive examples = 2,359.000 and the weighted count of negative examples = 57,480.000

printExamples: Writing out predictions (for Tuffy?) on 59,839 examples for 'action' to:
  data/seaquest/left/train/train_infer/results_action.db
 and to:
  data/seaquest/left/train/train_infer/query_action.db

***** Warning: Both regular and gzip'ed versions of this file exist; will use NEWER one:
 data/seaquest/left/train/train_infer/query_action.db *****


***** Warning: Both regular and gzip'ed versions of this file exist; will read NEWER one:
 data/seaquest/left/train/train_infer/query_action.db *****


% Computing Area Under Curves.
%Pos=2359
%Neg=57480
%LL:-1396.2963179847525
%LL:-15308.039121020725

% Running command: java -jar rdnboost/src/edu/wisc/cs/will/DataSetUtils//auc.jar data/seaquest/left/train/train_infer/AUC/aucTemp.txt list 0.0
% WAITING FOR command: java -jar rdnboost/src/edu/wisc/cs/will/DataSetUtils//auc.jar data/seaquest/left/train/train_infer/AUC/aucTemp.txt list 0.0
% DONE WAITING FOR command: java -jar rdnboost/src/edu/wisc/cs/will/DataSetUtils//auc.jar data/seaquest/left/train/train_infer/AUC/aucTemp.txt list 0.0

%   AUC ROC   = 0.921894
%   AUC PR    = 0.482507
%   CLL	      = -0.255820
%   Precision = 0.193431 at threshold = 0.463
%   Recall    = 0.808817
%   F1        = 0.312198

% Total inference time (10 trees): 5.996 seconds.
[END] 2025-11-06 10:44:13 - Target: action (Train Inference)
