[START] 2025-10-20 19:12:20 - Target: up
args[0] = -i
args[1] = -model
args[3] = -test
args[5] = -target
args[7] = -trees
args[9] = -aucJarPath
cmd.getTestDirVal()data/seaquest/up/test/
test
java.io.FileNotFoundException: test\test_bk.txt (No such file or directory)
	at java.base/java.io.FileInputStream.open0(Native Method)
	at java.base/java.io.FileInputStream.open(FileInputStream.java:185)
	at java.base/java.io.FileInputStream.<init>(FileInputStream.java:139)
	at java.base/java.io.FileInputStream.<init>(FileInputStream.java:109)
	at edu.wisc.cs.will.Utils.check_disc.checkflagvalues(check_disc.java:23)
	at edu.wisc.cs.will.Boosting.RDN.RunBoostedRDN.main(RunBoostedRDN.java:515)

% Starting an INFERENCE run of bRDN.
% Running on host: Varuns-MacBook-Air

% Switching to VarIndicator = uppercase.

% Unset'ing VarIndicator.

Resetting the LazyGroundNthArgumentClauseIndex.

% Calling ILPouterLoop from createRegressionOuterLooper.

% getInputArgWithDefaultValue: args=[data/seaquest/up/test/test_pos.txt, data/seaquest/up/test/test_neg.txt, data/seaquest/up/test/test_bk.txt, data/seaquest/up/test/test_facts.txt]
%  for N=0: args[N]=data/seaquest/up/test/test_pos.txt

% getInputArgWithDefaultValue: args=[data/seaquest/up/test/test_pos.txt, data/seaquest/up/test/test_neg.txt, data/seaquest/up/test/test_bk.txt, data/seaquest/up/test/test_facts.txt]
%  for N=1: args[N]=data/seaquest/up/test/test_neg.txt

% getInputArgWithDefaultValue: args=[data/seaquest/up/test/test_pos.txt, data/seaquest/up/test/test_neg.txt, data/seaquest/up/test/test_bk.txt, data/seaquest/up/test/test_facts.txt]
%  for N=2: args[N]=data/seaquest/up/test/test_bk.txt

% getInputArgWithDefaultValue: args=[data/seaquest/up/test/test_pos.txt, data/seaquest/up/test/test_neg.txt, data/seaquest/up/test/test_bk.txt, data/seaquest/up/test/test_facts.txt]
%  for N=3: args[N]=data/seaquest/up/test/test_facts.txt

% Welcome to the WILL ILP/SRL systems.


% Switching to VarIndicator = uppercase.

% Unset'ing VarIndicator.
% Reading background theory from dir: null

% Switching to VarIndicator = uppercase.

***** Warning: % Since this is the first setting of the notation for variables, will keep:
%   variableIndicator = uppercase *****

% [ LazyGroundClauseIndex ]  Building full index for mode/1 with 1 assertions.
% LoadAllModes() called.  Currently loaded modes: []
% [ LazyGroundClauseIndex ]  Building full index for sameAs/2 with 2 assertions.
% [ LazyGroundNthArgumentClauseIndex ]  Argument 1:  Building full index for exp/3.
% [ LazyGroundNthArgumentClauseIndex ]  Argument 0:  Building full index for log/3.
% LoadAllLibraries() called.  Currently loaded libraries: [listsInLogic, differentInLogic, modes_arithmeticInLogic, inlines_comparisonInLogic, modes_listsInLogic, inlines_differentInLogic, modes_differentInLogic, arithmeticInLogic, inlines_listsInLogic, modes_comparisonInLogic, comparisonInLogic, inlines_arithmeticInLogic]

%  Read the facts.
%  Have read 56,966 facts.
% Have read 505 examples from 'data/seaquest/up/test' [data/seaquest/up/test/test*].
% Have read 2,480 examples from 'data/seaquest/up/test' [data/seaquest/up/test/test*].

%  LearnOneClause initialized.

% The outer looper has been created.
%     totalPosWeight = 505.0  minPosCoverage = 2.0
%     totalPosWeight = 505.0  minPosCoverage = 12.625
%     totalPosWeight = 505.0  minPosCoverage = 0.025
%     maxPossiblePrecision = 0.9998020194020986  minPrecision = 3.0

% Initializing the ILP inner looper.

% NEW target:                 up(D)
%  targetPred:                up/1
%  targetArgTypes:            signature = [const], types = [+state]
%  targets:                   [up(D)]
%  targetPredicates:          [up/1]
%  targetArgSpecs:            [[D[+state]]]
%  variablesInTargets:        [[D]]

% Started collecting constants

% Collecting the types of constants.

% Looking at the training examples to see if any types of new constants can be inferred.
% Time to collect constants: 103 milliseconds
% Time to collect examples: 0 seconds

% Read 505 pos examples and 2,480 neg examples.
% Time to init learnOneClause: 112 milliseconds
% Old dirrdn_models/seaquest/unweighted_negpos_2_trees_1_depth_3/up/

% Have 505 'raw' positive examples and kept 505.
% Have 2,480 'raw' negative examples and kept 2,480.

% processing backup's for up
%  POS EX = 505
%  NEG EX = 2,480

% Memory usage by WILLSetup (just counts # targets?):
%  |backupPosExamples| = 1
%  |backupNegExamples| = 1
%  |predicatesAsFacts| = 0
%  |addedToFactBase|   = 0

% Getting bRDN's target predicates.
% Did not learn a model for 'up' this run.
%   loadModel (#0): rdn_models/seaquest/unweighted_negpos_2_trees_1_depth_3/up/bRDNs/Trees/upTree0.tree
%  Done loading 1 models.
File: data/seaquest/up/test/advice.txt doesnt exist.Hence no advice loaded

% for up |lookupPos| = 505
% for up |lookupNeg| = 2,480
% getJointExamples: |pos| = 505, |neg| = 2,480

% Starting inference in bRDN.
% Trees = 1

% Starting getMarginalProbabilities.
% [ LazyGroundNthArgumentClauseIndex ]  Argument 0:  Building full index for visibleenemy/2.
% [ LazyGroundClauseIndex ]  Building full index for belowofenemy/2 with 2,486 assertions.
% [ LazyGroundNthArgumentClauseIndex ]  Argument 0:  Building full index for visiblediver/2.
% [ LazyGroundClauseIndex ]  Building full index for diversfull/1 with 250 assertions.
% [ LazyGroundClauseIndex ]  Building full index for samelevelasenemy/2 with 651 assertions.
% [ LazyGroundClauseIndex ]  Building full index for samelevelasdiver/2 with 544 assertions.
% [ LazyGroundClauseIndex ]  Building full index for diversnotfull/1 with 2,132 assertions.
% [ LazyGroundClauseIndex ]  Building full index for belowofdiver/2 with 404 assertions.
% [ LazyGroundClauseIndex ]  Building full index for leftofenemy/2 with 3,467 assertions.
% [ LazyGroundClauseIndex ]  Building full index for facingleft/1 with 1,575 assertions.
% [ LazyGroundNthArgumentClauseIndex ]  Argument 0:  Building full index for visibleenemysubmarine/2.
% [ LazyGroundClauseIndex ]  Building full index for belowofsubmarine/2 with 1,782 assertions.
% [ LazyGroundClauseIndex ]  Building full index for leftofdiver/2 with 926 assertions.
% [ LazyGroundNthArgumentClauseIndex ]  Argument 0:  Building full index for visiblemissile/2.
% [ LazyGroundClauseIndex ]  Building full index for samelevelassubmarine/2 with 368 assertions.
% [ LazyGroundClauseIndex ]  Building full index for nearbydiver/2 with 339 assertions.
% [ LazyGroundClauseIndex ]  Building full index for diversempty/1 with 575 assertions.
% No Gibbs sampling needed during inference.
Best F1 = 1.0
 (Arithmetic) Mean Probability Assigned to Correct Output Class: 2,180.474/2,985.00 = 0.730477

 The weighted count of positive examples = 505.000 and the weighted count of negative examples = 2,480.000

printExamples: Writing out predictions (for Tuffy?) on 2,985 examples for 'up' to:
  data/seaquest/up/test/results_up.db
 and to:
  data/seaquest/up/test/query_up.db
%    No need to compress since small: data/seaquest/up/test/query_up.db

% Computing Area Under Curves.
%Pos=505
%Neg=2480
%LL:-843.0157051919239
%LL:-1275.970171243295

% Running command: java -jar rdnboost/src/edu/wisc/cs/will/DataSetUtils//auc.jar data/seaquest/up/test/AUC/aucTemp.txt list 0.0
% WAITING FOR command: java -jar rdnboost/src/edu/wisc/cs/will/DataSetUtils//auc.jar data/seaquest/up/test/AUC/aucTemp.txt list 0.0
% DONE WAITING FOR command: java -jar rdnboost/src/edu/wisc/cs/will/DataSetUtils//auc.jar data/seaquest/up/test/AUC/aucTemp.txt list 0.0

%   AUC ROC   = 0.762224
%   AUC PR    = 0.390243
%   CLL	      = -0.427461
%   Precision = 0.463602 at threshold = 0.209
%   Recall    = 0.239604
%   F1        = 0.315927

% Total inference time (1 trees): 629 milliseconds.
[END] 2025-10-20 19:12:21 - Target: up

