[START] 2025-11-28 12:03:46 - Action: down (Train Inference)
args[0] = -i
args[1] = -model
args[3] = -test
args[5] = -target
args[7] = -trees
args[9] = -testNegPosRatio
args[11] = -seed
args[13] = -aucJarPath
cmd.getTestDirVal()rdn_models/seaquest/all/negpos_2_trees_1_depth_1/down/seed_42/train_infer/
train_infer
java.io.FileNotFoundException: train_infer\train_infer_bk.txt (No such file or directory)
	at java.io.FileInputStream.open0(Native Method)
	at java.io.FileInputStream.open(FileInputStream.java:195)
	at java.io.FileInputStream.<init>(FileInputStream.java:138)
	at java.io.FileInputStream.<init>(FileInputStream.java:93)
	at edu.wisc.cs.will.Utils.check_disc.checkflagvalues(check_disc.java:23)
	at edu.wisc.cs.will.Boosting.RDN.RunBoostedRDN.main(RunBoostedRDN.java:517)

% Starting an INFERENCE run of bRDN.
% Running on host: xps-np

% Switching to VarIndicator = uppercase.

% Unset'ing VarIndicator.

Resetting the LazyGroundNthArgumentClauseIndex.

% Calling ILPouterLoop from createRegressionOuterLooper.

% getInputArgWithDefaultValue: args=[rdn_models/seaquest/all/negpos_2_trees_1_depth_1/down/seed_42/train_infer/train_infer_pos.txt, rdn_models/seaquest/all/negpos_2_trees_1_depth_1/down/seed_42/train_infer/train_infer_neg.txt, rdn_models/seaquest/all/negpos_2_trees_1_depth_1/down/seed_42/train_infer/train_infer_bk.txt, rdn_models/seaquest/all/negpos_2_trees_1_depth_1/down/seed_42/train_infer/train_infer_facts.txt]
%  for N=0: args[N]=rdn_models/seaquest/all/negpos_2_trees_1_depth_1/down/seed_42/train_infer/train_infer_pos.txt

% getInputArgWithDefaultValue: args=[rdn_models/seaquest/all/negpos_2_trees_1_depth_1/down/seed_42/train_infer/train_infer_pos.txt, rdn_models/seaquest/all/negpos_2_trees_1_depth_1/down/seed_42/train_infer/train_infer_neg.txt, rdn_models/seaquest/all/negpos_2_trees_1_depth_1/down/seed_42/train_infer/train_infer_bk.txt, rdn_models/seaquest/all/negpos_2_trees_1_depth_1/down/seed_42/train_infer/train_infer_facts.txt]
%  for N=1: args[N]=rdn_models/seaquest/all/negpos_2_trees_1_depth_1/down/seed_42/train_infer/train_infer_neg.txt

% getInputArgWithDefaultValue: args=[rdn_models/seaquest/all/negpos_2_trees_1_depth_1/down/seed_42/train_infer/train_infer_pos.txt, rdn_models/seaquest/all/negpos_2_trees_1_depth_1/down/seed_42/train_infer/train_infer_neg.txt, rdn_models/seaquest/all/negpos_2_trees_1_depth_1/down/seed_42/train_infer/train_infer_bk.txt, rdn_models/seaquest/all/negpos_2_trees_1_depth_1/down/seed_42/train_infer/train_infer_facts.txt]
%  for N=2: args[N]=rdn_models/seaquest/all/negpos_2_trees_1_depth_1/down/seed_42/train_infer/train_infer_bk.txt

% getInputArgWithDefaultValue: args=[rdn_models/seaquest/all/negpos_2_trees_1_depth_1/down/seed_42/train_infer/train_infer_pos.txt, rdn_models/seaquest/all/negpos_2_trees_1_depth_1/down/seed_42/train_infer/train_infer_neg.txt, rdn_models/seaquest/all/negpos_2_trees_1_depth_1/down/seed_42/train_infer/train_infer_bk.txt, rdn_models/seaquest/all/negpos_2_trees_1_depth_1/down/seed_42/train_infer/train_infer_facts.txt]
%  for N=3: args[N]=rdn_models/seaquest/all/negpos_2_trees_1_depth_1/down/seed_42/train_infer/train_infer_facts.txt

% Welcome to the WILL ILP/SRL systems.


% Switching to VarIndicator = uppercase.

% Unset'ing VarIndicator.
% Reading background theory from dir: null

% Switching to VarIndicator = uppercase.

***** Warning: % Since this is the first setting of the notation for variables, will keep:
%   variableIndicator = uppercase *****

% [ LazyGroundClauseIndex ]  Building full index for mode/1 with 1 assertions.
% LoadAllModes() called.  Currently loaded modes: []
% [ LazyGroundClauseIndex ]  Building full index for sameAs/2 with 2 assertions.
% [ LazyGroundNthArgumentClauseIndex ]  Argument 1:  Building full index for exp/3.
% [ LazyGroundNthArgumentClauseIndex ]  Argument 0:  Building full index for log/3.
% LoadAllLibraries() called.  Currently loaded libraries: [listsInLogic, differentInLogic, modes_arithmeticInLogic, inlines_comparisonInLogic, modes_listsInLogic, inlines_differentInLogic, modes_differentInLogic, arithmeticInLogic, inlines_listsInLogic, modes_comparisonInLogic, comparisonInLogic, inlines_arithmeticInLogic]

%  Read the facts.
%  Have read 1,820,826 facts.
% Have read 13,785 examples from 'rdn_models/seaquest/all/negpos_2_trees_1_depth_1/down/seed_42/train_infer' [rdn_models/seaquest/all/negpos_2_trees_1_depth_1/down/seed_42/train_infer/train_infer*].
% Have read 340,070 examples from 'rdn_models/seaquest/all/negpos_2_trees_1_depth_1/down/seed_42/train_infer' [rdn_models/seaquest/all/negpos_2_trees_1_depth_1/down/seed_42/train_infer/train_infer*].

%  LearnOneClause initialized.

% The outer looper has been created.

% Initializing the ILP inner looper.

% NEW target:                 action(D, E)
%  targetPred:                action/2
%  targetArgTypes:            signature = [const, const], types = [+state, #name]
%  targets:                   [action(D, E)]
%  targetPredicates:          [action/2]
%  targetArgSpecs:            [[D[+state], E[#name]]]
%  variablesInTargets:        [[D, E]]

% Started collecting constants

% Collecting the types of constants.

% Looking at the training examples to see if any types of new constants can be inferred.
% Time to collect constants: 3 seconds
% Time to collect examples: 0 seconds

% Read 13,785 pos examples and 340,070 neg examples.
% Time to init learnOneClause: 3 seconds
% Old dirrdn_models/seaquest/all/negpos_2_trees_1_depth_1/down/seed_42/

% Have 13,785 'raw' positive examples and kept 13,785.
% Have 340,070 'raw' negative examples and kept 340,070.

% processing backup's for action
%  POS EX = 13,785
%  NEG EX = 340,070

% Memory usage by WILLSetup (just counts # targets?):
%  |backupPosExamples| = 1
%  |backupNegExamples| = 1
%  |predicatesAsFacts| = 0
%  |addedToFactBase|   = 0

% Getting bRDN's target predicates.
% Did not learn a model for 'action' this run.
%   loadModel (#0): rdn_models/seaquest/all/negpos_2_trees_1_depth_1/down/seed_42/bRDNs/Trees/actionTree0.tree
%  Done loading 1 models.
File: rdn_models/seaquest/all/negpos_2_trees_1_depth_1/down/seed_42/train_infer/advice.txt doesnt exist.Hence no advice loaded

% for action |lookupPos| = 13,785
% for action |lookupNeg| = 340,070
% getJointExamples: |pos| = 13,785, |neg| = 340,070

% Starting inference in bRDN.
% Initial size of testset negs: 340,070 for action
% Final size of negs: 27,483 for action
% Trees = 1

% Starting getMarginalProbabilities.
% [ LazyGroundClauseIndex ]  Building full index for belowwatersurface/1 with 59,204 assertions.
% [ LazyGroundNthArgumentClauseIndex ]  Argument 0:  Building full index for visiblediver/2.
% [ LazyGroundClauseIndex ]  Building full index for aboveofdiver/2 with 47,497 assertions.
% [ LazyGroundNthArgumentClauseIndex ]  Argument 0:  Building full index for visibleenemy/2.
% No Gibbs sampling needed during inference.
Best F1 = 1.0
 (Arithmetic) Mean Probability Assigned to Correct Output Class: 25,580.092/41,268.00 = 0.619853

 The weighted count of positive examples = 13,785.000 and the weighted count of negative examples = 27,483.000

printExamples: Writing out predictions (for Tuffy?) on 41,268 examples for 'action' to:
  rdn_models/seaquest/all/negpos_2_trees_1_depth_1/down/seed_42/train_infer/results_action.db
 and to:
  rdn_models/seaquest/all/negpos_2_trees_1_depth_1/down/seed_42/train_infer/query_action.db

***** Warning: Both regular and gzip'ed versions of this file exist; will use NEWER one:
 rdn_models/seaquest/all/negpos_2_trees_1_depth_1/down/seed_42/train_infer/query_action.db *****


***** Warning: Both regular and gzip'ed versions of this file exist; will read NEWER one:
 rdn_models/seaquest/all/negpos_2_trees_1_depth_1/down/seed_42/train_infer/query_action.db *****


% Computing Area Under Curves.
%Pos=13785
%Neg=27483
%LL:-23432.73151850626
%LL:-28278.000611960582

% Running command: java -jar rdnboost/src/edu/wisc/cs/will/DataSetUtils//auc.jar rdn_models/seaquest/all/negpos_2_trees_1_depth_1/down/seed_42/train_infer/AUC/aucTemp.txt list 0.0
% WAITING FOR command: java -jar rdnboost/src/edu/wisc/cs/will/DataSetUtils//auc.jar rdn_models/seaquest/all/negpos_2_trees_1_depth_1/down/seed_42/train_infer/AUC/aucTemp.txt list 0.0
% DONE WAITING FOR command: java -jar rdnboost/src/edu/wisc/cs/will/DataSetUtils//auc.jar rdn_models/seaquest/all/negpos_2_trees_1_depth_1/down/seed_42/train_infer/AUC/aucTemp.txt list 0.0

%   AUC ROC   = 0.727352
%   AUC PR    = 0.501651
%   CLL	      = -0.685228
%   Precision = 0.529113 at threshold = 0.181
%   Recall    = 0.582735
%   F1        = 0.554631

% Total inference time (1 trees): 10.232 seconds.
[END] 2025-11-28 12:03:56 - Action: down (Train Inference)
