[START] 2025-11-29 14:25:34 - Action: fire (Train Inference)
args[0] = -i
args[1] = -model
args[3] = -test
args[5] = -target
args[7] = -trees
args[9] = -testNegPosRatio
args[11] = -aucJarPath
cmd.getTestDirVal()data/demonattack/all/fire/train/train_infer/
train_infer
java.io.FileNotFoundException: train_infer\train_infer_bk.txt (No such file or directory)
	at java.base/java.io.FileInputStream.open0(Native Method)
	at java.base/java.io.FileInputStream.open(FileInputStream.java:185)
	at java.base/java.io.FileInputStream.<init>(FileInputStream.java:139)
	at java.base/java.io.FileInputStream.<init>(FileInputStream.java:109)
	at edu.wisc.cs.will.Utils.check_disc.checkflagvalues(check_disc.java:23)
	at edu.wisc.cs.will.Boosting.RDN.RunBoostedRDN.main(RunBoostedRDN.java:517)

% Starting an INFERENCE run of bRDN.
% Running on host: Varuns-Air

% Switching to VarIndicator = uppercase.

% Unset'ing VarIndicator.

Resetting the LazyGroundNthArgumentClauseIndex.

% Calling ILPouterLoop from createRegressionOuterLooper.

% getInputArgWithDefaultValue: args=[data/demonattack/all/fire/train/train_infer/train_infer_pos.txt, data/demonattack/all/fire/train/train_infer/train_infer_neg.txt, data/demonattack/all/fire/train/train_infer/train_infer_bk.txt, data/demonattack/all/fire/train/train_infer/train_infer_facts.txt]
%  for N=0: args[N]=data/demonattack/all/fire/train/train_infer/train_infer_pos.txt

% getInputArgWithDefaultValue: args=[data/demonattack/all/fire/train/train_infer/train_infer_pos.txt, data/demonattack/all/fire/train/train_infer/train_infer_neg.txt, data/demonattack/all/fire/train/train_infer/train_infer_bk.txt, data/demonattack/all/fire/train/train_infer/train_infer_facts.txt]
%  for N=1: args[N]=data/demonattack/all/fire/train/train_infer/train_infer_neg.txt

% getInputArgWithDefaultValue: args=[data/demonattack/all/fire/train/train_infer/train_infer_pos.txt, data/demonattack/all/fire/train/train_infer/train_infer_neg.txt, data/demonattack/all/fire/train/train_infer/train_infer_bk.txt, data/demonattack/all/fire/train/train_infer/train_infer_facts.txt]
%  for N=2: args[N]=data/demonattack/all/fire/train/train_infer/train_infer_bk.txt

% getInputArgWithDefaultValue: args=[data/demonattack/all/fire/train/train_infer/train_infer_pos.txt, data/demonattack/all/fire/train/train_infer/train_infer_neg.txt, data/demonattack/all/fire/train/train_infer/train_infer_bk.txt, data/demonattack/all/fire/train/train_infer/train_infer_facts.txt]
%  for N=3: args[N]=data/demonattack/all/fire/train/train_infer/train_infer_facts.txt

% Welcome to the WILL ILP/SRL systems.


% Switching to VarIndicator = uppercase.

% Unset'ing VarIndicator.
% Reading background theory from dir: null

% Switching to VarIndicator = uppercase.

***** Warning: % Since this is the first setting of the notation for variables, will keep:
%   variableIndicator = uppercase *****

% [ LazyGroundClauseIndex ]  Building full index for mode/1 with 1 assertions.
% LoadAllModes() called.  Currently loaded modes: []
% [ LazyGroundClauseIndex ]  Building full index for sameAs/2 with 2 assertions.
% [ LazyGroundNthArgumentClauseIndex ]  Argument 1:  Building full index for exp/3.
% [ LazyGroundNthArgumentClauseIndex ]  Argument 0:  Building full index for log/3.
% LoadAllLibraries() called.  Currently loaded libraries: [listsInLogic, differentInLogic, modes_arithmeticInLogic, inlines_comparisonInLogic, modes_listsInLogic, inlines_differentInLogic, modes_differentInLogic, arithmeticInLogic, inlines_listsInLogic, modes_comparisonInLogic, comparisonInLogic, inlines_arithmeticInLogic]

%  Read the facts.
%  Have read 769,895 facts.
% Have read 23,033 examples from 'data/demonattack/all/fire/train/train_infer' [data/demonattack/all/fire/train/train_infer/train_infer*].
% Have read 305,304 examples from 'data/demonattack/all/fire/train/train_infer' [data/demonattack/all/fire/train/train_infer/train_infer*].

%  LearnOneClause initialized.

% The outer looper has been created.

% Initializing the ILP inner looper.

% NEW target:                 action(D, E)
%  targetPred:                action/2
%  targetArgTypes:            signature = [const, const], types = [+state, #name]
%  targets:                   [action(D, E)]
%  targetPredicates:          [action/2]
%  targetArgSpecs:            [[D[+state], E[#name]]]
%  variablesInTargets:        [[D, E]]

% Started collecting constants

% Collecting the types of constants.

% Looking at the training examples to see if any types of new constants can be inferred.
% Time to collect constants: 2 seconds
% Time to collect examples: 0 seconds

% Read 23,033 pos examples and 305,304 neg examples.
% Time to init learnOneClause: 2 seconds
% Old dirrdn_models/demonattack/all/negpos_2_trees_1_depth_3/fire/

% Have 23,033 'raw' positive examples and kept 23,033.
% Have 305,304 'raw' negative examples and kept 305,304.

% processing backup's for action
%  POS EX = 23,033
%  NEG EX = 305,304

% Memory usage by WILLSetup (just counts # targets?):
%  |backupPosExamples| = 1
%  |backupNegExamples| = 1
%  |predicatesAsFacts| = 0
%  |addedToFactBase|   = 0

% Getting bRDN's target predicates.
% Did not learn a model for 'action' this run.
%   loadModel (#0): rdn_models/demonattack/all/negpos_2_trees_1_depth_3/fire/bRDNs/Trees/actionTree0.tree
%  Done loading 1 models.
File: data/demonattack/all/fire/train/train_infer/advice.txt doesnt exist.Hence no advice loaded

% for action |lookupPos| = 23,033
% for action |lookupNeg| = 305,304
% getJointExamples: |pos| = 23,033, |neg| = 305,304

% Starting inference in bRDN.
% Initial size of testset negs: 305,304 for action
% Final size of negs: 45,946 for action
% Trees = 1

% Starting getMarginalProbabilities.
% [ LazyGroundNthArgumentClauseIndex ]  Argument 0:  Building full index for visibleplayermissile/2.
% [ LazyGroundClauseIndex ]  Building full index for fireready/2 with 48,666 assertions.
% [ LazyGroundNthArgumentClauseIndex ]  Argument 0:  Building full index for visibleenemy/2.
% [ LazyGroundClauseIndex ]  Building full index for enemydirectlyabove/2 with 56,057 assertions.
% [ LazyGroundNthArgumentClauseIndex ]  Argument 0:  Building full index for visibleenemymissile/2.
% [ LazyGroundClauseIndex ]  Building full index for leftofenemy/2 with 94,843 assertions.
% [ LazyGroundClauseIndex ]  Building full index for enemymissiledirectlyabove/2 with 6,372 assertions.
% [ LazyGroundClauseIndex ]  Building full index for nearbymissile/2 with 33,883 assertions.
% [ LazyGroundClauseIndex ]  Building full index for rightofenemy/2 with 78,382 assertions.
% No Gibbs sampling needed during inference.
Best F1 = 1.0
 (Arithmetic) Mean Probability Assigned to Correct Output Class: 42,679.814/68,979.00 = 0.618736

 The weighted count of positive examples = 23,033.000 and the weighted count of negative examples = 45,946.000

printExamples: Writing out predictions (for Tuffy?) on 68,979 examples for 'action' to:
  data/demonattack/all/fire/train/train_infer/results_action.db
 and to:
  data/demonattack/all/fire/train/train_infer/query_action.db

***** Warning: Both regular and gzip'ed versions of this file exist; will use NEWER one:
 data/demonattack/all/fire/train/train_infer/query_action.db *****


***** Warning: Both regular and gzip'ed versions of this file exist; will read NEWER one:
 data/demonattack/all/fire/train/train_infer/query_action.db *****


% Computing Area Under Curves.
%Pos=23033
%Neg=45946
%LL:-39450.3473135051
%LL:-47587.57647558862

% Running command: java -jar rdnboost/src/edu/wisc/cs/will/DataSetUtils/auc.jar data/demonattack/all/fire/train/train_infer/AUC/aucTemp.txt list 0.0
% WAITING FOR command: java -jar rdnboost/src/edu/wisc/cs/will/DataSetUtils/auc.jar data/demonattack/all/fire/train/train_infer/AUC/aucTemp.txt list 0.0
% DONE WAITING FOR command: java -jar rdnboost/src/edu/wisc/cs/will/DataSetUtils/auc.jar data/demonattack/all/fire/train/train_infer/AUC/aucTemp.txt list 0.0

%   AUC ROC   = 0.720099
%   AUC PR    = 0.497614
%   CLL	      = -0.689885
%   Precision = 0.474834 at threshold = 0.169
%   Recall    = 0.814657
%   F1        = 0.599968

% Total inference time (1 trees): 6.448 seconds.
[END] 2025-11-29 14:25:41 - Action: fire (Train Inference)
