[START] 2025-10-20 21:46:05 - Target: fire
args[0] = -i
args[1] = -model
args[3] = -test
args[5] = -target
args[7] = -trees
args[9] = -aucJarPath
cmd.getTestDirVal()data/seaquest/fire/test/
test
java.io.FileNotFoundException: test\test_bk.txt (No such file or directory)
	at java.io.FileInputStream.open0(Native Method)
	at java.io.FileInputStream.open(FileInputStream.java:195)
	at java.io.FileInputStream.<init>(FileInputStream.java:138)
	at java.io.FileInputStream.<init>(FileInputStream.java:93)
	at edu.wisc.cs.will.Utils.check_disc.checkflagvalues(check_disc.java:23)
	at edu.wisc.cs.will.Boosting.RDN.RunBoostedRDN.main(RunBoostedRDN.java:515)

% Starting an INFERENCE run of bRDN.
% Running on host: xps-np

% Switching to VarIndicator = uppercase.

% Unset'ing VarIndicator.

Resetting the LazyGroundNthArgumentClauseIndex.

% Calling ILPouterLoop from createRegressionOuterLooper.

% getInputArgWithDefaultValue: args=[data/seaquest/fire/test/test_pos.txt, data/seaquest/fire/test/test_neg.txt, data/seaquest/fire/test/test_bk.txt, data/seaquest/fire/test/test_facts.txt]
%  for N=0: args[N]=data/seaquest/fire/test/test_pos.txt

% getInputArgWithDefaultValue: args=[data/seaquest/fire/test/test_pos.txt, data/seaquest/fire/test/test_neg.txt, data/seaquest/fire/test/test_bk.txt, data/seaquest/fire/test/test_facts.txt]
%  for N=1: args[N]=data/seaquest/fire/test/test_neg.txt

% getInputArgWithDefaultValue: args=[data/seaquest/fire/test/test_pos.txt, data/seaquest/fire/test/test_neg.txt, data/seaquest/fire/test/test_bk.txt, data/seaquest/fire/test/test_facts.txt]
%  for N=2: args[N]=data/seaquest/fire/test/test_bk.txt

% getInputArgWithDefaultValue: args=[data/seaquest/fire/test/test_pos.txt, data/seaquest/fire/test/test_neg.txt, data/seaquest/fire/test/test_bk.txt, data/seaquest/fire/test/test_facts.txt]
%  for N=3: args[N]=data/seaquest/fire/test/test_facts.txt

% Welcome to the WILL ILP/SRL systems.


% Switching to VarIndicator = uppercase.

% Unset'ing VarIndicator.
% Reading background theory from dir: null

% Switching to VarIndicator = uppercase.

***** Warning: % Since this is the first setting of the notation for variables, will keep:
%   variableIndicator = uppercase *****

% [ LazyGroundClauseIndex ]  Building full index for mode/1 with 1 assertions.
% LoadAllModes() called.  Currently loaded modes: []
% [ LazyGroundClauseIndex ]  Building full index for sameAs/2 with 2 assertions.
% [ LazyGroundNthArgumentClauseIndex ]  Argument 1:  Building full index for exp/3.
% [ LazyGroundNthArgumentClauseIndex ]  Argument 0:  Building full index for log/3.
% LoadAllLibraries() called.  Currently loaded libraries: [listsInLogic, differentInLogic, modes_arithmeticInLogic, inlines_comparisonInLogic, modes_listsInLogic, inlines_differentInLogic, modes_differentInLogic, arithmeticInLogic, inlines_listsInLogic, modes_comparisonInLogic, comparisonInLogic, inlines_arithmeticInLogic]

%  Read the facts.
%  Have read 56,966 facts.
% Have read 78 examples from 'data/seaquest/fire/test' [data/seaquest/fire/test/test*].
% Have read 2,907 examples from 'data/seaquest/fire/test' [data/seaquest/fire/test/test*].

%  LearnOneClause initialized.

% The outer looper has been created.
%     totalPosWeight = 78.0  minPosCoverage = 2.0
%     totalPosWeight = 78.0  minPosCoverage = 1.9500000000000002
%     totalPosWeight = 78.0  minPosCoverage = 0.025
%     maxPossiblePrecision = 0.9987195902688861  minPrecision = 3.0

% Initializing the ILP inner looper.

% NEW target:                 fire(D)
%  targetPred:                fire/1
%  targetArgTypes:            signature = [const], types = [+state]
%  targets:                   [fire(D)]
%  targetPredicates:          [fire/1]
%  targetArgSpecs:            [[D[+state]]]
%  variablesInTargets:        [[D]]

% Started collecting constants

% Collecting the types of constants.

% Looking at the training examples to see if any types of new constants can be inferred.
% Time to collect constants: 237 milliseconds
% Time to collect examples: 0 seconds

% Read 78 pos examples and 2,907 neg examples.
% Time to init learnOneClause: 266 milliseconds
% Old dirrdn_models/seaquest/unweighted_negpos_2_trees_1_depth_8_w_abstraction/fire/

% Have 78 'raw' positive examples and kept 78.
% Have 2,907 'raw' negative examples and kept 2,907.

% processing backup's for fire
%  POS EX = 78
%  NEG EX = 2,907

% Memory usage by WILLSetup (just counts # targets?):
%  |backupPosExamples| = 1
%  |backupNegExamples| = 1
%  |predicatesAsFacts| = 0
%  |addedToFactBase|   = 0

% Getting bRDN's target predicates.
% Did not learn a model for 'fire' this run.
%   loadModel (#0): rdn_models/seaquest/unweighted_negpos_2_trees_1_depth_8_w_abstraction/fire/bRDNs/Trees/fireTree0.tree
%  Done loading 1 models.
File: data/seaquest/fire/test/advice.txt doesnt exist.Hence no advice loaded

% for fire |lookupPos| = 78
% for fire |lookupNeg| = 2,907
% getJointExamples: |pos| = 78, |neg| = 2,907

% Starting inference in bRDN.
% Trees = 1

% Starting getMarginalProbabilities.
% [ LazyGroundNthArgumentClauseIndex ]  Argument 0:  Building full index for visibleenemy/2.
% [ LazyGroundNthArgumentClauseIndex ]  Argument 0:  Building full index for visiblediver/2.
% [ LazyGroundClauseIndex ]  Building full index for belowofdiver/2 with 404 assertions.
% [ LazyGroundClauseIndex ]  Building full index for nearbydiver/2 with 339 assertions.
% [ LazyGroundNthArgumentClauseIndex ]  Argument 0:  Building full index for visiblemissile/2.
% [ LazyGroundClauseIndex ]  Building full index for leftofdiver/2 with 926 assertions.
% [ LazyGroundClauseIndex ]  Building full index for samelevelasenemy/2 with 651 assertions.
% [ LazyGroundNthArgumentClauseIndex ]  Argument 0:  Building full index for visibleenemysubmarine/2.
% [ LazyGroundClauseIndex ]  Building full index for diversempty/1 with 575 assertions.
% [ LazyGroundClauseIndex ]  Building full index for leftofenemy/2 with 3,467 assertions.
% [ LazyGroundClauseIndex ]  Building full index for facingleft/1 with 1,575 assertions.
% [ LazyGroundClauseIndex ]  Building full index for diversnotfull/1 with 2,132 assertions.
% [ LazyGroundClauseIndex ]  Building full index for aboveofsubmarine/2 with 1,327 assertions.
% [ LazyGroundClauseIndex ]  Building full index for rightofsubmarine/2 with 1,899 assertions.
% [ LazyGroundClauseIndex ]  Building full index for leftofsubmarine/2 with 1,179 assertions.
% [ LazyGroundClauseIndex ]  Building full index for belowofsubmarine/2 with 1,782 assertions.
% [ LazyGroundClauseIndex ]  Building full index for rightofenemy/2 with 3,532 assertions.
% [ LazyGroundClauseIndex ]  Building full index for nearbyenemy/2 with 475 assertions.
% [ LazyGroundClauseIndex ]  Building full index for belowofenemy/2 with 2,486 assertions.
% [ LazyGroundClauseIndex ]  Building full index for facingright/1 with 1,382 assertions.
% [ LazyGroundClauseIndex ]  Building full index for nearbysubmarine/2 with 182 assertions.
% [ LazyGroundClauseIndex ]  Building full index for enemyfacingright/2 with 1,095 assertions.
% [ LazyGroundClauseIndex ]  Building full index for aboveofenemy/2 with 4,740 assertions.
% [ LazyGroundClauseIndex ]  Building full index for enemyfacingleft/2 with 2,382 assertions.
% [ LazyGroundClauseIndex ]  Building full index for rightofdiver/2 with 779 assertions.
% [ LazyGroundClauseIndex ]  Building full index for samelevelasdiver/2 with 544 assertions.
% [ LazyGroundClauseIndex ]  Building full index for diversfull/1 with 250 assertions.
% [ LazyGroundClauseIndex ]  Building full index for samelevelassubmarine/2 with 368 assertions.
% [ LazyGroundClauseIndex ]  Building full index for aboveofdiver/2 with 1,057 assertions.
% No Gibbs sampling needed during inference.
Best F1 = 1.0
 (Arithmetic) Mean Probability Assigned to Correct Output Class: 2,498.647/2,985.00 = 0.837068

 The weighted count of positive examples = 78.000 and the weighted count of negative examples = 2,907.000

printExamples: Writing out predictions (for Tuffy?) on 2,985 examples for 'fire' to:
  data/seaquest/fire/test/results_fire.db
 and to:
  data/seaquest/fire/test/query_fire.db
%    No need to compress since small: data/seaquest/fire/test/query_fire.db

% Computing Area Under Curves.
%Pos=78
%Neg=2907
%LL:-108.88969764939965
%LL:-575.8893965151955

% Running command: java -jar rdnboost/src/edu/wisc/cs/will/DataSetUtils//auc.jar data/seaquest/fire/test/AUC/aucTemp.txt list 0.0
% WAITING FOR command: java -jar rdnboost/src/edu/wisc/cs/will/DataSetUtils//auc.jar data/seaquest/fire/test/AUC/aucTemp.txt list 0.0
% DONE WAITING FOR command: java -jar rdnboost/src/edu/wisc/cs/will/DataSetUtils//auc.jar data/seaquest/fire/test/AUC/aucTemp.txt list 0.0

%   AUC ROC   = 0.925527
%   AUC PR    = 0.198620
%   CLL	      = -0.192928
%   Precision = 0.166271 at threshold = 0.203
%   Recall    = 0.897436
%   F1        = 0.280561

% Total inference time (1 trees): 2.543 seconds.
[END] 2025-10-20 21:46:08 - Target: fire

