[START] 2025-10-23 10:55:37 - Target: noop (Train Inference)
args[0] = -i
args[1] = -model
args[3] = -test
args[5] = -target
args[7] = -trees
args[9] = -aucJarPath
cmd.getTestDirVal()data/seaquest/all/noop/train/train_infer/
train_infer
java.io.FileNotFoundException: train_infer\train_infer_bk.txt (No such file or directory)
	at java.io.FileInputStream.open0(Native Method)
	at java.io.FileInputStream.open(FileInputStream.java:195)
	at java.io.FileInputStream.<init>(FileInputStream.java:138)
	at java.io.FileInputStream.<init>(FileInputStream.java:93)
	at edu.wisc.cs.will.Utils.check_disc.checkflagvalues(check_disc.java:23)
	at edu.wisc.cs.will.Boosting.RDN.RunBoostedRDN.main(RunBoostedRDN.java:508)

% Starting an INFERENCE run of bRDN.
% Running on host: xps-np

% Switching to VarIndicator = uppercase.

% Unset'ing VarIndicator.

Resetting the LazyGroundNthArgumentClauseIndex.

% Calling ILPouterLoop from createRegressionOuterLooper.

% getInputArgWithDefaultValue: args=[data/seaquest/all/noop/train/train_infer/train_infer_pos.txt, data/seaquest/all/noop/train/train_infer/train_infer_neg.txt, data/seaquest/all/noop/train/train_infer/train_infer_bk.txt, data/seaquest/all/noop/train/train_infer/train_infer_facts.txt]
%  for N=0: args[N]=data/seaquest/all/noop/train/train_infer/train_infer_pos.txt

% getInputArgWithDefaultValue: args=[data/seaquest/all/noop/train/train_infer/train_infer_pos.txt, data/seaquest/all/noop/train/train_infer/train_infer_neg.txt, data/seaquest/all/noop/train/train_infer/train_infer_bk.txt, data/seaquest/all/noop/train/train_infer/train_infer_facts.txt]
%  for N=1: args[N]=data/seaquest/all/noop/train/train_infer/train_infer_neg.txt

% getInputArgWithDefaultValue: args=[data/seaquest/all/noop/train/train_infer/train_infer_pos.txt, data/seaquest/all/noop/train/train_infer/train_infer_neg.txt, data/seaquest/all/noop/train/train_infer/train_infer_bk.txt, data/seaquest/all/noop/train/train_infer/train_infer_facts.txt]
%  for N=2: args[N]=data/seaquest/all/noop/train/train_infer/train_infer_bk.txt

% getInputArgWithDefaultValue: args=[data/seaquest/all/noop/train/train_infer/train_infer_pos.txt, data/seaquest/all/noop/train/train_infer/train_infer_neg.txt, data/seaquest/all/noop/train/train_infer/train_infer_bk.txt, data/seaquest/all/noop/train/train_infer/train_infer_facts.txt]
%  for N=3: args[N]=data/seaquest/all/noop/train/train_infer/train_infer_facts.txt

% Welcome to the WILL ILP/SRL systems.


% Switching to VarIndicator = uppercase.

% Unset'ing VarIndicator.
% Reading background theory from dir: null

% Switching to VarIndicator = uppercase.

***** Warning: % Since this is the first setting of the notation for variables, will keep:
%   variableIndicator = uppercase *****

% [ LazyGroundClauseIndex ]  Building full index for mode/1 with 1 assertions.
% LoadAllModes() called.  Currently loaded modes: []
% [ LazyGroundClauseIndex ]  Building full index for sameAs/2 with 2 assertions.
% [ LazyGroundNthArgumentClauseIndex ]  Argument 1:  Building full index for exp/3.
% [ LazyGroundNthArgumentClauseIndex ]  Argument 0:  Building full index for log/3.
% LoadAllLibraries() called.  Currently loaded libraries: [listsInLogic, differentInLogic, modes_arithmeticInLogic, inlines_comparisonInLogic, modes_listsInLogic, inlines_differentInLogic, modes_differentInLogic, arithmeticInLogic, inlines_listsInLogic, modes_comparisonInLogic, comparisonInLogic, inlines_arithmeticInLogic]

%  Read the facts.
%  Have read 227,712 facts.
% Have read 3,013 examples from 'data/seaquest/all/noop/train/train_infer' [data/seaquest/all/noop/train/train_infer/train_infer*].
% Have read 8,926 examples from 'data/seaquest/all/noop/train/train_infer' [data/seaquest/all/noop/train/train_infer/train_infer*].

%  LearnOneClause initialized.

% The outer looper has been created.

% Initializing the ILP inner looper.

% NEW target:                 noop(D)
%  targetPred:                noop/1
%  targetArgTypes:            signature = [const], types = [+state]
%  targets:                   [noop(D)]
%  targetPredicates:          [noop/1]
%  targetArgSpecs:            [[D[+state]]]
%  variablesInTargets:        [[D]]

% Started collecting constants

% Collecting the types of constants.

% Looking at the training examples to see if any types of new constants can be inferred.
% Time to collect constants: 659 milliseconds
% Time to collect examples: 0 seconds

% Read 3,013 pos examples and 8,926 neg examples.
% Time to init learnOneClause: 719 milliseconds
% Old dirrdn_models/seaquest/negpos_2_trees_1_depth_3/noop/

% Have 3,013 'raw' positive examples and kept 3,013.
% Have 8,926 'raw' negative examples and kept 8,926.

% processing backup's for noop
%  POS EX = 3,013
%  NEG EX = 8,926

% Memory usage by WILLSetup (just counts # targets?):
%  |backupPosExamples| = 1
%  |backupNegExamples| = 1
%  |predicatesAsFacts| = 0
%  |addedToFactBase|   = 0

% Getting bRDN's target predicates.
% Did not learn a model for 'noop' this run.
%   loadModel (#0): rdn_models/seaquest/negpos_2_trees_1_depth_3/noop/bRDNs/Trees/noopTree0.tree
%  Done loading 1 models.
File: data/seaquest/all/noop/train/train_infer/advice.txt doesnt exist.Hence no advice loaded
% Trying to load weights from: data/seaquest/all/noop/train/train_infer/train_infer_pos_weights.txt

% for noop |lookupPos| = 3,013
% for noop |lookupNeg| = 8,926
% getJointExamples: |pos| = 3,013, |neg| = 8,926

% Starting inference in bRDN.
% Trees = 1

% Starting getMarginalProbabilities.
% [ LazyGroundNthArgumentClauseIndex ]  Argument 0:  Building full index for visibleenemysubmarine/2.
% [ LazyGroundClauseIndex ]  Building full index for belowofsubmarine/2 with 6,872 assertions.
% [ LazyGroundClauseIndex ]  Building full index for diversfull/1 with 1,089 assertions.
% [ LazyGroundClauseIndex ]  Building full index for facingright/1 with 5,458 assertions.
% [ LazyGroundNthArgumentClauseIndex ]  Argument 0:  Building full index for visibleenemy/2.
% [ LazyGroundClauseIndex ]  Building full index for leftofenemy/2 with 13,484 assertions.
% [ LazyGroundClauseIndex ]  Building full index for belowofenemy/2 with 9,919 assertions.
% [ LazyGroundNthArgumentClauseIndex ]  Argument 0:  Building full index for visiblediver/2.
% [ LazyGroundClauseIndex ]  Building full index for diversnotfull/1 with 8,330 assertions.
% [ LazyGroundClauseIndex ]  Building full index for samelevelasdiver/2 with 2,149 assertions.
% [ LazyGroundClauseIndex ]  Building full index for facingleft/1 with 6,339 assertions.
% [ LazyGroundClauseIndex ]  Building full index for nearbydiver/2 with 1,248 assertions.
% [ LazyGroundClauseIndex ]  Building full index for aboveofdiver/2 with 4,120 assertions.
% [ LazyGroundClauseIndex ]  Building full index for rightofsubmarine/2 with 7,520 assertions.
% [ LazyGroundClauseIndex ]  Building full index for aboveofenemy/2 with 19,292 assertions.
% No Gibbs sampling needed during inference.
Best F1 = 1.0
 (Arithmetic) Mean Probability Assigned to Correct Output Class: 8,390.212/11,939.00 = 0.702757

 The weighted count of positive examples = 3,013.000 and the weighted count of negative examples = 8,926.000

printExamples: Writing out predictions (for Tuffy?) on 11,939 examples for 'noop' to:
  data/seaquest/all/noop/train/train_infer/results_noop.db
 and to:
  data/seaquest/all/noop/train/train_infer/query_noop.db
%    No need to compress since small: data/seaquest/all/noop/train/train_infer/query_noop.db

% Computing Area Under Curves.
%Pos=3013
%Neg=8926
%LL:-4344.016045890702
%LL:-5704.71023588459

% Running command: java -jar rdnboost/src/edu/wisc/cs/will/DataSetUtils//auc.jar data/seaquest/all/noop/train/train_infer/AUC/aucTemp.txt list 0.0
% WAITING FOR command: java -jar rdnboost/src/edu/wisc/cs/will/DataSetUtils//auc.jar data/seaquest/all/noop/train/train_infer/AUC/aucTemp.txt list 0.0
% DONE WAITING FOR command: java -jar rdnboost/src/edu/wisc/cs/will/DataSetUtils//auc.jar data/seaquest/all/noop/train/train_infer/AUC/aucTemp.txt list 0.0

%   AUC ROC   = 0.951383
%   AUC PR    = 0.817913
%   CLL	      = -0.477821
%   Precision = 0.682135 at threshold = 0.165
%   Recall    = 0.975772
%   F1        = 0.802950

% Total inference time (1 trees): 4.038 seconds.
[END] 2025-10-23 10:55:41 - Target: noop (Train Inference)
