[START] 2025-10-20 19:08:26 - Target: right
args[0] = -i
args[1] = -model
args[3] = -test
args[5] = -target
args[7] = -trees
args[9] = -aucJarPath
cmd.getTestDirVal()data/seaquest/right/test/
test
java.io.FileNotFoundException: test\test_bk.txt (No such file or directory)
	at java.base/java.io.FileInputStream.open0(Native Method)
	at java.base/java.io.FileInputStream.open(FileInputStream.java:185)
	at java.base/java.io.FileInputStream.<init>(FileInputStream.java:139)
	at java.base/java.io.FileInputStream.<init>(FileInputStream.java:109)
	at edu.wisc.cs.will.Utils.check_disc.checkflagvalues(check_disc.java:23)
	at edu.wisc.cs.will.Boosting.RDN.RunBoostedRDN.main(RunBoostedRDN.java:515)

% Starting an INFERENCE run of bRDN.
% Running on host: Varuns-MacBook-Air

% Switching to VarIndicator = uppercase.

% Unset'ing VarIndicator.

Resetting the LazyGroundNthArgumentClauseIndex.

% Calling ILPouterLoop from createRegressionOuterLooper.

% getInputArgWithDefaultValue: args=[data/seaquest/right/test/test_pos.txt, data/seaquest/right/test/test_neg.txt, data/seaquest/right/test/test_bk.txt, data/seaquest/right/test/test_facts.txt]
%  for N=0: args[N]=data/seaquest/right/test/test_pos.txt

% getInputArgWithDefaultValue: args=[data/seaquest/right/test/test_pos.txt, data/seaquest/right/test/test_neg.txt, data/seaquest/right/test/test_bk.txt, data/seaquest/right/test/test_facts.txt]
%  for N=1: args[N]=data/seaquest/right/test/test_neg.txt

% getInputArgWithDefaultValue: args=[data/seaquest/right/test/test_pos.txt, data/seaquest/right/test/test_neg.txt, data/seaquest/right/test/test_bk.txt, data/seaquest/right/test/test_facts.txt]
%  for N=2: args[N]=data/seaquest/right/test/test_bk.txt

% getInputArgWithDefaultValue: args=[data/seaquest/right/test/test_pos.txt, data/seaquest/right/test/test_neg.txt, data/seaquest/right/test/test_bk.txt, data/seaquest/right/test/test_facts.txt]
%  for N=3: args[N]=data/seaquest/right/test/test_facts.txt

% Welcome to the WILL ILP/SRL systems.


% Switching to VarIndicator = uppercase.

% Unset'ing VarIndicator.
% Reading background theory from dir: null

% Switching to VarIndicator = uppercase.

***** Warning: % Since this is the first setting of the notation for variables, will keep:
%   variableIndicator = uppercase *****

% [ LazyGroundClauseIndex ]  Building full index for mode/1 with 1 assertions.
% LoadAllModes() called.  Currently loaded modes: []
% [ LazyGroundClauseIndex ]  Building full index for sameAs/2 with 2 assertions.
% [ LazyGroundNthArgumentClauseIndex ]  Argument 1:  Building full index for exp/3.
% [ LazyGroundNthArgumentClauseIndex ]  Argument 0:  Building full index for log/3.
% LoadAllLibraries() called.  Currently loaded libraries: [listsInLogic, differentInLogic, modes_arithmeticInLogic, inlines_comparisonInLogic, modes_listsInLogic, inlines_differentInLogic, modes_differentInLogic, arithmeticInLogic, inlines_listsInLogic, modes_comparisonInLogic, comparisonInLogic, inlines_arithmeticInLogic]

%  Read the facts.
%  Have read 56,966 facts.
% Have read 571 examples from 'data/seaquest/right/test' [data/seaquest/right/test/test*].
% Have read 2,414 examples from 'data/seaquest/right/test' [data/seaquest/right/test/test*].

%  LearnOneClause initialized.

% The outer looper has been created.
%     totalPosWeight = 571.0  minPosCoverage = 2.0
%     totalPosWeight = 571.0  minPosCoverage = 14.275
%     totalPosWeight = 571.0  minPosCoverage = 0.025
%     maxPossiblePrecision = 0.9998248993171073  minPrecision = 3.0

% Initializing the ILP inner looper.

% NEW target:                 right(D)
%  targetPred:                right/1
%  targetArgTypes:            signature = [const], types = [+state]
%  targets:                   [right(D)]
%  targetPredicates:          [right/1]
%  targetArgSpecs:            [[D[+state]]]
%  variablesInTargets:        [[D]]

% Started collecting constants

% Collecting the types of constants.

% Looking at the training examples to see if any types of new constants can be inferred.
% Time to collect constants: 105 milliseconds
% Time to collect examples: 0 seconds

% Read 571 pos examples and 2,414 neg examples.
% Time to init learnOneClause: 114 milliseconds
% Old dirrdn_models/seaquest/weighted_1object_negpos_2_trees_1_depth_2/right/

% Have 571 'raw' positive examples and kept 571.
% Have 2,414 'raw' negative examples and kept 2,414.

% processing backup's for right
%  POS EX = 571
%  NEG EX = 2,414

% Memory usage by WILLSetup (just counts # targets?):
%  |backupPosExamples| = 1
%  |backupNegExamples| = 1
%  |predicatesAsFacts| = 0
%  |addedToFactBase|   = 0

% Getting bRDN's target predicates.
% Did not learn a model for 'right' this run.
%   loadModel (#0): rdn_models/seaquest/weighted_1object_negpos_2_trees_1_depth_2/right/bRDNs/Trees/rightTree0.tree
%  Done loading 1 models.
File: data/seaquest/right/test/advice.txt doesnt exist.Hence no advice loaded

% for right |lookupPos| = 571
% for right |lookupNeg| = 2,414
% getJointExamples: |pos| = 571, |neg| = 2,414

% Starting inference in bRDN.
% Trees = 1

% Starting getMarginalProbabilities.
% [ LazyGroundClauseIndex ]  Building full index for facingright/1 with 1,382 assertions.
% [ LazyGroundClauseIndex ]  Building full index for diversnotfull/1 with 2,132 assertions.
% [ LazyGroundNthArgumentClauseIndex ]  Argument 0:  Building full index for visiblediver/2.
% [ LazyGroundClauseIndex ]  Building full index for samelevelasdiver/2 with 544 assertions.
% [ LazyGroundClauseIndex ]  Building full index for leftofdiver/2 with 926 assertions.
% [ LazyGroundNthArgumentClauseIndex ]  Argument 0:  Building full index for visibleenemy/2.
% [ LazyGroundClauseIndex ]  Building full index for samelevelasenemy/2 with 651 assertions.
% [ LazyGroundNthArgumentClauseIndex ]  Argument 0:  Building full index for visiblemissile/2.
% [ LazyGroundClauseIndex ]  Building full index for leftofmissile/2 with 259 assertions.
% No Gibbs sampling needed during inference.
Best F1 = 1.0
 (Arithmetic) Mean Probability Assigned to Correct Output Class: 2,188.035/2,985.00 = 0.733010

 The weighted count of positive examples = 571.000 and the weighted count of negative examples = 2,414.000

printExamples: Writing out predictions (for Tuffy?) on 2,985 examples for 'right' to:
  data/seaquest/right/test/results_right.db
 and to:
  data/seaquest/right/test/query_right.db
%    No need to compress since small: data/seaquest/right/test/query_right.db

% Computing Area Under Curves.
%Pos=571
%Neg=2414
%LL:-863.8468466375575
%LL:-1248.5256505228733

% Running command: java -jar rdnboost/src/edu/wisc/cs/will/DataSetUtils//auc.jar data/seaquest/right/test/AUC/aucTemp.txt list 0.0
% WAITING FOR command: java -jar rdnboost/src/edu/wisc/cs/will/DataSetUtils//auc.jar data/seaquest/right/test/AUC/aucTemp.txt list 0.0
% DONE WAITING FOR command: java -jar rdnboost/src/edu/wisc/cs/will/DataSetUtils//auc.jar data/seaquest/right/test/AUC/aucTemp.txt list 0.0

%   AUC ROC   = 0.913124
%   AUC PR    = 0.723614
%   CLL	      = -0.418267
%   Precision = 0.877119 at threshold = 0.231
%   Recall    = 0.362522
%   F1        = 0.513011

% Total inference time (1 trees): 553 milliseconds.
[END] 2025-10-20 19:08:27 - Target: right

