[START] 2025-11-28 12:23:20 - Action: noop (Train Inference)
args[0] = -i
args[1] = -model
args[3] = -test
args[5] = -target
args[7] = -trees
args[9] = -testNegPosRatio
args[11] = -seed
args[13] = -aucJarPath
cmd.getTestDirVal()rdn_models/seaquest/all/negpos_2_trees_1_depth_2/noop/seed_42/train_infer/
train_infer
java.io.FileNotFoundException: train_infer\train_infer_bk.txt (No such file or directory)
	at java.io.FileInputStream.open0(Native Method)
	at java.io.FileInputStream.open(FileInputStream.java:195)
	at java.io.FileInputStream.<init>(FileInputStream.java:138)
	at java.io.FileInputStream.<init>(FileInputStream.java:93)
	at edu.wisc.cs.will.Utils.check_disc.checkflagvalues(check_disc.java:23)
	at edu.wisc.cs.will.Boosting.RDN.RunBoostedRDN.main(RunBoostedRDN.java:517)

% Starting an INFERENCE run of bRDN.
% Running on host: xps-np

% Switching to VarIndicator = uppercase.

% Unset'ing VarIndicator.

Resetting the LazyGroundNthArgumentClauseIndex.

% Calling ILPouterLoop from createRegressionOuterLooper.

% getInputArgWithDefaultValue: args=[rdn_models/seaquest/all/negpos_2_trees_1_depth_2/noop/seed_42/train_infer/train_infer_pos.txt, rdn_models/seaquest/all/negpos_2_trees_1_depth_2/noop/seed_42/train_infer/train_infer_neg.txt, rdn_models/seaquest/all/negpos_2_trees_1_depth_2/noop/seed_42/train_infer/train_infer_bk.txt, rdn_models/seaquest/all/negpos_2_trees_1_depth_2/noop/seed_42/train_infer/train_infer_facts.txt]
%  for N=0: args[N]=rdn_models/seaquest/all/negpos_2_trees_1_depth_2/noop/seed_42/train_infer/train_infer_pos.txt

% getInputArgWithDefaultValue: args=[rdn_models/seaquest/all/negpos_2_trees_1_depth_2/noop/seed_42/train_infer/train_infer_pos.txt, rdn_models/seaquest/all/negpos_2_trees_1_depth_2/noop/seed_42/train_infer/train_infer_neg.txt, rdn_models/seaquest/all/negpos_2_trees_1_depth_2/noop/seed_42/train_infer/train_infer_bk.txt, rdn_models/seaquest/all/negpos_2_trees_1_depth_2/noop/seed_42/train_infer/train_infer_facts.txt]
%  for N=1: args[N]=rdn_models/seaquest/all/negpos_2_trees_1_depth_2/noop/seed_42/train_infer/train_infer_neg.txt

% getInputArgWithDefaultValue: args=[rdn_models/seaquest/all/negpos_2_trees_1_depth_2/noop/seed_42/train_infer/train_infer_pos.txt, rdn_models/seaquest/all/negpos_2_trees_1_depth_2/noop/seed_42/train_infer/train_infer_neg.txt, rdn_models/seaquest/all/negpos_2_trees_1_depth_2/noop/seed_42/train_infer/train_infer_bk.txt, rdn_models/seaquest/all/negpos_2_trees_1_depth_2/noop/seed_42/train_infer/train_infer_facts.txt]
%  for N=2: args[N]=rdn_models/seaquest/all/negpos_2_trees_1_depth_2/noop/seed_42/train_infer/train_infer_bk.txt

% getInputArgWithDefaultValue: args=[rdn_models/seaquest/all/negpos_2_trees_1_depth_2/noop/seed_42/train_infer/train_infer_pos.txt, rdn_models/seaquest/all/negpos_2_trees_1_depth_2/noop/seed_42/train_infer/train_infer_neg.txt, rdn_models/seaquest/all/negpos_2_trees_1_depth_2/noop/seed_42/train_infer/train_infer_bk.txt, rdn_models/seaquest/all/negpos_2_trees_1_depth_2/noop/seed_42/train_infer/train_infer_facts.txt]
%  for N=3: args[N]=rdn_models/seaquest/all/negpos_2_trees_1_depth_2/noop/seed_42/train_infer/train_infer_facts.txt

% Welcome to the WILL ILP/SRL systems.


% Switching to VarIndicator = uppercase.

% Unset'ing VarIndicator.
% Reading background theory from dir: null

% Switching to VarIndicator = uppercase.

***** Warning: % Since this is the first setting of the notation for variables, will keep:
%   variableIndicator = uppercase *****

% [ LazyGroundClauseIndex ]  Building full index for mode/1 with 1 assertions.
% LoadAllModes() called.  Currently loaded modes: []
% [ LazyGroundClauseIndex ]  Building full index for sameAs/2 with 2 assertions.
% [ LazyGroundNthArgumentClauseIndex ]  Argument 1:  Building full index for exp/3.
% [ LazyGroundNthArgumentClauseIndex ]  Argument 0:  Building full index for log/3.
% LoadAllLibraries() called.  Currently loaded libraries: [listsInLogic, differentInLogic, modes_arithmeticInLogic, inlines_comparisonInLogic, modes_listsInLogic, inlines_differentInLogic, modes_differentInLogic, arithmeticInLogic, inlines_listsInLogic, modes_comparisonInLogic, comparisonInLogic, inlines_arithmeticInLogic]

%  Read the facts.
%  Have read 1,820,826 facts.
% Have read 32,722 examples from 'rdn_models/seaquest/all/negpos_2_trees_1_depth_2/noop/seed_42/train_infer' [rdn_models/seaquest/all/negpos_2_trees_1_depth_2/noop/seed_42/train_infer/train_infer*].
% Have read 245,385 examples from 'rdn_models/seaquest/all/negpos_2_trees_1_depth_2/noop/seed_42/train_infer' [rdn_models/seaquest/all/negpos_2_trees_1_depth_2/noop/seed_42/train_infer/train_infer*].

%  LearnOneClause initialized.

% The outer looper has been created.

% Initializing the ILP inner looper.

% NEW target:                 action(D, E)
%  targetPred:                action/2
%  targetArgTypes:            signature = [const, const], types = [+state, #name]
%  targets:                   [action(D, E)]
%  targetPredicates:          [action/2]
%  targetArgSpecs:            [[D[+state], E[#name]]]
%  variablesInTargets:        [[D, E]]

% Started collecting constants

% Collecting the types of constants.

% Looking at the training examples to see if any types of new constants can be inferred.
% Time to collect constants: 3 seconds
% Time to collect examples: 0 seconds

% Read 32,722 pos examples and 245,385 neg examples.
% Time to init learnOneClause: 3 seconds
% Old dirrdn_models/seaquest/all/negpos_2_trees_1_depth_2/noop/seed_42/

% Have 32,722 'raw' positive examples and kept 32,722.
% Have 245,385 'raw' negative examples and kept 245,385.

% processing backup's for action
%  POS EX = 32,722
%  NEG EX = 245,385

% Memory usage by WILLSetup (just counts # targets?):
%  |backupPosExamples| = 1
%  |backupNegExamples| = 1
%  |predicatesAsFacts| = 0
%  |addedToFactBase|   = 0

% Getting bRDN's target predicates.
% Did not learn a model for 'action' this run.
%   loadModel (#0): rdn_models/seaquest/all/negpos_2_trees_1_depth_2/noop/seed_42/bRDNs/Trees/actionTree0.tree
%  Done loading 1 models.
File: rdn_models/seaquest/all/negpos_2_trees_1_depth_2/noop/seed_42/train_infer/advice.txt doesnt exist.Hence no advice loaded

% for action |lookupPos| = 32,722
% for action |lookupNeg| = 245,385
% getJointExamples: |pos| = 32,722, |neg| = 245,385

% Starting inference in bRDN.
% Initial size of testset negs: 245,385 for action
% Final size of negs: 65,430 for action
% Trees = 1

% Starting getMarginalProbabilities.
% [ LazyGroundNthArgumentClauseIndex ]  Argument 0:  Building full index for visibleenemysubmarine/2.
% [ LazyGroundNthArgumentClauseIndex ]  Argument 0:  Building full index for visibleenemy/2.
% [ LazyGroundClauseIndex ]  Building full index for belowofsubmarine/2 with 71,823 assertions.
% [ LazyGroundNthArgumentClauseIndex ]  Argument 0:  Building full index for visiblemissile/2.
% [ LazyGroundClauseIndex ]  Building full index for aboveofmissile/2 with 21,903 assertions.
% [ LazyGroundClauseIndex ]  Building full index for enemyfacingleft/2 with 105,101 assertions.
% [ LazyGroundNthArgumentClauseIndex ]  Argument 0:  Building full index for visiblediver/2.
% [ LazyGroundClauseIndex ]  Building full index for belowofenemy/2 with 62,775 assertions.
% [ LazyGroundClauseIndex ]  Building full index for samelevelasenemy/2 with 18,267 assertions.
% [ LazyGroundClauseIndex ]  Building full index for nearbyenemy/2 with 14,075 assertions.
% [ LazyGroundClauseIndex ]  Building full index for samelevelasdiver/2 with 11,480 assertions.
% No Gibbs sampling needed during inference.
Best F1 = 1.0
 (Arithmetic) Mean Probability Assigned to Correct Output Class: 62,082.242/98,152.00 = 0.632511

 The weighted count of positive examples = 32,722.000 and the weighted count of negative examples = 65,430.000

printExamples: Writing out predictions (for Tuffy?) on 98,152 examples for 'action' to:
  rdn_models/seaquest/all/negpos_2_trees_1_depth_2/noop/seed_42/train_infer/results_action.db
 and to:
  rdn_models/seaquest/all/negpos_2_trees_1_depth_2/noop/seed_42/train_infer/query_action.db

% Computing Area Under Curves.
%Pos=32722
%Neg=65430
%LL:-52596.38896083607
%LL:-63540.34592218051

% Running command: java -jar rdnboost/src/edu/wisc/cs/will/DataSetUtils//auc.jar rdn_models/seaquest/all/negpos_2_trees_1_depth_2/noop/seed_42/train_infer/AUC/aucTemp.txt list 0.0
% WAITING FOR command: java -jar rdnboost/src/edu/wisc/cs/will/DataSetUtils//auc.jar rdn_models/seaquest/all/negpos_2_trees_1_depth_2/noop/seed_42/train_infer/AUC/aucTemp.txt list 0.0
% DONE WAITING FOR command: java -jar rdnboost/src/edu/wisc/cs/will/DataSetUtils//auc.jar rdn_models/seaquest/all/negpos_2_trees_1_depth_2/noop/seed_42/train_infer/AUC/aucTemp.txt list 0.0

%   AUC ROC   = 0.819429
%   AUC PR    = 0.664577
%   CLL	      = -0.647367
%   Precision = 0.724822 at threshold = 0.183
%   Recall    = 0.706681
%   F1        = 0.715636

% Total inference time (1 trees): 12.237 seconds.
[END] 2025-11-28 12:23:33 - Action: noop (Train Inference)
