[START] 2025-10-29 22:01:40 - Target: horizontal_right
args[0] = -i
args[1] = -model
args[3] = -test
args[5] = -target
args[7] = -trees
args[9] = -aucJarPath
cmd.getTestDirVal()data/seaquest/horizontal/right/test/
test
java.io.FileNotFoundException: test\test_bk.txt (No such file or directory)
	at java.base/java.io.FileInputStream.open0(Native Method)
	at java.base/java.io.FileInputStream.open(FileInputStream.java:185)
	at java.base/java.io.FileInputStream.<init>(FileInputStream.java:139)
	at java.base/java.io.FileInputStream.<init>(FileInputStream.java:109)
	at edu.wisc.cs.will.Utils.check_disc.checkflagvalues(check_disc.java:23)
	at edu.wisc.cs.will.Boosting.RDN.RunBoostedRDN.main(RunBoostedRDN.java:508)

% Starting an INFERENCE run of bRDN.
% Running on host: Varuns-MacBook-Air

% Switching to VarIndicator = uppercase.

% Unset'ing VarIndicator.

Resetting the LazyGroundNthArgumentClauseIndex.

% Calling ILPouterLoop from createRegressionOuterLooper.

% getInputArgWithDefaultValue: args=[data/seaquest/horizontal/right/test/test_pos.txt, data/seaquest/horizontal/right/test/test_neg.txt, data/seaquest/horizontal/right/test/test_bk.txt, data/seaquest/horizontal/right/test/test_facts.txt]
%  for N=0: args[N]=data/seaquest/horizontal/right/test/test_pos.txt

% getInputArgWithDefaultValue: args=[data/seaquest/horizontal/right/test/test_pos.txt, data/seaquest/horizontal/right/test/test_neg.txt, data/seaquest/horizontal/right/test/test_bk.txt, data/seaquest/horizontal/right/test/test_facts.txt]
%  for N=1: args[N]=data/seaquest/horizontal/right/test/test_neg.txt

% getInputArgWithDefaultValue: args=[data/seaquest/horizontal/right/test/test_pos.txt, data/seaquest/horizontal/right/test/test_neg.txt, data/seaquest/horizontal/right/test/test_bk.txt, data/seaquest/horizontal/right/test/test_facts.txt]
%  for N=2: args[N]=data/seaquest/horizontal/right/test/test_bk.txt

% getInputArgWithDefaultValue: args=[data/seaquest/horizontal/right/test/test_pos.txt, data/seaquest/horizontal/right/test/test_neg.txt, data/seaquest/horizontal/right/test/test_bk.txt, data/seaquest/horizontal/right/test/test_facts.txt]
%  for N=3: args[N]=data/seaquest/horizontal/right/test/test_facts.txt

% Welcome to the WILL ILP/SRL systems.


% Switching to VarIndicator = uppercase.

% Unset'ing VarIndicator.
% Reading background theory from dir: null

% Switching to VarIndicator = uppercase.

***** Warning: % Since this is the first setting of the notation for variables, will keep:
%   variableIndicator = uppercase *****

% [ LazyGroundClauseIndex ]  Building full index for mode/1 with 1 assertions.
% LoadAllModes() called.  Currently loaded modes: []
% [ LazyGroundClauseIndex ]  Building full index for sameAs/2 with 2 assertions.
% [ LazyGroundNthArgumentClauseIndex ]  Argument 1:  Building full index for exp/3.
% [ LazyGroundNthArgumentClauseIndex ]  Argument 0:  Building full index for log/3.
% LoadAllLibraries() called.  Currently loaded libraries: [listsInLogic, differentInLogic, modes_arithmeticInLogic, inlines_comparisonInLogic, modes_listsInLogic, inlines_differentInLogic, modes_differentInLogic, arithmeticInLogic, inlines_listsInLogic, modes_comparisonInLogic, comparisonInLogic, inlines_arithmeticInLogic]

%  Read the facts.
%  Have read 66,308 facts.
% Have read 721 examples from 'data/seaquest/horizontal/right/test' [data/seaquest/horizontal/right/test/test*].
% Have read 2,674 examples from 'data/seaquest/horizontal/right/test' [data/seaquest/horizontal/right/test/test*].

%  LearnOneClause initialized.

% The outer looper has been created.

% Initializing the ILP inner looper.

% NEW target:                 horizontal_right(D)
%  targetPred:                horizontal_right/1
%  targetArgTypes:            signature = [const], types = [+state]
%  targets:                   [horizontal_right(D)]
%  targetPredicates:          [horizontal_right/1]
%  targetArgSpecs:            [[D[+state]]]
%  variablesInTargets:        [[D]]

% Started collecting constants

% Collecting the types of constants.

% Looking at the training examples to see if any types of new constants can be inferred.
% Time to collect constants: 115 milliseconds
% Time to collect examples: 0 seconds

% Read 721 pos examples and 2,674 neg examples.
% Time to init learnOneClause: 127 milliseconds
% Old dirrdn_models/seaquest/3class_unweighted_negpos_2_trees_1_depth_3/horizontal/right/

% Have 721 'raw' positive examples and kept 721.
% Have 2,674 'raw' negative examples and kept 2,674.

% processing backup's for horizontal_right
%  POS EX = 721
%  NEG EX = 2,674

% Memory usage by WILLSetup (just counts # targets?):
%  |backupPosExamples| = 1
%  |backupNegExamples| = 1
%  |predicatesAsFacts| = 0
%  |addedToFactBase|   = 0

% Getting bRDN's target predicates.
% Did not learn a model for 'horizontal_right' this run.
%   loadModel (#0): rdn_models/seaquest/3class_unweighted_negpos_2_trees_1_depth_3/horizontal/right/bRDNs/Trees/horizontal_rightTree0.tree
%  Done loading 1 models.
File: data/seaquest/horizontal/right/test/advice.txt doesnt exist.Hence no advice loaded
% Trying to load weights from: data/seaquest/horizontal/right/test/test_pos_weights.txt

% for horizontal_right |lookupPos| = 721
% for horizontal_right |lookupNeg| = 2,674
% getJointExamples: |pos| = 721, |neg| = 2,674

% Starting inference in bRDN.
% Trees = 1

% Starting getMarginalProbabilities.
% [ LazyGroundClauseIndex ]  Building full index for facingright/1 with 1,526 assertions.
% [ LazyGroundClauseIndex ]  Building full index for diversnotfull/1 with 2,477 assertions.
% [ LazyGroundNthArgumentClauseIndex ]  Argument 0:  Building full index for visiblediver/2.
% [ LazyGroundClauseIndex ]  Building full index for leftofdiver/2 with 1,084 assertions.
% [ LazyGroundClauseIndex ]  Building full index for samelevelasdiver/2 with 616 assertions.
% [ LazyGroundClauseIndex ]  Building full index for rightofdiver/2 with 904 assertions.
% [ LazyGroundNthArgumentClauseIndex ]  Argument 0:  Building full index for visibleenemy/2.
% [ LazyGroundClauseIndex ]  Building full index for samelevelasenemy/2 with 885 assertions.
% [ LazyGroundClauseIndex ]  Building full index for leftofenemy/2 with 4,110 assertions.
% [ LazyGroundClauseIndex ]  Building full index for facingleft/1 with 1,835 assertions.
% [ LazyGroundNthArgumentClauseIndex ]  Argument 0:  Building full index for visibleenemysubmarine/2.
% [ LazyGroundClauseIndex ]  Building full index for aboveofdiver/2 with 1,187 assertions.
% [ LazyGroundClauseIndex ]  Building full index for belowofsubmarine/2 with 2,063 assertions.
% [ LazyGroundClauseIndex ]  Building full index for diversempty/1 with 597 assertions.
% [ LazyGroundClauseIndex ]  Building full index for belowofenemy/2 with 2,927 assertions.
% No Gibbs sampling needed during inference.
Best F1 = 1.0
 (Arithmetic) Mean Probability Assigned to Correct Output Class: 2,443.936/3,395.00 = 0.719863

 The weighted count of positive examples = 721.000 and the weighted count of negative examples = 2,674.000

printExamples: Writing out predictions (for Tuffy?) on 3,395 examples for 'horizontal_right' to:
  data/seaquest/horizontal/right/test/results_horizontal_right.db
 and to:
  data/seaquest/horizontal/right/test/query_horizontal_right.db
%    No need to compress since small: data/seaquest/horizontal/right/test/query_horizontal_right.db

% Computing Area Under Curves.
%Pos=721
%Neg=2674
%LL:-1094.7724551635465
%LL:-1519.4127558598145

% Running command: java -jar rdnboost/src/edu/wisc/cs/will/DataSetUtils//auc.jar data/seaquest/horizontal/right/test/AUC/aucTemp.txt list 0.0
% WAITING FOR command: java -jar rdnboost/src/edu/wisc/cs/will/DataSetUtils//auc.jar data/seaquest/horizontal/right/test/AUC/aucTemp.txt list 0.0
% DONE WAITING FOR command: java -jar rdnboost/src/edu/wisc/cs/will/DataSetUtils//auc.jar data/seaquest/horizontal/right/test/AUC/aucTemp.txt list 0.0

%   AUC ROC   = 0.913899
%   AUC PR    = 0.740727
%   CLL	      = -0.447544
%   Precision = 0.798928 at threshold = 0.233
%   Recall    = 0.413315
%   F1        = 0.544790

% Total inference time (1 trees): 647 milliseconds.
[END] 2025-10-29 22:01:41 - Target: horizontal_right

