[START] 2025-11-03 15:10:25 - Target: up (Train Inference)
args[0] = -i
args[1] = -model
args[3] = -test
args[5] = -target
args[7] = -trees
args[9] = -aucJarPath
cmd.getTestDirVal()data/seaquest/all/up/train/train_infer/
train_infer
java.io.FileNotFoundException: train_infer\train_infer_bk.txt (No such file or directory)
	at java.base/java.io.FileInputStream.open0(Native Method)
	at java.base/java.io.FileInputStream.open(FileInputStream.java:185)
	at java.base/java.io.FileInputStream.<init>(FileInputStream.java:139)
	at java.base/java.io.FileInputStream.<init>(FileInputStream.java:109)
	at edu.wisc.cs.will.Utils.check_disc.checkflagvalues(check_disc.java:23)
	at edu.wisc.cs.will.Boosting.RDN.RunBoostedRDN.main(RunBoostedRDN.java:508)

% Starting an INFERENCE run of bRDN.
% Running on host: Varuns-MacBook-Air

% Switching to VarIndicator = uppercase.

% Unset'ing VarIndicator.

Resetting the LazyGroundNthArgumentClauseIndex.

% Calling ILPouterLoop from createRegressionOuterLooper.

% getInputArgWithDefaultValue: args=[data/seaquest/all/up/train/train_infer/train_infer_pos.txt, data/seaquest/all/up/train/train_infer/train_infer_neg.txt, data/seaquest/all/up/train/train_infer/train_infer_bk.txt, data/seaquest/all/up/train/train_infer/train_infer_facts.txt]
%  for N=0: args[N]=data/seaquest/all/up/train/train_infer/train_infer_pos.txt

% getInputArgWithDefaultValue: args=[data/seaquest/all/up/train/train_infer/train_infer_pos.txt, data/seaquest/all/up/train/train_infer/train_infer_neg.txt, data/seaquest/all/up/train/train_infer/train_infer_bk.txt, data/seaquest/all/up/train/train_infer/train_infer_facts.txt]
%  for N=1: args[N]=data/seaquest/all/up/train/train_infer/train_infer_neg.txt

% getInputArgWithDefaultValue: args=[data/seaquest/all/up/train/train_infer/train_infer_pos.txt, data/seaquest/all/up/train/train_infer/train_infer_neg.txt, data/seaquest/all/up/train/train_infer/train_infer_bk.txt, data/seaquest/all/up/train/train_infer/train_infer_facts.txt]
%  for N=2: args[N]=data/seaquest/all/up/train/train_infer/train_infer_bk.txt

% getInputArgWithDefaultValue: args=[data/seaquest/all/up/train/train_infer/train_infer_pos.txt, data/seaquest/all/up/train/train_infer/train_infer_neg.txt, data/seaquest/all/up/train/train_infer/train_infer_bk.txt, data/seaquest/all/up/train/train_infer/train_infer_facts.txt]
%  for N=3: args[N]=data/seaquest/all/up/train/train_infer/train_infer_facts.txt

% Welcome to the WILL ILP/SRL systems.


% Switching to VarIndicator = uppercase.

% Unset'ing VarIndicator.
% Reading background theory from dir: null

% Switching to VarIndicator = uppercase.

***** Warning: % Since this is the first setting of the notation for variables, will keep:
%   variableIndicator = uppercase *****

% [ LazyGroundClauseIndex ]  Building full index for mode/1 with 1 assertions.
% LoadAllModes() called.  Currently loaded modes: []
% [ LazyGroundClauseIndex ]  Building full index for sameAs/2 with 2 assertions.
% [ LazyGroundNthArgumentClauseIndex ]  Argument 1:  Building full index for exp/3.
% [ LazyGroundNthArgumentClauseIndex ]  Argument 0:  Building full index for log/3.
% LoadAllLibraries() called.  Currently loaded libraries: [listsInLogic, differentInLogic, modes_arithmeticInLogic, inlines_comparisonInLogic, modes_listsInLogic, inlines_differentInLogic, modes_differentInLogic, arithmeticInLogic, inlines_listsInLogic, modes_comparisonInLogic, comparisonInLogic, inlines_arithmeticInLogic]

%  Read the facts.
%  Have read 1,820,826 facts.
% Have read 12,274 examples from 'data/seaquest/all/up/train/train_infer' [data/seaquest/all/up/train/train_infer/train_infer*].
% Have read 69,525 examples from 'data/seaquest/all/up/train/train_infer' [data/seaquest/all/up/train/train_infer/train_infer*].

%  LearnOneClause initialized.

% The outer looper has been created.

% Initializing the ILP inner looper.

% NEW target:                 up(D)
%  targetPred:                up/1
%  targetArgTypes:            signature = [const], types = [+state]
%  targets:                   [up(D)]
%  targetPredicates:          [up/1]
%  targetArgSpecs:            [[D[+state]]]
%  variablesInTargets:        [[D]]

% Started collecting constants

% Collecting the types of constants.

% Looking at the training examples to see if any types of new constants can be inferred.
% Time to collect constants: 2 seconds
% Time to collect examples: 0 seconds

% Read 12,274 pos examples and 69,525 neg examples.
% Time to init learnOneClause: 3 seconds
% Old dirrdn_models/seaquest/negpos_2_trees_10_depth_4_per_example_weight_all/up/

% Have 12,274 'raw' positive examples and kept 12,274.
% Have 69,525 'raw' negative examples and kept 69,525.

% processing backup's for up
%  POS EX = 12,274
%  NEG EX = 69,525

% Memory usage by WILLSetup (just counts # targets?):
%  |backupPosExamples| = 1
%  |backupNegExamples| = 1
%  |predicatesAsFacts| = 0
%  |addedToFactBase|   = 0

% Getting bRDN's target predicates.
% Did not learn a model for 'up' this run.
%   loadModel (#0): rdn_models/seaquest/negpos_2_trees_10_depth_4_per_example_weight_all/up/bRDNs/Trees/upTree0.tree
%   loadModel (#1): rdn_models/seaquest/negpos_2_trees_10_depth_4_per_example_weight_all/up/bRDNs/Trees/upTree1.tree
%   loadModel (#2): rdn_models/seaquest/negpos_2_trees_10_depth_4_per_example_weight_all/up/bRDNs/Trees/upTree2.tree
%   loadModel (#3): rdn_models/seaquest/negpos_2_trees_10_depth_4_per_example_weight_all/up/bRDNs/Trees/upTree3.tree
%   loadModel (#4): rdn_models/seaquest/negpos_2_trees_10_depth_4_per_example_weight_all/up/bRDNs/Trees/upTree4.tree
%   loadModel (#5): rdn_models/seaquest/negpos_2_trees_10_depth_4_per_example_weight_all/up/bRDNs/Trees/upTree5.tree
%   loadModel (#6): rdn_models/seaquest/negpos_2_trees_10_depth_4_per_example_weight_all/up/bRDNs/Trees/upTree6.tree
%   loadModel (#7): rdn_models/seaquest/negpos_2_trees_10_depth_4_per_example_weight_all/up/bRDNs/Trees/upTree7.tree
%   loadModel (#8): rdn_models/seaquest/negpos_2_trees_10_depth_4_per_example_weight_all/up/bRDNs/Trees/upTree8.tree
%   loadModel (#9): rdn_models/seaquest/negpos_2_trees_10_depth_4_per_example_weight_all/up/bRDNs/Trees/upTree9.tree
%  Done loading 10 models.
File: data/seaquest/all/up/train/train_infer/advice.txt doesnt exist.Hence no advice loaded
% Trying to load weights from: data/seaquest/all/up/train/train_infer/train_infer_pos_weights.txt

% for up |lookupPos| = 12,274
% for up |lookupNeg| = 69,525
% getJointExamples: |pos| = 12,274, |neg| = 69,525

% Starting inference in bRDN.
% Trees = 10

% Starting getMarginalProbabilities.
% [ LazyGroundNthArgumentClauseIndex ]  Argument 0:  Building full index for visibleenemy/2.
% [ LazyGroundClauseIndex ]  Building full index for belowofenemy/2 with 62,775 assertions.
% [ LazyGroundNthArgumentClauseIndex ]  Argument 0:  Building full index for visibleenemysubmarine/2.
% [ LazyGroundClauseIndex ]  Building full index for belowofsubmarine/2 with 71,823 assertions.
% [ LazyGroundClauseIndex ]  Building full index for diversfull/1 with 6,926 assertions.
% [ LazyGroundClauseIndex ]  Building full index for facingright/1 with 40,821 assertions.
% [ LazyGroundClauseIndex ]  Building full index for rightofsubmarine/2 with 68,023 assertions.
% [ LazyGroundNthArgumentClauseIndex ]  Argument 0:  Building full index for visiblediver/2.
% [ LazyGroundClauseIndex ]  Building full index for belowofdiver/2 with 17,692 assertions.
% [ LazyGroundClauseIndex ]  Building full index for nearbydiver/2 with 9,610 assertions.
% [ LazyGroundNthArgumentClauseIndex ]  Argument 0:  Building full index for visiblemissile/2.
% [ LazyGroundClauseIndex ]  Building full index for belowofmissile/2 with 11,961 assertions.
% [ LazyGroundClauseIndex ]  Building full index for rightofmissile/2 with 15,443 assertions.
% [ LazyGroundClauseIndex ]  Building full index for samelevelasdiver/2 with 11,480 assertions.
% [ LazyGroundClauseIndex ]  Building full index for samelevelasenemy/2 with 18,267 assertions.
% [ LazyGroundClauseIndex ]  Building full index for nearbysubmarine/2 with 12,661 assertions.
% [ LazyGroundClauseIndex ]  Building full index for oxygenok/1 with 79,574 assertions.
% [ LazyGroundClauseIndex ]  Building full index for diversempty/1 with 17,279 assertions.
% [ LazyGroundClauseIndex ]  Building full index for diversnotfull/1 with 55,369 assertions.
% [ LazyGroundClauseIndex ]  Building full index for aboveofenemy/2 with 110,095 assertions.
% [ LazyGroundClauseIndex ]  Building full index for enemyfacingleft/2 with 105,101 assertions.
% [ LazyGroundClauseIndex ]  Building full index for leftofsubmarine/2 with 61,464 assertions.
% [ LazyGroundClauseIndex ]  Building full index for rightofenemy/2 with 79,211 assertions.
% [ LazyGroundClauseIndex ]  Building full index for rightofdiver/2 with 32,449 assertions.
% [ LazyGroundClauseIndex ]  Building full index for leftofdiver/2 with 32,351 assertions.
% [ LazyGroundClauseIndex ]  Building full index for aboveofsubmarine/2 with 64,138 assertions.
% [ LazyGroundClauseIndex ]  Building full index for leftofenemy/2 with 85,341 assertions.
% [ LazyGroundClauseIndex ]  Building full index for facingleft/1 with 38,753 assertions.
% [ LazyGroundClauseIndex ]  Building full index for aboveofdiver/2 with 47,497 assertions.
% [ LazyGroundClauseIndex ]  Building full index for nearbyenemy/2 with 14,075 assertions.
% [ LazyGroundClauseIndex ]  Building full index for nearbymissile/2 with 3,294 assertions.
% [ LazyGroundClauseIndex ]  Building full index for leftofmissile/2 with 12,421 assertions.
% [ LazyGroundClauseIndex ]  Building full index for enemyfacingright/2 with 49,529 assertions.
% [ LazyGroundClauseIndex ]  Building full index for aboveofmissile/2 with 21,903 assertions.
% [ LazyGroundClauseIndex ]  Building full index for samelevelassubmarine/2 with 15,101 assertions.
% No Gibbs sampling needed during inference.
Best F1 = 1.0
 (Arithmetic) Mean Probability Assigned to Correct Output Class: 56,967.559/81,799.00 = 0.696433

 The weighted count of positive examples = 12,274.000 and the weighted count of negative examples = 69,525.000

printExamples: Writing out predictions (for Tuffy?) on 81,799 examples for 'up' to:
  data/seaquest/all/up/train/train_infer/results_up.db
 and to:
  data/seaquest/all/up/train/train_infer/query_up.db

***** Warning: Both regular and gzip'ed versions of this file exist; will use NEWER one:
 data/seaquest/all/up/train/train_infer/query_up.db *****


***** Warning: Both regular and gzip'ed versions of this file exist; will read NEWER one:
 data/seaquest/all/up/train/train_infer/query_up.db *****


% Computing Area Under Curves.
%Pos=12274
%Neg=69525
%LL:-10951.881439634017
%LL:-33233.313753030205

% Running command: java -jar rdnboost/src/edu/wisc/cs/will/DataSetUtils//auc.jar data/seaquest/all/up/train/train_infer/AUC/aucTemp.txt list 0.0
% WAITING FOR command: java -jar rdnboost/src/edu/wisc/cs/will/DataSetUtils//auc.jar data/seaquest/all/up/train/train_infer/AUC/aucTemp.txt list 0.0
% DONE WAITING FOR command: java -jar rdnboost/src/edu/wisc/cs/will/DataSetUtils//auc.jar data/seaquest/all/up/train/train_infer/AUC/aucTemp.txt list 0.0

%   AUC ROC   = 0.800437
%   AUC PR    = 0.435440
%   CLL	      = -0.406280
%   Precision = 0.216848 at threshold = 0.192
%   Recall    = 0.950709
%   F1        = 0.353146

% Total inference time (10 trees): 16.180 seconds.
[END] 2025-11-03 15:10:41 - Target: up (Train Inference)
